
================ SWaT_canon ================
I1 OK: recomputed head == ensemble_final HCcoh+LatAD (max abs diff 0.0e+00); windows 1498, attacks 233, difficult 91, K24=288
I3: test-normal drifted 0.666, drifting communities 7/24 [8, 14, 15, 18, 19, 21, 22]
  subspace test communities [8, 14, 15, 18, 19, 21, 22] -> channels (17): ['AIT201', 'AIT202', 'AIT203', 'AIT401', 'AIT402', 'FIT401', 'AIT501', 'AIT502', 'AIT503', 'AIT504', 'FIT501', 'FIT502', 'FIT503', 'FIT504', 'PIT501', 'PIT502', 'PIT503']

[seed 0] Q1 partition shares: normals {'in_cluster': 0.255, 'valley': 0.11, 'beyond': 0.021, 'off': 0.613} | attacks {'in_cluster': 0.073, 'valley': 0.069, 'beyond': 0.017, 'off': 0.841} | difficult {'in_cluster': 0.187, 'valley': 0.165, 'beyond': 0.044, 'off': 0.604}
  normals by third: T1 valley 0.181 off 0.118 in 0.687 drifted 0.043 | T2 valley 0.095 off 0.796 in 0.056 drifted 1.0 | T3 valley 0.054 off 0.942 in 0.0 drifted 1.0
  Q2a normals: partition x DRIFTED: in_cluster n=323 drifted 0.068 slow-max 1.996 sd, DR pct 0.209 | valley n=139 drifted 0.446 slow-max 2.987 sd, DR pct 0.299 | beyond n=27 drifted 0.778 slow-max 6.506 sd, DR pct 0.392 | off n=776 drifted 0.951 slow-max 59.21 sd, DR pct 0.503  (valley vs drifted Fisher p 1.8455391580391764e-08)
  drifted normals fall in: {'in_cluster': 0.026, 'valley': 0.074, 'beyond': 0.025, 'off': 0.875} ; non-drifted normals: {'in_cluster': 0.713, 'valley': 0.182, 'beyond': 0.014, 'off': 0.09}
  Q2b normals  (n out-of-envelope 942): rho(betweenness, DR) -0.036 p=0.27; rho(betw, slow-max sd) -0.041; rho(perp, DR) +0.327; rho(dh, DR) +0.307; rho(dh, slow-max) +0.364; rho(valley-ind, DR) -0.209; rho(off-ind, DR) +0.699; rho(out-of-env, DR) +0.607; I4 null +0.000
  Q2b attacks  (n out-of-envelope 216): rho(betweenness, DR) +0.434 p=2.4e-11; rho(betw, slow-max sd) +0.153; rho(perp, DR) +0.306; rho(dh, DR) +0.187; rho(dh, slow-max) +0.111; rho(valley-ind, DR) -0.362; rho(off-ind, DR) +0.524; rho(out-of-env, DR) +0.342; I4 null +0.017
  Q2b all      (n out-of-envelope 1158): rho(betweenness, DR) +0.064 p=0.03; rho(betw, slow-max sd) -0.081; rho(perp, DR) +0.345; rho(dh, DR) +0.299; rho(dh, slow-max) +0.257; rho(valley-ind, DR) -0.230; rho(off-ind, DR) +0.669; rho(out-of-env, DR) +0.569; I4 null +0.042
  geometry refit check (seed 0, K=16): home agreement with csv 1.000, partition agreement 1.000
  Q2d direction (out-of-envelope normals n=942): cos(displacement, axis h->j) median 0.345 (>0.7: 0.059); cos(displacement, drift direction) median 0.469 (>0.7: 0.094)
     DRIFTED out-of-envelope normals n=821: cos(axis h->j) median 0.304 (>0.7: 0.024); cos(drift dir) median 0.485 (>0.7: 0.106); t median 0.349, perp/R median 1.338
     late-third normals: nearest-regime dist median 12.947 vs R 6.995 (early third 5.27); inside any regime 0.0; d2/d1 median 1.331; t median 0.334, perp/R median 1.375; home regimes late [7, 11, 8] early [9, 7, 2]
  Q2c subspace drifting_comm_channels (17 ch, K=12, R=5.565): normals {'in_cluster': 0.158, 'valley': 0.067, 'beyond': 0.014, 'off': 0.76} attacks {'in_cluster': 0.073, 'valley': 0.052, 'beyond': 0.004, 'off': 0.871}
       normals by third: T1 valley 0.193 off 0.313 in 0.454 | T2 valley 0.0 off 1.0 in 0.0 | T3 valley 0.0 off 1.0 in 0.0; drifted normals {'in_cluster': 0.0, 'valley': 0.0, 'beyond': 0.0, 'off': 1.0}; rho(betw, DR) normals -0.369 p=1.3e-35; late inside-regime 0.0, perp/R 2.475
  Q2c subspace other_channels (34 ch, K=16, R=7.598): normals {'in_cluster': 0.696, 'valley': 0.055, 'beyond': 0.041, 'off': 0.208} attacks {'in_cluster': 0.245, 'valley': 0.039, 'beyond': 0.026, 'off': 0.691}
       normals by third: T1 valley 0.043 off 0.032 in 0.902 | T2 valley 0.05 off 0.285 in 0.623 | T3 valley 0.071 off 0.315 in 0.556; drifted normals {'in_cluster': 0.588, 'valley': 0.064, 'beyond': 0.051, 'off': 0.297}; rho(betw, DR) normals -0.104 p=0.042; late inside-regime 0.556, perp/R 0.493
  Q3 attacks in_cluster  n=  17 (diff  17): flagged head 0.118 cp 0.118; typed {'changepoint': 1.0, 'drift': 0.0, 'subthreshold': 0.0}; drifted 0.0; AUROC head/cp/dr 0.142/0.559/0.12; global pct head/cp 0.121/0.572; era-local head/cp 0.33/0.452
  Q3 attacks valley      n=  16 (diff  15): flagged head 0.812 cp 0.5; typed {'changepoint': 0.615, 'drift': 0.308, 'subthreshold': 0.077}; drifted 0.25; AUROC head/cp/dr 0.284/0.87/0.139; global pct head/cp 0.256/0.939; era-local head/cp 0.75/0.936
  Q3 attacks beyond      n=   4 (diff   4): flagged head 0.75 cp 0.0; typed {'changepoint': 0.0, 'drift': 1.0, 'subthreshold': 0.0}; drifted 0.75; AUROC head/cp/dr 0.34/0.672/0.411; global pct head/cp 0.309/0.783; era-local head/cp 0.35/0.531
  Q3 attacks off         n= 196 (diff  55): flagged head 1.0 cp 0.765; typed {'changepoint': 0.765, 'drift': 0.224, 'subthreshold': 0.01}; drifted 0.852; AUROC head/cp/dr 0.907/0.924/0.664; global pct head/cp 0.999/0.997; era-local head/cp 0.998/0.998
  Q3 attacks all         n= 233 (diff  91): flagged head 0.918 cp 0.687; typed {'changepoint': 0.748, 'drift': 0.238, 'subthreshold': 0.014}; drifted 0.747; AUROC head/cp/dr 0.798/0.889/0.584; global pct head/cp 0.997/0.997; era-local head/cp 0.998/0.998

[seed 1] Q1 partition shares: normals {'in_cluster': 0.24, 'valley': 0.123, 'beyond': 0.047, 'off': 0.591} | attacks {'in_cluster': 0.064, 'valley': 0.077, 'beyond': 0.013, 'off': 0.845} | difficult {'in_cluster': 0.165, 'valley': 0.165, 'beyond': 0.033, 'off': 0.637}
  normals by third: T1 valley 0.19 off 0.134 in 0.649 drifted 0.043 | T2 valley 0.106 off 0.779 in 0.045 drifted 1.0 | T3 valley 0.071 off 0.88 in 0.002 drifted 1.0
  Q2a normals: partition x DRIFTED: in_cluster n=303 drifted 0.056 slow-max 1.996 sd, DR pct 0.209 | valley n=155 drifted 0.51 slow-max 3.319 sd, DR pct 0.322 | beyond n=59 drifted 0.814 slow-max 32.562 sd, DR pct 0.503 | off n=748 drifted 0.934 slow-max 59.21 sd, DR pct 0.503  (valley vs drifted Fisher p 1.6971935006838187e-05)
  drifted normals fall in: {'in_cluster': 0.02, 'valley': 0.094, 'beyond': 0.057, 'off': 0.829} ; non-drifted normals: {'in_cluster': 0.678, 'valley': 0.18, 'beyond': 0.026, 'off': 0.116}
  Q2b normals  (n out-of-envelope 962): rho(betweenness, DR) -0.078 p=0.016; rho(betw, slow-max sd) -0.014; rho(perp, DR) +0.285; rho(dh, DR) +0.365; rho(dh, slow-max) +0.411; rho(valley-ind, DR) -0.174; rho(off-ind, DR) +0.599; rho(out-of-env, DR) +0.575; I4 null +0.049
  Q2b attacks  (n out-of-envelope 218): rho(betweenness, DR) +0.507 p=1.2e-15; rho(betw, slow-max sd) +0.245; rho(perp, DR) +0.258; rho(dh, DR) +0.152; rho(dh, slow-max) +0.169; rho(valley-ind, DR) -0.373; rho(off-ind, DR) +0.478; rho(out-of-env, DR) +0.289; I4 null +0.024
  Q2b all      (n out-of-envelope 1180): rho(betweenness, DR) +0.050 p=0.089; rho(betw, slow-max sd) -0.055; rho(perp, DR) +0.302; rho(dh, DR) +0.335; rho(dh, slow-max) +0.321; rho(valley-ind, DR) -0.205; rho(off-ind, DR) +0.576; rho(out-of-env, DR) +0.533; I4 null -0.053
  geometry refit check (seed 1, K=16): home agreement with csv 1.000, partition agreement 1.000
  Q2d direction (out-of-envelope normals n=962): cos(displacement, axis h->j) median 0.309 (>0.7: 0.09); cos(displacement, drift direction) median 0.488 (>0.7: 0.155)
     DRIFTED out-of-envelope normals n=826: cos(axis h->j) median 0.287 (>0.7: 0.063); cos(drift dir) median 0.518 (>0.7: 0.178); t median 0.333, perp/R median 1.262
     late-third normals: nearest-regime dist median 13.706 vs R 6.898 (early third 5.77); inside any regime 0.002; d2/d1 median 1.234; t median 0.284, perp/R median 1.267; home regimes late [7, 2, 0] early [4, 7, 13]
  Q2c subspace drifting_comm_channels (17 ch, K=16, R=5.646): normals {'in_cluster': 0.123, 'valley': 0.07, 'beyond': 0.018, 'off': 0.789} attacks {'in_cluster': 0.06, 'valley': 0.043, 'beyond': 0.021, 'off': 0.876}
       normals by third: T1 valley 0.197 off 0.399 in 0.351 | T2 valley 0.006 off 0.994 in 0.0 | T3 valley 0.0 off 1.0 in 0.0; drifted normals {'in_cluster': 0.0, 'valley': 0.002, 'beyond': 0.0, 'off': 0.998}; rho(betw, DR) normals -0.106 p=0.00043; late inside-regime 0.0, perp/R 3.229
  Q2c subspace other_channels (34 ch, K=16, R=7.513): normals {'in_cluster': 0.675, 'valley': 0.038, 'beyond': 0.043, 'off': 0.244} attacks {'in_cluster': 0.18, 'valley': 0.073, 'beyond': 0.021, 'off': 0.725}
       normals by third: T1 valley 0.029 off 0.057 in 0.884 | T2 valley 0.05 off 0.31 in 0.592 | T3 valley 0.036 off 0.371 in 0.541; drifted normals {'in_cluster': 0.565, 'valley': 0.045, 'beyond': 0.05, 'off': 0.34}; rho(betw, DR) normals +0.017 p=0.74; late inside-regime 0.541, perp/R 0.487
  Q3 attacks in_cluster  n=  15 (diff  15): flagged head 0.133 cp 0.0; typed {'changepoint': 0.0, 'drift': 1.0, 'subthreshold': 0.0}; drifted 0.133; AUROC head/cp/dr 0.163/0.469/0.187; global pct head/cp 0.121/0.47; era-local head/cp 0.308/0.324
  Q3 attacks valley      n=  18 (diff  15): flagged head 0.667 cp 0.444; typed {'changepoint': 0.667, 'drift': 0.25, 'subthreshold': 0.083}; drifted 0.167; AUROC head/cp/dr 0.279/0.86/0.14; global pct head/cp 0.252/0.913; era-local head/cp 0.635/0.912
  Q3 attacks beyond      n=   3 (diff   3): flagged head 1.0 cp 0.0; typed {'changepoint': 0.0, 'drift': 1.0, 'subthreshold': 0.0}; drifted 1.0; AUROC head/cp/dr 0.609/0.609/0.609; global pct head/cp 0.575/0.763; era-local head/cp 0.357/0.642
  Q3 attacks off         n= 197 (diff  58): flagged head 1.0 cp 0.772; typed {'changepoint': 0.772, 'drift': 0.218, 'subthreshold': 0.01}; drifted 0.843; AUROC head/cp/dr 0.897/0.928/0.654; global pct head/cp 0.999/0.997; era-local head/cp 0.998/0.998
  Q3 attacks all         n= 233 (diff  91): flagged head 0.918 cp 0.687; typed {'changepoint': 0.748, 'drift': 0.238, 'subthreshold': 0.014}; drifted 0.747; AUROC head/cp/dr 0.798/0.889/0.584; global pct head/cp 0.997/0.997; era-local head/cp 0.998/0.998

[seed 2] Q1 partition shares: normals {'in_cluster': 0.241, 'valley': 0.128, 'beyond': 0.026, 'off': 0.605} | attacks {'in_cluster': 0.073, 'valley': 0.09, 'beyond': 0.03, 'off': 0.807} | difficult {'in_cluster': 0.187, 'valley': 0.209, 'beyond': 0.066, 'off': 0.538}
  normals by third: T1 valley 0.156 off 0.161 in 0.658 drifted 0.043 | T2 valley 0.12 off 0.807 in 0.039 drifted 1.0 | T3 valley 0.107 off 0.869 in 0.002 drifted 1.0
  Q2a normals: partition x DRIFTED: in_cluster n=305 drifted 0.052 slow-max 1.996 sd, DR pct 0.203 | valley n=162 drifted 0.611 slow-max 6.325 sd, DR pct 0.388 | beyond n=33 drifted 0.667 slow-max 6.861 sd, DR pct 0.404 | off n=765 drifted 0.923 slow-max 58.943 sd, DR pct 0.503  (valley vs drifted Fisher p 0.1290103830150185)
  drifted normals fall in: {'in_cluster': 0.019, 'valley': 0.117, 'beyond': 0.026, 'off': 0.837} ; non-drifted normals: {'in_cluster': 0.685, 'valley': 0.149, 'beyond': 0.026, 'off': 0.14}
  Q2b normals  (n out-of-envelope 960): rho(betweenness, DR) +0.081 p=0.012; rho(betw, slow-max sd) +0.044; rho(perp, DR) +0.322; rho(dh, DR) +0.396; rho(dh, slow-max) +0.434; rho(valley-ind, DR) -0.088; rho(off-ind, DR) +0.581; rho(out-of-env, DR) +0.584; I4 null +0.001
  Q2b attacks  (n out-of-envelope 216): rho(betweenness, DR) +0.266 p=7.8e-05; rho(betw, slow-max sd) +0.136; rho(perp, DR) +0.251; rho(dh, DR) +0.180; rho(dh, slow-max) +0.185; rho(valley-ind, DR) -0.373; rho(off-ind, DR) +0.578; rho(out-of-env, DR) +0.326; I4 null -0.100
  Q2b all      (n out-of-envelope 1176): rho(betweenness, DR) +0.105 p=0.0003; rho(betw, slow-max sd) +0.067; rho(perp, DR) +0.344; rho(dh, DR) +0.373; rho(dh, slow-max) +0.342; rho(valley-ind, DR) -0.134; rho(off-ind, DR) +0.579; rho(out-of-env, DR) +0.545; I4 null +0.022
  geometry refit check (seed 2, K=16): home agreement with csv 1.000, partition agreement 1.000
  Q2d direction (out-of-envelope normals n=960): cos(displacement, axis h->j) median 0.356 (>0.7: 0.06); cos(displacement, drift direction) median 0.495 (>0.7: 0.256)
     DRIFTED out-of-envelope normals n=827: cos(axis h->j) median 0.343 (>0.7: 0.036); cos(drift dir) median 0.551 (>0.7: 0.293); t median 0.396, perp/R median 1.308
     late-third normals: nearest-regime dist median 13.082 vs R 6.699 (early third 5.671); inside any regime 0.002; d2/d1 median 1.335; t median 0.372, perp/R median 1.336; home regimes late [5, 3, 0] early [7, 3, 15]
  Q2c subspace drifting_comm_channels (17 ch, K=12, R=5.689): normals {'in_cluster': 0.165, 'valley': 0.066, 'beyond': 0.015, 'off': 0.753} attacks {'in_cluster': 0.073, 'valley': 0.052, 'beyond': 0.004, 'off': 0.871}
       normals by third: T1 valley 0.19 off 0.293 in 0.474 | T2 valley 0.0 off 1.0 in 0.0 | T3 valley 0.0 off 1.0 in 0.0; drifted normals {'in_cluster': 0.0, 'valley': 0.001, 'beyond': 0.0, 'off': 0.999}; rho(betw, DR) normals -0.353 p=2.4e-32; late inside-regime 0.0, perp/R 2.431
  Q2c subspace other_channels (34 ch, K=16, R=7.182): normals {'in_cluster': 0.702, 'valley': 0.024, 'beyond': 0.025, 'off': 0.249} attacks {'in_cluster': 0.253, 'valley': 0.034, 'beyond': 0.03, 'off': 0.682}
       normals by third: T1 valley 0.016 off 0.054 in 0.907 | T2 valley 0.022 off 0.327 in 0.626 | T3 valley 0.032 off 0.373 in 0.567; drifted normals {'in_cluster': 0.595, 'valley': 0.028, 'beyond': 0.027, 'off': 0.349}; rho(betw, DR) normals -0.057 p=0.27; late inside-regime 0.567, perp/R 0.533
  Q3 attacks in_cluster  n=  17 (diff  17): flagged head 0.235 cp 0.059; typed {'changepoint': 0.25, 'drift': 0.5, 'subthreshold': 0.25}; drifted 0.118; AUROC head/cp/dr 0.183/0.555/0.16; global pct head/cp 0.132/0.572; era-local head/cp 0.335/0.373
  Q3 attacks valley      n=  21 (diff  19): flagged head 0.762 cp 0.429; typed {'changepoint': 0.562, 'drift': 0.375, 'subthreshold': 0.062}; drifted 0.286; AUROC head/cp/dr 0.338/0.859/0.197; global pct head/cp 0.277/0.913; era-local head/cp 0.656/0.92
  Q3 attacks beyond      n=   7 (diff   6): flagged head 0.857 cp 0.714; typed {'changepoint': 0.833, 'drift': 0.167, 'subthreshold': 0.0}; drifted 0.143; AUROC head/cp/dr 0.388/0.779/0.152; global pct head/cp 0.283/0.968; era-local head/cp 0.934/0.971
  Q3 attacks off         n= 188 (diff  49): flagged head 1.0 cp 0.771; typed {'changepoint': 0.771, 'drift': 0.223, 'subthreshold': 0.005}; drifted 0.878; AUROC head/cp/dr 0.921/0.927/0.681; global pct head/cp 0.999/0.997; era-local head/cp 0.998/0.998
  Q3 attacks all         n= 233 (diff  91): flagged head 0.918 cp 0.687; typed {'changepoint': 0.748, 'drift': 0.238, 'subthreshold': 0.014}; drifted 0.747; AUROC head/cp/dr 0.798/0.889/0.584; global pct head/cp 0.997/0.997; era-local head/cp 0.998/0.998
[SWaT_canon done in 10s] saved -> E:\Projects\Backlog\LatAD\poc\_diagnostics\a8_drift_unification.json

ALL DONE
