
================ HAI ================
I1 OK: recomputed head == ensemble_final HCcoh+LatAD (max abs diff 0.0e+00); windows 14819, attacks 652, difficult 167, K24=2880
I3: test-normal drifted 0.297, drifting communities 0/28 []
  subspace test communities [1, 11] -> channels (7): ['P1_LCV01D', 'P1_LCV01Z', 'P1_PCV02Z', 'P1_PIT01', 'P2_SD01', 'P2_SIT01', 'P4_ST_PT01']

[seed 0] Q1 partition shares: normals {'in_cluster': 0.866, 'valley': 0.013, 'beyond': 0.046, 'off': 0.075} | attacks {'in_cluster': 0.324, 'valley': 0.003, 'beyond': 0.02, 'off': 0.653} | difficult {'in_cluster': 0.707, 'valley': 0.0, 'beyond': 0.048, 'off': 0.246}
  normals by third: T1 valley 0.023 off 0.067 in 0.814 drifted 0.73 | T2 valley 0.007 off 0.158 in 0.825 drifted 0.0 | T3 valley 0.008 off 0.002 in 0.959 drifted 0.154
  Q2a normals: partition x DRIFTED: in_cluster n=12269 drifted 0.279 slow-max 0.604 sd, DR pct 0.477 | valley n=180 drifted 0.617 slow-max 1886.707 sd, DR pct 0.713 | beyond n=651 drifted 0.641 slow-max 1853.997 sd, DR pct 0.713 | off n=1067 drifted 0.249 slow-max 0.689 sd, DR pct 0.559  (valley vs drifted Fisher p 5.242286057799013e-19)
  drifted normals fall in: {'in_cluster': 0.812, 'valley': 0.026, 'beyond': 0.099, 'off': 0.063} ; non-drifted normals: {'in_cluster': 0.889, 'valley': 0.007, 'beyond': 0.024, 'off': 0.08}
  Q2b normals  (n out-of-envelope 1898): rho(betweenness, DR) +0.009 p=0.69; rho(betw, slow-max sd) +0.101; rho(perp, DR) -0.237; rho(dh, DR) -0.061; rho(dh, slow-max) -0.116; rho(valley-ind, DR) +0.044; rho(off-ind, DR) +0.063; rho(out-of-env, DR) +0.136; I4 null +0.012
  Q2b attacks  (n out-of-envelope 441): rho(betweenness, DR) -0.142 p=0.0027; rho(betw, slow-max sd) +0.049; rho(perp, DR) +0.111; rho(dh, DR) +0.144; rho(dh, slow-max) -0.116; rho(valley-ind, DR) +0.079; rho(off-ind, DR) -0.016; rho(out-of-env, DR) -0.005; I4 null -0.026
  Q2b all      (n out-of-envelope 2339): rho(betweenness, DR) -0.056 p=0.0071; rho(betw, slow-max sd) +0.041; rho(perp, DR) -0.335; rho(dh, DR) -0.184; rho(dh, slow-max) -0.211; rho(valley-ind, DR) +0.046; rho(off-ind, DR) -0.002; rho(out-of-env, DR) +0.078; I4 null -0.007
  geometry refit check (seed 0, K=16): home agreement with csv 1.000, partition agreement 1.000
  Q2d direction (out-of-envelope normals n=1898): cos(displacement, axis h->j) median 0.177 (>0.7: 0.324); cos(displacement, drift direction) median 0.34 (>0.7: 0.0)
     DRIFTED out-of-envelope normals n=794: cos(axis h->j) median 0.723 (>0.7: 0.515); cos(drift dir) median 0.557 (>0.7: 0.0); t median 0.994, perp/R median 0.809
     late-third normals: nearest-regime dist median 3.436 vs R 4.478 (early third 3.376); inside any regime 0.959; d2/d1 median 1.172; t median 0.118, perp/R median 0.531; home regimes late [0, 2, 9] early [0, 6, 9]
  Q2c subspace drifting_comm_channels (7 ch, K=16, R=4.541): normals {'in_cluster': 0.942, 'valley': 0.03, 'beyond': 0.005, 'off': 0.023} attacks {'in_cluster': 0.331, 'valley': 0.008, 'beyond': 0.028, 'off': 0.633}
       normals by third: T1 valley 0.069 off 0.047 in 0.875 | T2 valley 0.004 off 0.009 in 0.984 | T3 valley 0.015 off 0.013 in 0.969; drifted normals {'in_cluster': 0.883, 'valley': 0.066, 'beyond': 0.008, 'off': 0.042}; rho(betw, DR) normals -0.026 p=0.45; late inside-regime 0.969, perp/R 0.494
  Q2c subspace other_channels (52 ch, K=16, R=4.78): normals {'in_cluster': 0.867, 'valley': 0.016, 'beyond': 0.022, 'off': 0.095} attacks {'in_cluster': 0.334, 'valley': 0.011, 'beyond': 0.038, 'off': 0.617}
       normals by third: T1 valley 0.006 off 0.127 in 0.852 | T2 valley 0.021 off 0.156 in 0.813 | T3 valley 0.02 off 0.003 in 0.935; drifted normals {'in_cluster': 0.854, 'valley': 0.006, 'beyond': 0.011, 'off': 0.13}; rho(betw, DR) normals +0.205 p=2.7e-19; late inside-regime 0.935, perp/R 0.548
  Q3 attacks in_cluster  n= 211 (diff 118): flagged head 0.72 cp 0.46; typed {'changepoint': 0.638, 'drift': 0.151, 'subthreshold': 0.211}; drifted 0.313; AUROC head/cp/dr 0.853/0.841/0.38; global pct head/cp 0.929/0.926; era-local head/cp 0.952/0.939
  Q3 attacks valley      n=   2 (diff   0): flagged head 0.5 cp 0.5; typed {'changepoint': 1.0, 'drift': 0.0, 'subthreshold': 0.0}; drifted 1.0; AUROC head/cp/dr 0.917/0.781/0.847; global pct head/cp 0.917/0.781; era-local head/cp 0.894/0.812
  Q3 attacks beyond      n=  13 (diff   8): flagged head 0.923 cp 0.846; typed {'changepoint': 0.917, 'drift': 0.0, 'subthreshold': 0.083}; drifted 0.154; AUROC head/cp/dr 0.979/0.975/0.332; global pct head/cp 0.999/0.998; era-local head/cp 0.998/0.998
  Q3 attacks off         n= 426 (diff  41): flagged head 1.0 cp 0.972; typed {'changepoint': 0.972, 'drift': 0.007, 'subthreshold': 0.021}; drifted 0.108; AUROC head/cp/dr 0.997/0.996/0.308; global pct head/cp 0.999/0.999; era-local head/cp 0.999/0.999
  Q3 attacks all         n= 652 (diff 167): flagged head 0.906 cp 0.802; typed {'changepoint': 0.885, 'drift': 0.044, 'subthreshold': 0.071}; drifted 0.178; AUROC head/cp/dr 0.95/0.944/0.333; global pct head/cp 0.999/0.998; era-local head/cp 0.999/0.999

[seed 1] Q1 partition shares: normals {'in_cluster': 0.859, 'valley': 0.017, 'beyond': 0.06, 'off': 0.064} | attacks {'in_cluster': 0.314, 'valley': 0.006, 'beyond': 0.023, 'off': 0.656} | difficult {'in_cluster': 0.701, 'valley': 0.012, 'beyond': 0.048, 'off': 0.24}
  normals by third: T1 valley 0.023 off 0.032 in 0.82 drifted 0.73 | T2 valley 0.01 off 0.158 in 0.81 drifted 0.0 | T3 valley 0.017 off 0.002 in 0.947 drifted 0.154
  Q2a normals: partition x DRIFTED: in_cluster n=12175 drifted 0.283 slow-max 0.609 sd, DR pct 0.483 | valley n=237 drifted 0.473 slow-max 0.814 sd, DR pct 0.643 | beyond n=854 drifted 0.603 slow-max 1844.253 sd, DR pct 0.713 | off n=901 drifted 0.152 slow-max 0.684 sd, DR pct 0.547  (valley vs drifted Fisher p 1.059646276502823e-08)
  drifted normals fall in: {'in_cluster': 0.819, 'valley': 0.027, 'beyond': 0.122, 'off': 0.033} ; non-drifted normals: {'in_cluster': 0.877, 'valley': 0.013, 'beyond': 0.034, 'off': 0.077}
  Q2b normals  (n out-of-envelope 1992): rho(betweenness, DR) +0.062 p=0.0055; rho(betw, slow-max sd) +0.091; rho(perp, DR) -0.172; rho(dh, DR) +0.061; rho(dh, slow-max) +0.041; rho(valley-ind, DR) +0.016; rho(off-ind, DR) +0.038; rho(out-of-env, DR) +0.098; I4 null -0.016
  Q2b attacks  (n out-of-envelope 447): rho(betweenness, DR) -0.194 p=3.8e-05; rho(betw, slow-max sd) +0.046; rho(perp, DR) +0.119; rho(dh, DR) +0.152; rho(dh, slow-max) -0.120; rho(valley-ind, DR) +0.018; rho(off-ind, DR) -0.014; rho(out-of-env, DR) -0.016; I4 null +0.008
  Q2b all      (n out-of-envelope 2439): rho(betweenness, DR) +0.022 p=0.29; rho(betw, slow-max sd) +0.068; rho(perp, DR) -0.266; rho(dh, DR) -0.085; rho(dh, slow-max) -0.092; rho(valley-ind, DR) +0.018; rho(off-ind, DR) -0.027; rho(out-of-env, DR) +0.044; I4 null +0.009
  geometry refit check (seed 1, K=16): home agreement with csv 1.000, partition agreement 1.000
  Q2d direction (out-of-envelope normals n=1992): cos(displacement, axis h->j) median 0.258 (>0.7: 0.413); cos(displacement, drift direction) median 0.296 (>0.7: 0.0)
     DRIFTED out-of-envelope normals n=764: cos(axis h->j) median 0.816 (>0.7: 0.674); cos(drift dir) median 0.529 (>0.7: 0.0); t median 1.28, perp/R median 0.713
     late-third normals: nearest-regime dist median 3.542 vs R 4.51 (early third 3.582); inside any regime 0.947; d2/d1 median 1.162; t median 0.078, perp/R median 0.557; home regimes late [0, 4, 7] early [0, 5, 7]
  Q2c subspace drifting_comm_channels (7 ch, K=16, R=4.78): normals {'in_cluster': 0.945, 'valley': 0.036, 'beyond': 0.006, 'off': 0.013} attacks {'in_cluster': 0.319, 'valley': 0.015, 'beyond': 0.011, 'off': 0.655}
       normals by third: T1 valley 0.086 off 0.016 in 0.885 | T2 valley 0.002 off 0.013 in 0.982 | T3 valley 0.018 off 0.011 in 0.968; drifted normals {'in_cluster': 0.888, 'valley': 0.081, 'beyond': 0.013, 'off': 0.018}; rho(betw, DR) normals +0.036 p=0.32; late inside-regime 0.968, perp/R 0.478
  Q2c subspace other_channels (52 ch, K=16, R=4.684): normals {'in_cluster': 0.839, 'valley': 0.017, 'beyond': 0.047, 'off': 0.097} attacks {'in_cluster': 0.298, 'valley': 0.011, 'beyond': 0.052, 'off': 0.64}
       normals by third: T1 valley 0.006 off 0.126 in 0.824 | T2 valley 0.02 off 0.161 in 0.781 | T3 valley 0.024 off 0.005 in 0.912; drifted normals {'in_cluster': 0.835, 'valley': 0.006, 'beyond': 0.026, 'off': 0.132}; rho(betw, DR) normals +0.214 p=5.7e-25; late inside-regime 0.912, perp/R 0.565
  Q3 attacks in_cluster  n= 205 (diff 117): flagged head 0.712 cp 0.459; typed {'changepoint': 0.644, 'drift': 0.137, 'subthreshold': 0.219}; drifted 0.317; AUROC head/cp/dr 0.85/0.837/0.385; global pct head/cp 0.928/0.923; era-local head/cp 0.947/0.932
  Q3 attacks valley      n=   4 (diff   2): flagged head 1.0 cp 0.5; typed {'changepoint': 0.5, 'drift': 0.25, 'subthreshold': 0.25}; drifted 0.5; AUROC head/cp/dr 0.959/0.952/0.478; global pct head/cp 0.961/0.95; era-local head/cp 0.981/0.961
  Q3 attacks beyond      n=  15 (diff   8): flagged head 0.867 cp 0.8; typed {'changepoint': 0.923, 'drift': 0.0, 'subthreshold': 0.077}; drifted 0.067; AUROC head/cp/dr 0.955/0.956/0.272; global pct head/cp 0.996/0.996; era-local head/cp 0.996/0.996
  Q3 attacks off         n= 428 (diff  40): flagged head 1.0 cp 0.97; typed {'changepoint': 0.97, 'drift': 0.012, 'subthreshold': 0.019}; drifted 0.112; AUROC head/cp/dr 0.997/0.995/0.309; global pct head/cp 0.999/0.999; era-local head/cp 0.999/0.999
  Q3 attacks all         n= 652 (diff 167): flagged head 0.906 cp 0.802; typed {'changepoint': 0.885, 'drift': 0.044, 'subthreshold': 0.071}; drifted 0.178; AUROC head/cp/dr 0.95/0.944/0.333; global pct head/cp 0.999/0.998; era-local head/cp 0.999/0.999

[seed 2] Q1 partition shares: normals {'in_cluster': 0.889, 'valley': 0.013, 'beyond': 0.038, 'off': 0.06} | attacks {'in_cluster': 0.322, 'valley': 0.005, 'beyond': 0.011, 'off': 0.663} | difficult {'in_cluster': 0.707, 'valley': 0.012, 'beyond': 0.024, 'off': 0.257}
  normals by third: T1 valley 0.023 off 0.025 in 0.877 drifted 0.73 | T2 valley 0.007 off 0.155 in 0.829 drifted 0.0 | T3 valley 0.009 off 0.003 in 0.96 drifted 0.154
  Q2a normals: partition x DRIFTED: in_cluster n=12595 drifted 0.291 slow-max 0.609 sd, DR pct 0.485 | valley n=180 drifted 0.567 slow-max 1853.896 sd, DR pct 0.713 | beyond n=535 drifted 0.636 slow-max 1852.413 sd, DR pct 0.713 | off n=857 drifted 0.127 slow-max 0.682 sd, DR pct 0.546  (valley vs drifted Fisher p 5.105069360214965e-14)
  drifted normals fall in: {'in_cluster': 0.869, 'valley': 0.024, 'beyond': 0.081, 'off': 0.026} ; non-drifted normals: {'in_cluster': 0.897, 'valley': 0.008, 'beyond': 0.02, 'off': 0.075}
  Q2b normals  (n out-of-envelope 1572): rho(betweenness, DR) -0.011 p=0.65; rho(betw, slow-max sd) +0.044; rho(perp, DR) -0.162; rho(dh, DR) -0.209; rho(dh, slow-max) -0.218; rho(valley-ind, DR) +0.034; rho(off-ind, DR) +0.035; rho(out-of-env, DR) +0.104; I4 null +0.019
  Q2b attacks  (n out-of-envelope 442): rho(betweenness, DR) -0.121 p=0.011; rho(betw, slow-max sd) +0.022; rho(perp, DR) +0.092; rho(dh, DR) +0.105; rho(dh, slow-max) -0.150; rho(valley-ind, DR) -0.015; rho(off-ind, DR) +0.019; rho(out-of-env, DR) +0.032; I4 null -0.055
  Q2b all      (n out-of-envelope 2014): rho(betweenness, DR) -0.038 p=0.087; rho(betw, slow-max sd) +0.021; rho(perp, DR) -0.332; rho(dh, DR) -0.328; rho(dh, slow-max) -0.317; rho(valley-ind, DR) +0.034; rho(off-ind, DR) -0.028; rho(out-of-env, DR) +0.047; I4 null +0.012
  geometry refit check (seed 2, K=16): home agreement with csv 1.000, partition agreement 1.000
  Q2d direction (out-of-envelope normals n=1572): cos(displacement, axis h->j) median 0.105 (>0.7: 0.248); cos(displacement, drift direction) median 0.271 (>0.7: 0.0)
     DRIFTED out-of-envelope normals n=551: cos(axis h->j) median 0.656 (>0.7: 0.403); cos(drift dir) median 0.486 (>0.7: 0.0); t median 1.269, perp/R median 0.896
     late-third normals: nearest-regime dist median 3.363 vs R 4.339 (early third 3.431); inside any regime 0.96; d2/d1 median 1.162; t median 0.33, perp/R median 0.579; home regimes late [13, 3, 1] early [13, 14, 3]
  Q2c subspace drifting_comm_channels (7 ch, K=16, R=4.614): normals {'in_cluster': 0.936, 'valley': 0.046, 'beyond': 0.006, 'off': 0.011} attacks {'in_cluster': 0.35, 'valley': 0.009, 'beyond': 0.017, 'off': 0.624}
       normals by third: T1 valley 0.105 off 0.013 in 0.869 | T2 valley 0.001 off 0.009 in 0.987 | T3 valley 0.032 off 0.01 in 0.955; drifted normals {'in_cluster': 0.872, 'valley': 0.101, 'beyond': 0.013, 'off': 0.014}; rho(betw, DR) normals -0.095 p=0.0044; late inside-regime 0.955, perp/R 0.46
  Q2c subspace other_channels (52 ch, K=16, R=4.673): normals {'in_cluster': 0.843, 'valley': 0.023, 'beyond': 0.036, 'off': 0.098} attacks {'in_cluster': 0.301, 'valley': 0.021, 'beyond': 0.038, 'off': 0.64}
       normals by third: T1 valley 0.015 off 0.133 in 0.826 | T2 valley 0.032 off 0.158 in 0.796 | T3 valley 0.023 off 0.003 in 0.907; drifted normals {'in_cluster': 0.833, 'valley': 0.013, 'beyond': 0.02, 'off': 0.134}; rho(betw, DR) normals +0.258 p=3.2e-35; late inside-regime 0.907, perp/R 0.57
  Q3 attacks in_cluster  n= 210 (diff 118): flagged head 0.719 cp 0.471; typed {'changepoint': 0.656, 'drift': 0.132, 'subthreshold': 0.212}; drifted 0.286; AUROC head/cp/dr 0.852/0.841/0.361; global pct head/cp 0.928/0.925; era-local head/cp 0.948/0.936
  Q3 attacks valley      n=   3 (diff   2): flagged head 1.0 cp 0.333; typed {'changepoint': 0.333, 'drift': 0.333, 'subthreshold': 0.333}; drifted 0.333; AUROC head/cp/dr 0.963/0.948/0.336; global pct head/cp 0.974/0.927; era-local head/cp 0.991/0.967
  Q3 attacks beyond      n=   7 (diff   4): flagged head 0.714 cp 0.714; typed {'changepoint': 1.0, 'drift': 0.0, 'subthreshold': 0.0}; drifted 0.286; AUROC head/cp/dr 0.952/0.916/0.5; global pct head/cp 0.999/0.999; era-local head/cp 0.999/0.999
  Q3 attacks off         n= 432 (diff  43): flagged head 1.0 cp 0.968; typed {'changepoint': 0.968, 'drift': 0.012, 'subthreshold': 0.021}; drifted 0.123; AUROC head/cp/dr 0.997/0.995/0.317; global pct head/cp 0.999/0.999; era-local head/cp 0.999/0.999
  Q3 attacks all         n= 652 (diff 167): flagged head 0.906 cp 0.802; typed {'changepoint': 0.885, 'drift': 0.044, 'subthreshold': 0.071}; drifted 0.178; AUROC head/cp/dr 0.95/0.944/0.333; global pct head/cp 0.999/0.998; era-local head/cp 0.999/0.999
[HAI done in 137s] saved -> E:\Projects\Backlog\LatAD\poc\_diagnostics\a8_drift_unification.json

ALL DONE
