[SMD-1-1] train windows 948, test 948 (anom 89, ambiguous 16)  (0s)
EMIT {"kind": "examples", "dataset": "SMD-1-1", "seed": 0, "masked_examples": [], "ts": "2026-09-18 10:12:15"}
EMIT {"kind": "pairs", "dataset": "SMD-1-1", "seed": 0, "pairs": [{"i": 0, "j": 1, "D": 2.921, "valley": 0.2528, "lda_err": 0.0665, "close_distinct": false}, {"i": 0, "j": 2, "D": 5.221, "valley": 0.0002, "lda_err": 0.0212, "close_distinct": true}, {"i": 0, "j": 3, "D": 2.815, "valley": 0.4336, "lda_err"
EMIT {"kind": "main", "dataset": "SMD-1-1", "seed": 0, "K": 8, "bic": {"2": 42655.6, "3": 40826.5, "4": 40863.0, "6": 40210.4, "8": 39716.0, "12": 40129.3, "16": 40938.6}, "labelled": true, "n_train": 948, "nch": 38, "W": 60, "ST": 30, "note": "SMD machine-1-1, 1-min, 38 ch; W=60 (1 h); clip 10", "pca_va
EMIT {"kind": "examples", "dataset": "SMD-1-1", "seed": 1, "masked_examples": [], "ts": "2026-09-18 10:12:16"}
EMIT {"kind": "pairs", "dataset": "SMD-1-1", "seed": 1, "pairs": [{"i": 0, "j": 1, "D": 7.263, "valley": 0.0002, "lda_err": 0.0, "close_distinct": true}, {"i": 0, "j": 2, "D": 6.063, "valley": 0.0026, "lda_err": 0.0073, "close_distinct": true}, {"i": 0, "j": 3, "D": 7.502, "valley": 0.0007, "lda_err": 0.
EMIT {"kind": "main", "dataset": "SMD-1-1", "seed": 1, "K": 6, "bic": {"2": 42655.6, "3": 40826.5, "4": 40187.4, "6": 39574.8, "8": 39799.6, "12": 40129.3, "16": 40696.6}, "labelled": true, "n_train": 948, "nch": 38, "W": 60, "ST": 30, "note": "SMD machine-1-1, 1-min, 38 ch; W=60 (1 h); clip 10", "pca_va
EMIT {"kind": "examples", "dataset": "SMD-1-1", "seed": 2, "masked_examples": [], "ts": "2026-09-18 10:12:16"}
EMIT {"kind": "pairs", "dataset": "SMD-1-1", "seed": 2, "pairs": [{"i": 0, "j": 1, "D": 33.399, "valley": 0.0, "lda_err": null, "close_distinct": false}, {"i": 0, "j": 2, "D": 51.988, "valley": 0.0, "lda_err": null, "close_distinct": false}, {"i": 0, "j": 3, "D": 23.887, "valley": 0.0, "lda_err": null, "
EMIT {"kind": "main", "dataset": "SMD-1-1", "seed": 2, "K": 8, "bic": {"2": 44948.9, "3": 41936.4, "4": 40976.1, "6": 40144.4, "8": 40027.6, "12": 40383.2, "16": 40588.1}, "labelled": true, "n_train": 948, "nch": 38, "W": 60, "ST": 30, "note": "SMD machine-1-1, 1-min, 38 ch; W=60 (1 h); clip 10", "pca_va
[SMD-1-1] done (5s)
[SMD-1-4] train windows 789, test 789 (anom 22, ambiguous 27)  (0s)
EMIT {"kind": "examples", "dataset": "SMD-1-4", "seed": 0, "masked_examples": [], "ts": "2026-09-18 10:12:18"}
EMIT {"kind": "pairs", "dataset": "SMD-1-4", "seed": 0, "pairs": [{"i": 0, "j": 1, "D": 20.576, "valley": 0.0001, "lda_err": 0.0, "close_distinct": false}, {"i": 0, "j": 2, "D": 414.464, "valley": 0.0, "lda_err": null, "close_distinct": false}, {"i": 0, "j": 3, "D": 18.015, "valley": 0.0, "lda_err": 0.0,
EMIT {"kind": "main", "dataset": "SMD-1-4", "seed": 0, "K": 12, "bic": {"2": 30877.7, "3": 30148.3, "4": 29070.0, "6": 28748.3, "8": 29223.9, "12": 28383.2, "16": 29830.2}, "labelled": true, "n_train": 789, "nch": 38, "W": 60, "ST": 30, "note": "SMD machine-1-4, 1-min, 38 ch; W=60 (1 h); clip 10", "pca_v
EMIT {"kind": "examples", "dataset": "SMD-1-4", "seed": 1, "masked_examples": [], "ts": "2026-09-18 10:12:19"}
EMIT {"kind": "pairs", "dataset": "SMD-1-4", "seed": 1, "pairs": [{"i": 0, "j": 1, "D": 2.9, "valley": 0.5674, "lda_err": 0.0604, "close_distinct": false}, {"i": 0, "j": 2, "D": 6.537, "valley": 0.0994, "lda_err": 0.0037, "close_distinct": true}, {"i": 0, "j": 3, "D": 310.378, "valley": 0.0, "lda_err": n
EMIT {"kind": "main", "dataset": "SMD-1-4", "seed": 1, "K": 8, "bic": {"2": 36818.0, "3": 28551.6, "4": 28983.4, "6": 28489.9, "8": 28189.5, "12": 29101.6, "16": 30325.6}, "labelled": true, "n_train": 789, "nch": 38, "W": 60, "ST": 30, "note": "SMD machine-1-4, 1-min, 38 ch; W=60 (1 h); clip 10", "pca_va
EMIT {"kind": "examples", "dataset": "SMD-1-4", "seed": 2, "masked_examples": [], "ts": "2026-09-18 10:12:20"}
EMIT {"kind": "pairs", "dataset": "SMD-1-4", "seed": 2, "pairs": [{"i": 0, "j": 1, "D": 5.113, "valley": 0.1027, "lda_err": 0.0165, "close_distinct": true}, {"i": 0, "j": 2, "D": 191.826, "valley": 0.0, "lda_err": null, "close_distinct": false}, {"i": 0, "j": 3, "D": 3.262, "valley": 0.3156, "lda_err": 0
EMIT {"kind": "main", "dataset": "SMD-1-4", "seed": 2, "K": 8, "bic": {"2": 30877.9, "3": 29368.1, "4": 28983.5, "6": 28632.7, "8": 27910.8, "12": 28724.7, "16": 29145.4}, "labelled": true, "n_train": 789, "nch": 38, "W": 60, "ST": 30, "note": "SMD machine-1-4, 1-min, 38 ch; W=60 (1 h); clip 10", "pca_va
[SMD-1-4] done (3s)
[SMD-2-1] train windows 788, test 788 (anom 34, ambiguous 31)  (0s)
EMIT {"kind": "examples", "dataset": "SMD-2-1", "seed": 0, "masked_examples": [], "ts": "2026-09-18 10:12:21"}
EMIT {"kind": "pairs", "dataset": "SMD-2-1", "seed": 0, "pairs": [{"i": 0, "j": 1, "D": 3.088, "valley": 0.5768, "lda_err": 0.0529, "close_distinct": false}, {"i": 0, "j": 2, "D": 2.744, "valley": 0.7194, "lda_err": 0.0871, "close_distinct": false}, {"i": 0, "j": 3, "D": 5.027, "valley": 0.0277, "lda_err
EMIT {"kind": "main", "dataset": "SMD-2-1", "seed": 0, "K": 8, "bic": {"2": 36302.0, "3": 34585.5, "4": 34750.8, "6": 34158.2, "8": 33237.9, "12": 34383.5, "16": 35576.6}, "labelled": true, "n_train": 788, "nch": 38, "W": 60, "ST": 30, "note": "SMD machine-2-1, 1-min, 38 ch; W=60 (1 h); clip 10", "pca_va
EMIT {"kind": "examples", "dataset": "SMD-2-1", "seed": 1, "masked_examples": [], "ts": "2026-09-18 10:12:22"}
EMIT {"kind": "pairs", "dataset": "SMD-2-1", "seed": 1, "pairs": [{"i": 0, "j": 1, "D": 2.189, "valley": 0.5138, "lda_err": 0.1048, "close_distinct": false}, {"i": 0, "j": 2, "D": 4.966, "valley": 0.0077, "lda_err": 0.0154, "close_distinct": true}, {"i": 0, "j": 3, "D": 5.75, "valley": 0.0, "lda_err": nu
EMIT {"kind": "main", "dataset": "SMD-2-1", "seed": 1, "K": 8, "bic": {"2": 36302.0, "3": 33956.6, "4": 34820.0, "6": 34293.4, "8": 33723.7, "12": 34359.0, "16": 35250.8}, "labelled": true, "n_train": 788, "nch": 38, "W": 60, "ST": 30, "note": "SMD machine-2-1, 1-min, 38 ch; W=60 (1 h); clip 10", "pca_va
EMIT {"kind": "examples", "dataset": "SMD-2-1", "seed": 2, "masked_examples": [], "ts": "2026-09-18 10:12:23"}
EMIT {"kind": "pairs", "dataset": "SMD-2-1", "seed": 2, "pairs": [{"i": 0, "j": 1, "D": 3.869, "valley": 0.0524, "lda_err": 0.0338, "close_distinct": true}, {"i": 0, "j": 2, "D": 7.555, "valley": 0.0, "lda_err": null, "close_distinct": false}, {"i": 0, "j": 3, "D": 72.736, "valley": 0.0, "lda_err": null,
EMIT {"kind": "main", "dataset": "SMD-2-1", "seed": 2, "K": 8, "bic": {"2": 36302.0, "3": 36122.6, "4": 33988.0, "6": 34314.5, "8": 33880.6, "12": 34494.1, "16": 34834.4}, "labelled": true, "n_train": 788, "nch": 38, "W": 60, "ST": 30, "note": "SMD machine-2-1, 1-min, 38 ch; W=60 (1 h); clip 10", "pca_va
[SMD-2-1] done (3s)
[SMD-3-7] train windows 955, test 955 (anom 14, ambiguous 11)  (0s)
EMIT {"kind": "examples", "dataset": "SMD-3-7", "seed": 0, "masked_examples": [], "ts": "2026-09-18 10:12:25"}
EMIT {"kind": "pairs", "dataset": "SMD-3-7", "seed": 0, "pairs": [{"i": 0, "j": 1, "D": 6.049, "valley": 0.0, "lda_err": null, "close_distinct": false}, {"i": 0, "j": 2, "D": 7.026, "valley": 0.0, "lda_err": 0.0072, "close_distinct": true}, {"i": 0, "j": 3, "D": 3.381, "valley": 0.0005, "lda_err": 0.0456
EMIT {"kind": "main", "dataset": "SMD-3-7", "seed": 0, "K": 12, "bic": {"2": 44377.4, "3": 42000.5, "4": 40181.3, "6": 39133.5, "8": 38443.8, "12": 37621.7, "16": 38089.0}, "labelled": true, "n_train": 955, "nch": 38, "W": 60, "ST": 30, "note": "SMD machine-3-7, 1-min, 38 ch; W=60 (1 h); clip 10", "pca_v
EMIT {"kind": "examples", "dataset": "SMD-3-7", "seed": 1, "masked_examples": [], "ts": "2026-09-18 10:12:26"}
EMIT {"kind": "pairs", "dataset": "SMD-3-7", "seed": 1, "pairs": [{"i": 0, "j": 1, "D": 4.629, "valley": 0.0008, "lda_err": 0.027, "close_distinct": true}, {"i": 0, "j": 2, "D": 5.563, "valley": 0.048, "lda_err": 0.0122, "close_distinct": true}, {"i": 0, "j": 3, "D": 42.663, "valley": 0.0, "lda_err": nul
EMIT {"kind": "main", "dataset": "SMD-3-7", "seed": 1, "K": 8, "bic": {"2": 40570.0, "3": 40998.4, "4": 39158.7, "6": 38046.2, "8": 37880.7, "12": 38765.7, "16": 37964.3}, "labelled": true, "n_train": 955, "nch": 38, "W": 60, "ST": 30, "note": "SMD machine-3-7, 1-min, 38 ch; W=60 (1 h); clip 10", "pca_va
EMIT {"kind": "examples", "dataset": "SMD-3-7", "seed": 2, "masked_examples": [], "ts": "2026-09-18 10:12:27"}
EMIT {"kind": "pairs", "dataset": "SMD-3-7", "seed": 2, "pairs": [{"i": 0, "j": 1, "D": 3.739, "valley": 0.0, "lda_err": 0.027, "close_distinct": true}, {"i": 0, "j": 2, "D": 4.99, "valley": 0.0, "lda_err": 0.0122, "close_distinct": true}, {"i": 0, "j": 3, "D": 9.244, "valley": 0.0, "lda_err": null, "clo
EMIT {"kind": "main", "dataset": "SMD-3-7", "seed": 2, "K": 8, "bic": {"2": 40570.0, "3": 38341.2, "4": 38924.5, "6": 39133.5, "8": 37545.6, "12": 37866.5, "16": 38272.5}, "labelled": true, "n_train": 955, "nch": 38, "W": 60, "ST": 30, "note": "SMD machine-3-7, 1-min, 38 ch; W=60 (1 h); clip 10", "pca_va
[SMD-3-7] done (4s)
[Paderborn] train windows 9603, normal-only  (10s)
EMIT {"kind": "pairs", "dataset": "Paderborn", "seed": 0, "pairs": [{"i": 0, "j": 1, "D": 22.009, "valley": 0.0, "lda_err": 0.0, "close_distinct": false}, {"i": 0, "j": 2, "D": 22.099, "valley": 0.0, "lda_err": 0.0, "close_distinct": false}, {"i": 0, "j": 3, "D": 12.538, "valley": 0.0, "lda_err": 0.0, "c
EMIT {"kind": "main", "dataset": "Paderborn", "seed": 0, "K": 8, "bic": {"2": 364063.5, "3": 348052.1, "4": 340033.1, "6": 336093.3, "8": 328826.2, "12": 330321.6, "16": 330790.8}, "labelled": false, "n_train": 9603, "nch": 13, "W": 10, "ST": 5, "note": "healthy bearings K001-K005, 4 operating conditions
EMIT {"kind": "pairs", "dataset": "Paderborn", "seed": 1, "pairs": [{"i": 0, "j": 1, "D": 20.959, "valley": 0.0, "lda_err": 0.0, "close_distinct": false}, {"i": 0, "j": 2, "D": 12.792, "valley": 0.0, "lda_err": 0.0, "close_distinct": false}, {"i": 0, "j": 3, "D": 14.979, "valley": 0.0, "lda_err": 0.0, "c
EMIT {"kind": "main", "dataset": "Paderborn", "seed": 1, "K": 12, "bic": {"2": 364063.5, "3": 348052.1, "4": 340033.1, "6": 337488.5, "8": 330754.3, "12": 328611.1, "16": 329568.7}, "labelled": false, "n_train": 9603, "nch": 13, "W": 10, "ST": 5, "note": "healthy bearings K001-K005, 4 operating condition
EMIT {"kind": "pairs", "dataset": "Paderborn", "seed": 2, "pairs": [{"i": 0, "j": 1, "D": 22.011, "valley": 0.0, "lda_err": 0.0, "close_distinct": false}, {"i": 0, "j": 2, "D": 16.359, "valley": 0.0, "lda_err": 0.0, "close_distinct": false}, {"i": 0, "j": 3, "D": 4.92, "valley": 0.2101, "lda_err": 0.0058
EMIT {"kind": "main", "dataset": "Paderborn", "seed": 2, "K": 12, "bic": {"2": 364063.5, "3": 348052.1, "4": 348117.0, "6": 337386.0, "8": 330871.9, "12": 329169.3, "16": 330003.2}, "labelled": false, "n_train": 9603, "nch": 13, "W": 10, "ST": 5, "note": "healthy bearings K001-K005, 4 operating condition
[Paderborn] done (26s)
