[WADI] train windows 2614, test 575 (anom 32, ambiguous 27)  (2s)
EMIT {"kind": "examples", "dataset": "WADI", "seed": 0, "masked_examples": [{"t": 508, "stream": 0, "E": 5, "absorber": 8, "s_E": 36.84, "s_other": 20.44, "s_NC": 20.44}], "ts": "2026-09-18 10:12:17"}
EMIT {"kind": "pairs", "dataset": "WADI", "seed": 0, "pairs": [{"i": 0, "j": 1, "D": 12.632, "valley": 0.0004, "lda_err": 0.0, "close_distinct": false}, {"i": 0, "j": 2, "D": 18.974, "valley": 0.0002, "lda_err": 0.0, "close_distinct": false}, {"i": 0, "j": 3, "D": 6.047, "valley": 0.0014, "lda_err": 0.01
EMIT {"kind": "main", "dataset": "WADI", "seed": 0, "K": 12, "bic": {"2": 142216.9, "3": 136895.6, "4": 134531.7, "6": 129581.9, "8": 123130.4, "12": 120791.7, "16": 120858.7}, "labelled": true, "n_train": 2614, "nch": 122, "W": 60, "ST": 30, "note": "1 Hz ds10 (=0.1 Hz); W=60 (10 min); 2B_AIT_002_PV dro
EMIT {"kind": "examples", "dataset": "WADI", "seed": 1, "masked_examples": [], "ts": "2026-09-18 10:12:21"}
EMIT {"kind": "pairs", "dataset": "WADI", "seed": 1, "pairs": [{"i": 0, "j": 1, "D": 7.011, "valley": 0.0, "lda_err": 0.0035, "close_distinct": true}, {"i": 0, "j": 2, "D": 16.904, "valley": 0.0, "lda_err": 0.0, "close_distinct": false}, {"i": 0, "j": 3, "D": 4.821, "valley": 0.0001, "lda_err": 0.0269, "
EMIT {"kind": "main", "dataset": "WADI", "seed": 1, "K": 16, "bic": {"2": 142408.9, "3": 139145.8, "4": 133699.4, "6": 127513.3, "8": 122697.1, "12": 120112.4, "16": 119262.3}, "labelled": true, "n_train": 2614, "nch": 122, "W": 60, "ST": 30, "note": "1 Hz ds10 (=0.1 Hz); W=60 (10 min); 2B_AIT_002_PV dro
EMIT {"kind": "examples", "dataset": "WADI", "seed": 2, "masked_examples": [], "ts": "2026-09-18 10:12:24"}
EMIT {"kind": "pairs", "dataset": "WADI", "seed": 2, "pairs": [{"i": 0, "j": 1, "D": 18.821, "valley": 0.0, "lda_err": 0.0, "close_distinct": false}, {"i": 0, "j": 2, "D": 20.841, "valley": 0.0, "lda_err": 0.0, "close_distinct": false}, {"i": 0, "j": 3, "D": 6.057, "valley": 0.0002, "lda_err": 0.0015, "c
EMIT {"kind": "main", "dataset": "WADI", "seed": 2, "K": 16, "bic": {"2": 142217.2, "3": 136895.7, "4": 134531.7, "6": 128639.7, "8": 122902.4, "12": 120087.5, "16": 119242.3}, "labelled": true, "n_train": 2614, "nch": 122, "W": 60, "ST": 30, "note": "1 Hz ds10 (=0.1 Hz); W=60 (10 min); 2B_AIT_002_PV dro
[WADI] done (12s)
[HAI] train windows 18359, test 14819 (anom 580, ambiguous 76)  (12s)
EMIT {"kind": "examples", "dataset": "HAI", "seed": 0, "masked_examples": [], "ts": "2026-09-18 10:12:51"}
EMIT {"kind": "pairs", "dataset": "HAI", "seed": 0, "pairs": [{"i": 0, "j": 1, "D": 3.634, "valley": 0.1312, "lda_err": 0.0483, "close_distinct": true}, {"i": 0, "j": 2, "D": 3.712, "valley": 0.1363, "lda_err": 0.0241, "close_distinct": true}, {"i": 0, "j": 3, "D": 3.778, "valley": 0.3483, "lda_err": 0.0
EMIT {"kind": "main", "dataset": "HAI", "seed": 0, "K": 16, "bic": {"2": 974290.7, "3": 942202.6, "4": 925213.1, "6": 887154.6, "8": 866982.3, "12": 839606.0, "16": 835747.6}, "labelled": true, "n_train": 18359, "nch": 59, "W": 60, "ST": 30, "note": "hai-20.07, 1 Hz; train1+2 concat; test1+2 concat; W=60
EMIT {"kind": "examples", "dataset": "HAI", "seed": 1, "masked_examples": [], "ts": "2026-09-18 10:13:07"}
EMIT {"kind": "pairs", "dataset": "HAI", "seed": 1, "pairs": [{"i": 0, "j": 1, "D": 4.878, "valley": 0.0181, "lda_err": 0.0245, "close_distinct": true}, {"i": 0, "j": 2, "D": 3.907, "valley": 0.4232, "lda_err": 0.0214, "close_distinct": true}, {"i": 0, "j": 3, "D": 2.413, "valley": 0.6937, "lda_err": 0.0
EMIT {"kind": "main", "dataset": "HAI", "seed": 1, "K": 16, "bic": {"2": 974290.7, "3": 935647.6, "4": 910904.2, "6": 882626.1, "8": 880224.1, "12": 837396.8, "16": 820922.0}, "labelled": true, "n_train": 18359, "nch": 59, "W": 60, "ST": 30, "note": "hai-20.07, 1 Hz; train1+2 concat; test1+2 concat; W=60
EMIT {"kind": "examples", "dataset": "HAI", "seed": 2, "masked_examples": [], "ts": "2026-09-18 10:13:23"}
EMIT {"kind": "pairs", "dataset": "HAI", "seed": 2, "pairs": [{"i": 0, "j": 1, "D": 18.941, "valley": 0.0, "lda_err": 0.0, "close_distinct": false}, {"i": 0, "j": 2, "D": 8.277, "valley": 0.0001, "lda_err": 0.0, "close_distinct": true}, {"i": 0, "j": 3, "D": 16.159, "valley": 0.0, "lda_err": 0.0, "close_
EMIT {"kind": "main", "dataset": "HAI", "seed": 2, "K": 16, "bic": {"2": 974290.7, "3": 940379.1, "4": 915678.5, "6": 891854.8, "8": 858370.8, "12": 832674.2, "16": 827761.4}, "labelled": true, "n_train": 18359, "nch": 59, "W": 60, "ST": 30, "note": "hai-20.07, 1 Hz; train1+2 concat; test1+2 concat; W=60
[HAI] done (59s)
[SWaT] train windows 4530, test 1498 (anom 174, ambiguous 66)  (2s)
EMIT {"kind": "examples", "dataset": "SWaT", "seed": 0, "masked_examples": [{"t": 763, "stream": 0, "E": 11, "absorber": 14, "s_E": 220.21, "s_other": 4.39, "s_NC": 4.39}], "ts": "2026-09-18 10:13:27"}
EMIT {"kind": "pairs", "dataset": "SWaT", "seed": 0, "pairs": [{"i": 0, "j": 1, "D": 23.714, "valley": 0.0, "lda_err": 0.0, "close_distinct": false}, {"i": 0, "j": 2, "D": 14.915, "valley": 0.0, "lda_err": 0.0, "close_distinct": true}, {"i": 0, "j": 3, "D": 662.221, "valley": 0.0, "lda_err": null, "close
EMIT {"kind": "main", "dataset": "SWaT", "seed": 0, "K": 16, "bic": {"2": 171603.9, "3": 130981.5, "4": 118162.4, "6": 111931.3, "8": 118671.1, "12": 106543.4, "16": 89160.8}, "labelled": true, "n_train": 4530, "nch": 51, "W": 60, "ST": 30, "note": "Dec-2015 canonical interleaved attack file, ds10; W=60 
EMIT {"kind": "examples", "dataset": "SWaT", "seed": 1, "masked_examples": [{"t": 762, "stream": 0, "E": 6, "absorber": 1, "s_E": 62.54, "s_other": 3.86, "s_NC": 3.86}, {"t": 763, "stream": 0, "E": 6, "absorber": 1, "s_E": 62.3, "s_other": 3.33, "s_NC": 3.33}], "ts": "2026-09-18 10:13:29"}
EMIT {"kind": "pairs", "dataset": "SWaT", "seed": 1, "pairs": [{"i": 0, "j": 1, "D": 16.682, "valley": 0.0, "lda_err": 0.0, "close_distinct": false}, {"i": 0, "j": 2, "D": 603.801, "valley": 0.0, "lda_err": null, "close_distinct": false}, {"i": 0, "j": 3, "D": 107.21, "valley": 0.0, "lda_err": null, "clo
EMIT {"kind": "main", "dataset": "SWaT", "seed": 1, "K": 16, "bic": {"2": 191713.1, "3": 179943.7, "4": 165660.1, "6": 131046.8, "8": 118671.1, "12": 95017.2, "16": 90037.1}, "labelled": true, "n_train": 4530, "nch": 51, "W": 60, "ST": 30, "note": "Dec-2015 canonical interleaved attack file, ds10; W=60 (
EMIT {"kind": "examples", "dataset": "SWaT", "seed": 2, "masked_examples": [{"t": 763, "stream": 0, "E": 15, "absorber": 7, "s_E": 238.78, "s_other": 4.39, "s_NC": 4.39}], "ts": "2026-09-18 10:13:33"}
EMIT {"kind": "pairs", "dataset": "SWaT", "seed": 2, "pairs": [{"i": 0, "j": 1, "D": 660.482, "valley": 0.0, "lda_err": null, "close_distinct": false}, {"i": 0, "j": 2, "D": 13.915, "valley": 0.0, "lda_err": 0.0, "close_distinct": true}, {"i": 0, "j": 3, "D": 17.212, "valley": 0.0, "lda_err": 0.0007, "cl
EMIT {"kind": "main", "dataset": "SWaT", "seed": 2, "K": 16, "bic": {"2": 180223.6, "3": 202559.2, "4": 161662.0, "6": 128188.4, "8": 120945.5, "12": 96498.8, "16": 89462.0}, "labelled": true, "n_train": 4530, "nch": 51, "W": 60, "ST": 30, "note": "Dec-2015 canonical interleaved attack file, ds10; W=60 (
[SWaT] done (10s)
[SYNTH_pos] train windows 9999, test 9999 (anom 391, ambiguous 33)  (2s)
EMIT {"kind": "examples", "dataset": "SYNTH_pos", "seed": 0, "masked_examples": [{"t": 1368, "stream": 0, "E": 2, "absorber": 0, "s_E": 31.18, "s_other": 14.77, "s_NC": 14.77}, {"t": 1369, "stream": 0, "E": 2, "absorber": 0, "s_E": 26.97, "s_other": 15.99, "s_NC": 15.99}, {"t": 1373, "stream": 0, "E": 2,
EMIT {"kind": "pairs", "dataset": "SYNTH_pos", "seed": 0, "pairs": [{"i": 0, "j": 1, "D": 21.33, "valley": 0.0, "lda_err": 0.0, "close_distinct": false}, {"i": 0, "j": 2, "D": 7.378, "valley": 0.0023, "lda_err": 0.0, "close_distinct": true}, {"i": 0, "j": 3, "D": 6.606, "valley": 0.0055, "lda_err": 0.002
EMIT {"kind": "main", "dataset": "SYNTH_pos", "seed": 0, "K": 4, "bic": {"2": 377400.3, "3": 369070.2, "4": 362786.9, "6": 363719.5, "8": 364717.7, "12": 366666.0, "16": 368596.1}, "labelled": true, "n_train": 9999, "nch": 24, "W": 60, "ST": 30, "note": "synthetic pos control: A/B (raw offset 1.8 sd alon
EMIT {"kind": "examples", "dataset": "SYNTH_pos", "seed": 1, "masked_examples": [{"t": 2308, "stream": 0, "E": 3, "absorber": 4, "s_E": 27.66, "s_other": 15.77, "s_NC": 15.77}, {"t": 2319, "stream": 0, "E": 3, "absorber": 4, "s_E": 38.83, "s_other": 16.17, "s_NC": 16.17}, {"t": 2324, "stream": 0, "E": 3,
EMIT {"kind": "pairs", "dataset": "SYNTH_pos", "seed": 1, "pairs": [{"i": 0, "j": 1, "D": 6.602, "valley": 0.0054, "lda_err": 0.0053, "close_distinct": true}, {"i": 0, "j": 2, "D": 6.562, "valley": 0.0072, "lda_err": 0.0064, "close_distinct": true}, {"i": 0, "j": 3, "D": 6.372, "valley": 0.0088, "lda_err
EMIT {"kind": "main", "dataset": "SYNTH_pos", "seed": 1, "K": 6, "bic": {"2": 377400.3, "3": 369070.2, "4": 369426.5, "6": 363735.9, "8": 364679.0, "12": 366643.2, "16": 368632.9}, "labelled": true, "n_train": 9999, "nch": 24, "W": 60, "ST": 30, "note": "synthetic pos control: A/B (raw offset 1.8 sd alon
EMIT {"kind": "examples", "dataset": "SYNTH_pos", "seed": 2, "masked_examples": [{"t": 1368, "stream": 0, "E": 1, "absorber": 3, "s_E": 31.18, "s_other": 14.77, "s_NC": 14.77}, {"t": 1369, "stream": 0, "E": 1, "absorber": 3, "s_E": 26.97, "s_other": 15.99, "s_NC": 15.99}, {"t": 1373, "stream": 0, "E": 1,
EMIT {"kind": "pairs", "dataset": "SYNTH_pos", "seed": 2, "pairs": [{"i": 0, "j": 1, "D": 6.156, "valley": 0.0123, "lda_err": 0.0037, "close_distinct": true}, {"i": 0, "j": 2, "D": 6.457, "valley": 0.0088, "lda_err": 0.0034, "close_distinct": true}, {"i": 0, "j": 3, "D": 6.339, "valley": 0.0081, "lda_err
EMIT {"kind": "main", "dataset": "SYNTH_pos", "seed": 2, "K": 4, "bic": {"2": 377400.3, "3": 369070.2, "4": 362787.6, "6": 363696.8, "8": 364739.6, "12": 366598.0, "16": 368553.3}, "labelled": true, "n_train": 9999, "nch": 24, "W": 60, "ST": 30, "note": "synthetic pos control: A/B (raw offset 1.8 sd alon
[SYNTH_pos] done (11s)
[SYNTH_pos_slow] train windows 39999, test 39999 (anom 2681, ambiguous 20)  (9s)
EMIT {"kind": "examples", "dataset": "SYNTH_pos_slow", "seed": 0, "masked_examples": [{"t": 12410, "stream": 0, "E": 0, "absorber": 2, "s_E": 29.08, "s_other": 16.15, "s_NC": 16.15}, {"t": 12413, "stream": 0, "E": 0, "absorber": 2, "s_E": 31.47, "s_other": 16.32, "s_NC": 16.32}, {"t": 12418, "stream": 0,
EMIT {"kind": "pairs", "dataset": "SYNTH_pos_slow", "seed": 0, "pairs": [{"i": 0, "j": 1, "D": 19.532, "valley": 0.0, "lda_err": 0.0001, "close_distinct": false}, {"i": 0, "j": 2, "D": 7.877, "valley": 0.0009, "lda_err": 0.0, "close_distinct": true}, {"i": 1, "j": 2, "D": 20.679, "valley": 0.0, "lda_err"
EMIT {"kind": "main", "dataset": "SYNTH_pos_slow", "seed": 0, "K": 3, "bic": {"2": 1121566.8, "3": 1090496.7, "4": 1090973.0, "6": 1091523.6, "8": 1092569.2, "12": 1094157.4, "16": 1095821.3}, "labelled": true, "n_train": 39999, "nch": 24, "W": 60, "ST": 30, "note": "synthetic pos control: A/B (raw offse
EMIT {"kind": "examples", "dataset": "SYNTH_pos_slow", "seed": 1, "masked_examples": [{"t": 12410, "stream": 0, "E": 0, "absorber": 2, "s_E": 29.08, "s_other": 16.15, "s_NC": 16.15}, {"t": 12413, "stream": 0, "E": 0, "absorber": 2, "s_E": 31.47, "s_other": 16.32, "s_NC": 16.32}, {"t": 12418, "stream": 0,
EMIT {"kind": "pairs", "dataset": "SYNTH_pos_slow", "seed": 1, "pairs": [{"i": 0, "j": 1, "D": 19.532, "valley": 0.0, "lda_err": 0.0001, "close_distinct": false}, {"i": 0, "j": 2, "D": 7.877, "valley": 0.0009, "lda_err": 0.0, "close_distinct": true}, {"i": 1, "j": 2, "D": 20.679, "valley": 0.0, "lda_err"
EMIT {"kind": "main", "dataset": "SYNTH_pos_slow", "seed": 1, "K": 3, "bic": {"2": 1121566.8, "3": 1090496.7, "4": 1091007.4, "6": 1091565.9, "8": 1092459.9, "12": 1094152.5, "16": 1096319.9}, "labelled": true, "n_train": 39999, "nch": 24, "W": 60, "ST": 30, "note": "synthetic pos control: A/B (raw offse
EMIT {"kind": "examples", "dataset": "SYNTH_pos_slow", "seed": 2, "masked_examples": [{"t": 12410, "stream": 0, "E": 1, "absorber": 2, "s_E": 29.08, "s_other": 16.15, "s_NC": 16.15}, {"t": 12413, "stream": 0, "E": 1, "absorber": 2, "s_E": 31.47, "s_other": 16.32, "s_NC": 16.32}, {"t": 12418, "stream": 0,
EMIT {"kind": "pairs", "dataset": "SYNTH_pos_slow", "seed": 2, "pairs": [{"i": 0, "j": 1, "D": 19.532, "valley": 0.0, "lda_err": 0.0, "close_distinct": false}, {"i": 0, "j": 2, "D": 20.679, "valley": 0.0, "lda_err": 0.0, "close_distinct": false}, {"i": 1, "j": 2, "D": 7.877, "valley": 0.0009, "lda_err": 
EMIT {"kind": "main", "dataset": "SYNTH_pos_slow", "seed": 2, "K": 3, "bic": {"2": 1121566.8, "3": 1090496.7, "4": 1090932.8, "6": 1091581.8, "8": 1092266.1, "12": 1094123.8, "16": 1095425.4}, "labelled": true, "n_train": 39999, "nch": 24, "W": 60, "ST": 30, "note": "synthetic pos control: A/B (raw offse
[SYNTH_pos_slow] done (52s)
