[SYNTH_pos] train windows 9999, test 9999 (anom 391, ambiguous 33)  (3s)
EMIT {"kind": "examples", "dataset": "SYNTH_pos", "seed": 0, "masked_examples": [{"t": 1368, "stream": 0, "E": 2, "absorber": 0, "s_E": 31.18, "s_other": 14.77, "s_NC": 14.77}, {"t": 1369, "stream": 0, "E": 2, "absorber": 0, "s_E": 26.97, "s_other": 15.99, "s_NC": 15.99}, {"t": 1373, "stream": 0, "E": 2,
EMIT {"kind": "pairs", "dataset": "SYNTH_pos", "seed": 0, "pairs": [{"i": 0, "j": 1, "D": 21.33, "valley": 0.0, "lda_err": 0.0, "close_distinct": false}, {"i": 0, "j": 2, "D": 7.378, "valley": 0.0023, "lda_err": 0.0, "close_distinct": true}, {"i": 0, "j": 3, "D": 6.606, "valley": 0.0055, "lda_err": 0.002
EMIT {"kind": "main", "dataset": "SYNTH_pos", "seed": 0, "K": 4, "bic": {"2": 377400.3, "3": 369070.2, "4": 362786.9, "6": 363719.5, "8": 364717.7, "12": 366666.0, "16": 368596.1}, "labelled": true, "n_train": 9999, "nch": 24, "W": 60, "ST": 30, "note": "synthetic pos control: A/B (raw offset 1.8 sd alon
EMIT {"kind": "examples", "dataset": "SYNTH_pos", "seed": 1, "masked_examples": [{"t": 2308, "stream": 0, "E": 3, "absorber": 4, "s_E": 27.66, "s_other": 15.77, "s_NC": 15.77}, {"t": 2319, "stream": 0, "E": 3, "absorber": 4, "s_E": 38.83, "s_other": 16.17, "s_NC": 16.17}, {"t": 2324, "stream": 0, "E": 3,
EMIT {"kind": "pairs", "dataset": "SYNTH_pos", "seed": 1, "pairs": [{"i": 0, "j": 1, "D": 6.602, "valley": 0.0054, "lda_err": 0.0053, "close_distinct": true}, {"i": 0, "j": 2, "D": 6.562, "valley": 0.0072, "lda_err": 0.0064, "close_distinct": true}, {"i": 0, "j": 3, "D": 6.372, "valley": 0.0088, "lda_err
EMIT {"kind": "main", "dataset": "SYNTH_pos", "seed": 1, "K": 6, "bic": {"2": 377400.3, "3": 369070.2, "4": 369426.5, "6": 363735.9, "8": 364679.0, "12": 366643.2, "16": 368632.9}, "labelled": true, "n_train": 9999, "nch": 24, "W": 60, "ST": 30, "note": "synthetic pos control: A/B (raw offset 1.8 sd alon
EMIT {"kind": "examples", "dataset": "SYNTH_pos", "seed": 2, "masked_examples": [{"t": 1368, "stream": 0, "E": 1, "absorber": 3, "s_E": 31.18, "s_other": 14.77, "s_NC": 14.77}, {"t": 1369, "stream": 0, "E": 1, "absorber": 3, "s_E": 26.97, "s_other": 15.99, "s_NC": 15.99}, {"t": 1373, "stream": 0, "E": 1,
EMIT {"kind": "pairs", "dataset": "SYNTH_pos", "seed": 2, "pairs": [{"i": 0, "j": 1, "D": 6.156, "valley": 0.0123, "lda_err": 0.0037, "close_distinct": true}, {"i": 0, "j": 2, "D": 6.457, "valley": 0.0088, "lda_err": 0.0034, "close_distinct": true}, {"i": 0, "j": 3, "D": 6.339, "valley": 0.0081, "lda_err
EMIT {"kind": "main", "dataset": "SYNTH_pos", "seed": 2, "K": 4, "bic": {"2": 377400.3, "3": 369070.2, "4": 362787.6, "6": 363696.8, "8": 364739.6, "12": 366603.6, "16": 368553.3}, "labelled": true, "n_train": 9999, "nch": 24, "W": 60, "ST": 30, "note": "synthetic pos control: A/B (raw offset 1.8 sd alon
[SYNTH_pos] done (25s)
[SYNTH_neg] train windows 9999, test 9999 (anom 391, ambiguous 33)  (3s)
EMIT {"kind": "examples", "dataset": "SYNTH_neg", "seed": 0, "masked_examples": [], "ts": "2026-09-18 09:57:49"}
EMIT {"kind": "pairs", "dataset": "SYNTH_neg", "seed": 0, "pairs": [{"i": 0, "j": 1, "D": 21.33, "valley": 0.0, "lda_err": 0.0, "close_distinct": false}, {"i": 0, "j": 2, "D": 7.378, "valley": 0.0023, "lda_err": 0.0, "close_distinct": true}, {"i": 0, "j": 3, "D": 6.606, "valley": 0.0055, "lda_err": 0.002
EMIT {"kind": "main", "dataset": "SYNTH_neg", "seed": 0, "K": 4, "bic": {"2": 377400.3, "3": 369070.2, "4": 362786.9, "6": 363719.5, "8": 364717.7, "12": 366666.0, "16": 368596.1}, "labelled": true, "n_train": 9999, "nch": 24, "W": 60, "ST": 30, "note": "synthetic neg control: A/B (raw offset 1.8 sd alon
EMIT {"kind": "examples", "dataset": "SYNTH_neg", "seed": 1, "masked_examples": [], "ts": "2026-09-18 09:57:53"}
EMIT {"kind": "pairs", "dataset": "SYNTH_neg", "seed": 1, "pairs": [{"i": 0, "j": 1, "D": 6.602, "valley": 0.0054, "lda_err": 0.0053, "close_distinct": true}, {"i": 0, "j": 2, "D": 6.562, "valley": 0.0072, "lda_err": 0.0064, "close_distinct": true}, {"i": 0, "j": 3, "D": 6.372, "valley": 0.0088, "lda_err
EMIT {"kind": "main", "dataset": "SYNTH_neg", "seed": 1, "K": 6, "bic": {"2": 377400.3, "3": 369070.2, "4": 369426.5, "6": 363735.9, "8": 364679.0, "12": 366643.2, "16": 368632.9}, "labelled": true, "n_train": 9999, "nch": 24, "W": 60, "ST": 30, "note": "synthetic neg control: A/B (raw offset 1.8 sd alon
EMIT {"kind": "examples", "dataset": "SYNTH_neg", "seed": 2, "masked_examples": [], "ts": "2026-09-18 09:57:57"}
EMIT {"kind": "pairs", "dataset": "SYNTH_neg", "seed": 2, "pairs": [{"i": 0, "j": 1, "D": 6.156, "valley": 0.0123, "lda_err": 0.0037, "close_distinct": true}, {"i": 0, "j": 2, "D": 6.457, "valley": 0.0088, "lda_err": 0.0034, "close_distinct": true}, {"i": 0, "j": 3, "D": 6.339, "valley": 0.0081, "lda_err
EMIT {"kind": "main", "dataset": "SYNTH_neg", "seed": 2, "K": 4, "bic": {"2": 377400.3, "3": 369070.2, "4": 362787.6, "6": 363696.8, "8": 364739.6, "12": 366598.0, "16": 368553.3}, "labelled": true, "n_train": 9999, "nch": 24, "W": 60, "ST": 30, "note": "synthetic neg control: A/B (raw offset 1.8 sd alon
[SYNTH_neg] done (14s)
