[SKAB] train windows 1161, test 1874 (anom 666, ambiguous 34)  (0s)
EMIT {"kind": "examples", "dataset": "SKAB", "seed": 0, "masked_examples": [], "ts": "2026-09-18 10:12:14"}
EMIT {"kind": "pairs", "dataset": "SKAB", "seed": 0, "pairs": [{"i": 0, "j": 1, "D": 29.233, "valley": 0.0, "lda_err": 0.0, "close_distinct": false}, {"i": 0, "j": 2, "D": 22.067, "valley": 0.0, "lda_err": null, "close_distinct": false}, {"i": 0, "j": 3, "D": 13.945, "valley": 0.0, "lda_err": 0.0, "close
EMIT {"kind": "main", "dataset": "SKAB", "seed": 0, "K": 4, "bic": {"2": 33820.4, "3": 32519.3, "4": 30409.3, "6": 30417.5, "8": 30497.3, "12": 31489.6, "16": 32627.2}, "labelled": true, "n_train": 1161, "nch": 8, "W": 20, "ST": 10, "note": "1 Hz; alternate files train/test; train = all-normal runs of tr
EMIT {"kind": "examples", "dataset": "SKAB", "seed": 1, "masked_examples": [{"t": 95, "stream": 0, "E": 2, "absorber": 0, "s_E": 27.99, "s_other": 8.72, "s_NC": 8.72}], "ts": "2026-09-18 10:12:15"}
EMIT {"kind": "pairs", "dataset": "SKAB", "seed": 1, "pairs": [{"i": 0, "j": 1, "D": 37.886, "valley": 0.0, "lda_err": 0.0, "close_distinct": false}, {"i": 0, "j": 2, "D": 1.943, "valley": 0.9847, "lda_err": 0.0826, "close_distinct": false}, {"i": 0, "j": 3, "D": 37.365, "valley": 0.0, "lda_err": 0.0, "c
EMIT {"kind": "main", "dataset": "SKAB", "seed": 1, "K": 6, "bic": {"2": 33820.4, "3": 31710.3, "4": 30409.3, "6": 30025.1, "8": 30338.6, "12": 31435.2, "16": 32468.5}, "labelled": true, "n_train": 1161, "nch": 8, "W": 20, "ST": 10, "note": "1 Hz; alternate files train/test; train = all-normal runs of tr
EMIT {"kind": "examples", "dataset": "SKAB", "seed": 2, "masked_examples": [{"t": 87, "stream": 0, "E": 0, "absorber": 3, "s_E": 34.63, "s_other": 9.82, "s_NC": 9.82}, {"t": 95, "stream": 0, "E": 0, "absorber": 3, "s_E": 28.03, "s_other": 8.72, "s_NC": 8.72}], "ts": "2026-09-18 10:12:16"}
EMIT {"kind": "pairs", "dataset": "SKAB", "seed": 2, "pairs": [{"i": 0, "j": 1, "D": 29.417, "valley": 0.0, "lda_err": 0.0, "close_distinct": false}, {"i": 0, "j": 2, "D": 13.969, "valley": 0.0, "lda_err": 0.0, "close_distinct": false}, {"i": 0, "j": 3, "D": 1.937, "valley": 0.9857, "lda_err": 0.0854, "c
EMIT {"kind": "main", "dataset": "SKAB", "seed": 2, "K": 6, "bic": {"2": 33820.4, "3": 31710.3, "4": 31169.5, "6": 30021.0, "8": 30256.5, "12": 31398.9, "16": 32493.5}, "labelled": true, "n_train": 1161, "nch": 8, "W": 20, "ST": 10, "note": "1 Hz; alternate files train/test; train = all-normal runs of tr
[SKAB] done (5s)
[MetroPT] train windows 1483, test 3571 (anom 93, ambiguous 6)  (0s)
EMIT {"kind": "examples", "dataset": "MetroPT", "seed": 0, "masked_examples": [], "ts": "2026-09-18 10:12:18"}
EMIT {"kind": "pairs", "dataset": "MetroPT", "seed": 0, "pairs": [{"i": 0, "j": 1, "D": 18.783, "valley": 0.0009, "lda_err": 0.0, "close_distinct": false}, {"i": 0, "j": 2, "D": 89.834, "valley": 0.0, "lda_err": 0.0, "close_distinct": false}, {"i": 0, "j": 3, "D": 6.549, "valley": 0.0001, "lda_err": 0.01
EMIT {"kind": "main", "dataset": "MetroPT", "seed": 0, "K": 12, "bic": {"2": 48014.8, "3": 37668.6, "4": 29922.6, "6": 24745.4, "8": 24454.1, "12": 21875.3, "16": 22510.4}, "labelled": true, "n_train": 1483, "nch": 15, "W": 60, "ST": 30, "note": "1-min resample; W=60 (1 h); labels = 3 published failure w
EMIT {"kind": "examples", "dataset": "MetroPT", "seed": 1, "masked_examples": [], "ts": "2026-09-18 10:12:20"}
EMIT {"kind": "pairs", "dataset": "MetroPT", "seed": 1, "pairs": [{"i": 0, "j": 1, "D": 13.217, "valley": 0.0, "lda_err": 0.0, "close_distinct": true}, {"i": 0, "j": 2, "D": 86.483, "valley": 0.0, "lda_err": 0.0, "close_distinct": false}, {"i": 0, "j": 3, "D": 2.198, "valley": 1.0083, "lda_err": 0.0996, 
EMIT {"kind": "main", "dataset": "MetroPT", "seed": 1, "K": 16, "bic": {"2": 59204.5, "3": 37668.6, "4": 29922.4, "6": 30070.2, "8": 25818.4, "12": 22224.6, "16": 21937.5}, "labelled": true, "n_train": 1483, "nch": 15, "W": 60, "ST": 30, "note": "1-min resample; W=60 (1 h); labels = 3 published failure w
EMIT {"kind": "examples", "dataset": "MetroPT", "seed": 2, "masked_examples": [], "ts": "2026-09-18 10:12:22"}
EMIT {"kind": "pairs", "dataset": "MetroPT", "seed": 2, "pairs": [{"i": 0, "j": 1, "D": 96.414, "valley": 0.0, "lda_err": 0.0, "close_distinct": false}, {"i": 0, "j": 2, "D": 12.525, "valley": 0.0007, "lda_err": 0.0012, "close_distinct": true}, {"i": 0, "j": 3, "D": 5.706, "valley": 0.0007, "lda_err": 0.
EMIT {"kind": "main", "dataset": "MetroPT", "seed": 2, "K": 12, "bic": {"2": 40687.0, "3": 37668.6, "4": 28699.5, "6": 23842.7, "8": 24227.3, "12": 23470.2, "16": 24021.3}, "labelled": true, "n_train": 1483, "nch": 15, "W": 60, "ST": 30, "note": "1-min resample; W=60 (1 h); labels = 3 published failure w
[MetroPT] done (5s)
[WindSCADA] train windows 10346, test 14230 (anom 469, ambiguous 14)  (10s)
EMIT {"kind": "examples", "dataset": "WindSCADA", "seed": 0, "masked_examples": [{"t": 2201, "stream": 0, "E": 9, "absorber": 0, "s_E": 48.73, "s_other": 15.53, "s_NC": 15.53}, {"t": 2206, "stream": 0, "E": 9, "absorber": 5, "s_E": 226.7, "s_other": 15.39, "s_NC": 15.39}, {"t": 2207, "stream": 0, "E": 9,
EMIT {"kind": "pairs", "dataset": "WindSCADA", "seed": 0, "pairs": [{"i": 0, "j": 1, "D": 17.567, "valley": 0.0, "lda_err": 0.0, "close_distinct": false}, {"i": 0, "j": 2, "D": 21.438, "valley": 0.0, "lda_err": 0.0, "close_distinct": false}, {"i": 0, "j": 3, "D": 16.769, "valley": 0.0, "lda_err": 0.0, "c
EMIT {"kind": "main", "dataset": "WindSCADA", "seed": 0, "K": 16, "bic": {"2": 543790.2, "3": 531432.2, "4": 496517.9, "6": 479098.4, "8": 467789.2, "12": 456636.5, "16": 452758.8}, "labelled": true, "n_train": 10346, "nch": 79, "W": 12, "ST": 6, "note": "10-min SCADA T06; W=12 (2 h); anomaly = 72 h befo
EMIT {"kind": "examples", "dataset": "WindSCADA", "seed": 1, "masked_examples": [{"t": 2201, "stream": 0, "E": 4, "absorber": 9, "s_E": 43.52, "s_other": 15.44, "s_NC": 15.44}, {"t": 2206, "stream": 0, "E": 4, "absorber": 1, "s_E": 251.17, "s_other": 15.42, "s_NC": 15.42}, {"t": 2207, "stream": 0, "E": 4
EMIT {"kind": "pairs", "dataset": "WindSCADA", "seed": 1, "pairs": [{"i": 0, "j": 1, "D": 27.255, "valley": 0.0, "lda_err": 0.0, "close_distinct": false}, {"i": 0, "j": 2, "D": 11.074, "valley": 0.0004, "lda_err": 0.0, "close_distinct": false}, {"i": 0, "j": 3, "D": 3.822, "valley": 0.0075, "lda_err": 0.
EMIT {"kind": "main", "dataset": "WindSCADA", "seed": 1, "K": 16, "bic": {"2": 543790.2, "3": 513736.6, "4": 496512.4, "6": 479318.1, "8": 464880.0, "12": 457195.8, "16": 452536.8}, "labelled": true, "n_train": 10346, "nch": 79, "W": 12, "ST": 6, "note": "10-min SCADA T06; W=12 (2 h); anomaly = 72 h befo
EMIT {"kind": "examples", "dataset": "WindSCADA", "seed": 2, "masked_examples": [{"t": 2201, "stream": 0, "E": 10, "absorber": 2, "s_E": 47.88, "s_other": 15.5, "s_NC": 15.5}, {"t": 2206, "stream": 0, "E": 10, "absorber": 15, "s_E": 188.06, "s_other": 15.41, "s_NC": 15.41}, {"t": 2207, "stream": 0, "E": 
EMIT {"kind": "pairs", "dataset": "WindSCADA", "seed": 2, "pairs": [{"i": 0, "j": 1, "D": 10.095, "valley": 0.0, "lda_err": 0.0014, "close_distinct": true}, {"i": 0, "j": 2, "D": 6.0, "valley": 0.0007, "lda_err": 0.005, "close_distinct": true}, {"i": 0, "j": 3, "D": 2.772, "valley": 0.6464, "lda_err": 0.
EMIT {"kind": "main", "dataset": "WindSCADA", "seed": 2, "K": 16, "bic": {"2": 543790.2, "3": 513736.6, "4": 496512.3, "6": 479099.1, "8": 465663.0, "12": 457518.7, "16": 452743.0}, "labelled": true, "n_train": 10346, "nch": 79, "W": 12, "ST": 6, "note": "10-min SCADA T06; W=12 (2 h); anomaly = 72 h befo
[WindSCADA] done (35s)
[Cranfield] train windows 3336, test 9273 (anom 7747, ambiguous 21)  (1s)
EMIT {"kind": "examples", "dataset": "Cranfield", "seed": 0, "masked_examples": [], "ts": "2026-09-18 10:13:01"}
EMIT {"kind": "pairs", "dataset": "Cranfield", "seed": 0, "pairs": [{"i": 0, "j": 1, "D": 35.667, "valley": 0.0, "lda_err": 0.0, "close_distinct": false}, {"i": 0, "j": 2, "D": 5.371, "valley": 0.0798, "lda_err": 0.0142, "close_distinct": true}, {"i": 0, "j": 3, "D": 23.161, "valley": 0.0, "lda_err": 0.0
EMIT {"kind": "main", "dataset": "Cranfield", "seed": 0, "K": 16, "bic": {"2": 146070.7, "3": 138799.5, "4": 135916.3, "6": 127437.5, "8": 121839.5, "12": 121407.2, "16": 120394.1}, "labelled": true, "n_train": 3336, "nch": 24, "W": 20, "ST": 10, "note": "1 Hz, 24 ch; train T1-T3; test FaultyCase1-6 (lab
EMIT {"kind": "examples", "dataset": "Cranfield", "seed": 1, "masked_examples": [], "ts": "2026-09-18 10:13:04"}
EMIT {"kind": "pairs", "dataset": "Cranfield", "seed": 1, "pairs": [{"i": 0, "j": 1, "D": 33.013, "valley": 0.0, "lda_err": 0.0, "close_distinct": false}, {"i": 0, "j": 2, "D": 7.042, "valley": 0.0027, "lda_err": 0.0025, "close_distinct": true}, {"i": 0, "j": 3, "D": 24.518, "valley": 0.0, "lda_err": 0.0
EMIT {"kind": "main", "dataset": "Cranfield", "seed": 1, "K": 16, "bic": {"2": 146070.7, "3": 138800.2, "4": 137352.8, "6": 126430.7, "8": 123674.3, "12": 119489.2, "16": 117809.5}, "labelled": true, "n_train": 3336, "nch": 24, "W": 20, "ST": 10, "note": "1 Hz, 24 ch; train T1-T3; test FaultyCase1-6 (lab
EMIT {"kind": "examples", "dataset": "Cranfield", "seed": 2, "masked_examples": [], "ts": "2026-09-18 10:13:07"}
EMIT {"kind": "pairs", "dataset": "Cranfield", "seed": 2, "pairs": [{"i": 0, "j": 1, "D": 36.073, "valley": 0.0, "lda_err": 0.0, "close_distinct": false}, {"i": 0, "j": 2, "D": 4.909, "valley": 0.0727, "lda_err": 0.0226, "close_distinct": true}, {"i": 0, "j": 3, "D": 34.59, "valley": 0.0, "lda_err": 0.0,
EMIT {"kind": "main", "dataset": "Cranfield", "seed": 2, "K": 16, "bic": {"2": 146070.7, "3": 138800.2, "4": 133142.1, "6": 126834.9, "8": 123086.2, "12": 121444.6, "16": 120582.8}, "labelled": true, "n_train": 3336, "nch": 24, "W": 20, "ST": 10, "note": "1 Hz, 24 ch; train T1-T3; test FaultyCase1-6 (lab
[Cranfield] done (11s)
[CANbus] train windows 2581, normal-only  (3s)
EMIT {"kind": "pairs", "dataset": "CANbus", "seed": 0, "pairs": [{"i": 0, "j": 1, "D": 5.825, "valley": 0.0187, "lda_err": 0.0083, "close_distinct": true}, {"i": 0, "j": 2, "D": 6.79, "valley": 0.0266, "lda_err": 0.0024, "close_distinct": true}, {"i": 0, "j": 3, "D": 4.539, "valley": 0.039, "lda_err": 0.
EMIT {"kind": "main", "dataset": "CANbus", "seed": 0, "K": 12, "bic": {"2": 96553.8, "3": 94425.9, "4": 91488.5, "6": 89679.2, "8": 89472.0, "12": 89104.3, "16": 90045.0}, "labelled": false, "n_train": 2581, "nch": 8, "W": 6, "ST": 3, "note": "OBD-II 19 trips, 8 ch @ 4 s; W=6 (24 s); normal only", "pca_v
EMIT {"kind": "pairs", "dataset": "CANbus", "seed": 1, "pairs": [{"i": 0, "j": 1, "D": 4.488, "valley": 0.3032, "lda_err": 0.0126, "close_distinct": true}, {"i": 0, "j": 2, "D": 5.688, "valley": 0.007, "lda_err": 0.0013, "close_distinct": true}, {"i": 0, "j": 3, "D": 3.695, "valley": 0.3447, "lda_err": 0
EMIT {"kind": "main", "dataset": "CANbus", "seed": 1, "K": 8, "bic": {"2": 96553.8, "3": 94427.1, "4": 91489.4, "6": 90225.6, "8": 89430.3, "12": 89810.6, "16": 90733.7}, "labelled": false, "n_train": 2581, "nch": 8, "W": 6, "ST": 3, "note": "OBD-II 19 trips, 8 ch @ 4 s; W=6 (24 s); normal only", "pca_va
EMIT {"kind": "pairs", "dataset": "CANbus", "seed": 2, "pairs": [{"i": 0, "j": 1, "D": 8.62, "valley": 0.0005, "lda_err": 0.0, "close_distinct": true}, {"i": 0, "j": 2, "D": 2.603, "valley": 0.8289, "lda_err": 0.0744, "close_distinct": false}, {"i": 0, "j": 3, "D": 2.617, "valley": 0.1556, "lda_err": 0.0
EMIT {"kind": "main", "dataset": "CANbus", "seed": 2, "K": 8, "bic": {"2": 96554.3, "3": 94145.8, "4": 91488.5, "6": 90195.6, "8": 89213.7, "12": 89256.8, "16": 89861.9}, "labelled": false, "n_train": 2581, "nch": 8, "W": 6, "ST": 3, "note": "OBD-II 19 trips, 8 ch @ 4 s; W=6 (24 s); normal only", "pca_va
[CANbus] done (10s)
[MIIM_synth] train windows 3119, test 1999 (anom 151, ambiguous 0)  (0s)
EMIT {"kind": "examples", "dataset": "MIIM_synth", "seed": 0, "masked_examples": [{"t": 904, "stream": 0, "E": 4, "absorber": 5, "s_E": 39.03, "s_other": 7.94, "s_NC": 7.94}, {"t": 996, "stream": 0, "E": 14, "absorber": 5, "s_E": 478.48, "s_other": 7.64, "s_NC": 7.64}, {"t": 997, "stream": 0, "E": 14, "a
EMIT {"kind": "pairs", "dataset": "MIIM_synth", "seed": 0, "pairs": [{"i": 0, "j": 1, "D": 8.778, "valley": 0.0006, "lda_err": 0.0, "close_distinct": true}, {"i": 0, "j": 2, "D": 19.826, "valley": 0.0, "lda_err": 0.0, "close_distinct": false}, {"i": 0, "j": 3, "D": 42.073, "valley": 0.0, "lda_err": 0.0, 
EMIT {"kind": "main", "dataset": "MIIM_synth", "seed": 0, "K": 16, "bic": {"2": 130588.0, "3": 117344.2, "4": 113321.8, "6": 104286.6, "8": 102885.0, "12": 95980.7, "16": 94131.7}, "labelled": true, "n_train": 3119, "nch": 24, "W": null, "ST": null, "note": "paper's synthetic MIIM PoC (pre-windowed 144-d
EMIT {"kind": "examples", "dataset": "MIIM_synth", "seed": 1, "masked_examples": [{"t": 904, "stream": 0, "E": 12, "absorber": 1, "s_E": 24.97, "s_other": 7.93, "s_NC": 7.93}, {"t": 996, "stream": 0, "E": 8, "absorber": 1, "s_E": 579.78, "s_other": 7.63, "s_NC": 7.63}, {"t": 997, "stream": 0, "E": 8, "ab
EMIT {"kind": "pairs", "dataset": "MIIM_synth", "seed": 1, "pairs": [{"i": 0, "j": 1, "D": 15.421, "valley": 0.0, "lda_err": 0.0, "close_distinct": false}, {"i": 0, "j": 2, "D": 21.286, "valley": 0.0, "lda_err": 0.0, "close_distinct": false}, {"i": 0, "j": 3, "D": 10.303, "valley": 0.0001, "lda_err": 0.0
EMIT {"kind": "main", "dataset": "MIIM_synth", "seed": 1, "K": 16, "bic": {"2": 129003.9, "3": 122641.8, "4": 117694.7, "6": 107040.7, "8": 100713.9, "12": 95643.4, "16": 93832.6}, "labelled": true, "n_train": 3119, "nch": 24, "W": null, "ST": null, "note": "paper's synthetic MIIM PoC (pre-windowed 144-d
EMIT {"kind": "examples", "dataset": "MIIM_synth", "seed": 2, "masked_examples": [{"t": 996, "stream": 0, "E": 5, "absorber": 12, "s_E": 160.15, "s_other": 6.21, "s_NC": 6.21}, {"t": 997, "stream": 0, "E": 5, "absorber": 12, "s_E": 175.98, "s_other": 6.71, "s_NC": 6.71}, {"t": 1992, "stream": 0, "E": 2, 
EMIT {"kind": "pairs", "dataset": "MIIM_synth", "seed": 2, "pairs": [{"i": 0, "j": 1, "D": 13.347, "valley": 0.0015, "lda_err": 0.0, "close_distinct": false}, {"i": 0, "j": 2, "D": 36.613, "valley": 0.0, "lda_err": 0.0, "close_distinct": false}, {"i": 0, "j": 3, "D": 42.15, "valley": 0.0, "lda_err": 0.0,
EMIT {"kind": "main", "dataset": "MIIM_synth", "seed": 2, "K": 16, "bic": {"2": 129004.0, "3": 118701.7, "4": 114277.6, "6": 106431.5, "8": 102101.6, "12": 95541.5, "16": 93252.0}, "labelled": true, "n_train": 3119, "nch": 24, "W": null, "ST": null, "note": "paper's synthetic MIIM PoC (pre-windowed 144-d
[MIIM_synth] done (9s)
[AHU_office] train windows 3258, test 7298 (anom 2139, ambiguous 1774)  (1s)
EMIT {"kind": "examples", "dataset": "AHU_office", "seed": 0, "masked_examples": [], "ts": "2026-09-18 10:13:30"}
EMIT {"kind": "pairs", "dataset": "AHU_office", "seed": 0, "pairs": [{"i": 0, "j": 1, "D": 28.697, "valley": 0.0, "lda_err": 0.0, "close_distinct": false}, {"i": 0, "j": 2, "D": 17.817, "valley": 0.0, "lda_err": 0.0021, "close_distinct": false}, {"i": 0, "j": 3, "D": 22.277, "valley": 0.0, "lda_err": nul
EMIT {"kind": "main", "dataset": "AHU_office", "seed": 0, "K": 16, "bic": {"2": 110236.4, "3": 75346.6, "4": 70914.7, "6": 47242.8, "8": 40673.4, "12": 27708.3, "16": 22552.9}, "labelled": true, "n_train": 3258, "nch": 18, "W": 24, "ST": 12, "note": "office AHU x20, hourly, 18 ch (seasonal NaN->0); train
EMIT {"kind": "examples", "dataset": "AHU_office", "seed": 1, "masked_examples": [], "ts": "2026-09-18 10:13:33"}
EMIT {"kind": "pairs", "dataset": "AHU_office", "seed": 1, "pairs": [{"i": 0, "j": 1, "D": 14.677, "valley": 0.0, "lda_err": 0.0, "close_distinct": false}, {"i": 0, "j": 2, "D": 45.521, "valley": 0.0, "lda_err": 0.0, "close_distinct": false}, {"i": 0, "j": 3, "D": 37.756, "valley": 0.0, "lda_err": 0.0, "
EMIT {"kind": "main", "dataset": "AHU_office", "seed": 1, "K": 16, "bic": {"2": 108051.4, "3": 84066.3, "4": 54391.1, "6": 39217.5, "8": 34199.0, "12": 26413.8, "16": 19309.2}, "labelled": true, "n_train": 3258, "nch": 18, "W": 24, "ST": 12, "note": "office AHU x20, hourly, 18 ch (seasonal NaN->0); train
EMIT {"kind": "examples", "dataset": "AHU_office", "seed": 2, "masked_examples": [], "ts": "2026-09-18 10:13:36"}
EMIT {"kind": "pairs", "dataset": "AHU_office", "seed": 2, "pairs": [{"i": 0, "j": 1, "D": 17.045, "valley": 0.0, "lda_err": 0.0, "close_distinct": false}, {"i": 0, "j": 2, "D": 23.993, "valley": 0.0, "lda_err": 0.0, "close_distinct": false}, {"i": 0, "j": 3, "D": 16.911, "valley": 0.0, "lda_err": 0.0, "
EMIT {"kind": "main", "dataset": "AHU_office", "seed": 2, "K": 16, "bic": {"2": 108051.4, "3": 104065.2, "4": 70857.3, "6": 41070.3, "8": 42692.9, "12": 27449.4, "16": 21058.4}, "labelled": true, "n_train": 3258, "nch": 18, "W": 24, "ST": 12, "note": "office AHU x20, hourly, 18 ch (seasonal NaN->0); trai
[AHU_office] done (10s)
[SYNTH_neg] train windows 9999, test 9999 (anom 391, ambiguous 33)  (2s)
EMIT {"kind": "examples", "dataset": "SYNTH_neg", "seed": 0, "masked_examples": [], "ts": "2026-09-18 10:13:41"}
EMIT {"kind": "pairs", "dataset": "SYNTH_neg", "seed": 0, "pairs": [{"i": 0, "j": 1, "D": 21.33, "valley": 0.0, "lda_err": 0.0, "close_distinct": false}, {"i": 0, "j": 2, "D": 7.378, "valley": 0.0023, "lda_err": 0.0, "close_distinct": true}, {"i": 0, "j": 3, "D": 6.606, "valley": 0.0055, "lda_err": 0.002
EMIT {"kind": "main", "dataset": "SYNTH_neg", "seed": 0, "K": 4, "bic": {"2": 377400.3, "3": 369070.2, "4": 362786.9, "6": 363719.5, "8": 364717.7, "12": 366666.0, "16": 368596.1}, "labelled": true, "n_train": 9999, "nch": 24, "W": 60, "ST": 30, "note": "synthetic neg control: A/B (raw offset 1.8 sd alon
EMIT {"kind": "examples", "dataset": "SYNTH_neg", "seed": 1, "masked_examples": [], "ts": "2026-09-18 10:13:44"}
EMIT {"kind": "pairs", "dataset": "SYNTH_neg", "seed": 1, "pairs": [{"i": 0, "j": 1, "D": 6.602, "valley": 0.0054, "lda_err": 0.0053, "close_distinct": true}, {"i": 0, "j": 2, "D": 6.562, "valley": 0.0072, "lda_err": 0.0064, "close_distinct": true}, {"i": 0, "j": 3, "D": 6.372, "valley": 0.0088, "lda_err
EMIT {"kind": "main", "dataset": "SYNTH_neg", "seed": 1, "K": 6, "bic": {"2": 377400.3, "3": 369070.2, "4": 369426.5, "6": 363735.9, "8": 364679.0, "12": 366643.2, "16": 368632.9}, "labelled": true, "n_train": 9999, "nch": 24, "W": 60, "ST": 30, "note": "synthetic neg control: A/B (raw offset 1.8 sd alon
EMIT {"kind": "examples", "dataset": "SYNTH_neg", "seed": 2, "masked_examples": [], "ts": "2026-09-18 10:13:47"}
EMIT {"kind": "pairs", "dataset": "SYNTH_neg", "seed": 2, "pairs": [{"i": 0, "j": 1, "D": 6.156, "valley": 0.0123, "lda_err": 0.0037, "close_distinct": true}, {"i": 0, "j": 2, "D": 6.457, "valley": 0.0088, "lda_err": 0.0034, "close_distinct": true}, {"i": 0, "j": 3, "D": 6.339, "valley": 0.0081, "lda_err
EMIT {"kind": "main", "dataset": "SYNTH_neg", "seed": 2, "K": 4, "bic": {"2": 377400.3, "3": 369070.2, "4": 362787.6, "6": 363696.8, "8": 364739.6, "12": 366603.6, "16": 368553.3}, "labelled": true, "n_train": 9999, "nch": 24, "W": 60, "ST": 30, "note": "synthetic neg control: A/B (raw offset 1.8 sd alon
[SYNTH_neg] done (12s)
