C:\Users\apart\AppData\Roaming\Python\Python314\site-packages\torch\cuda\__init__.py:65: FutureWarning: The pynvml package is deprecated. Please install nvidia-ml-py instead. If you did not install pynvml directly, please report this to the maintainers of the package that installed pynvml for you.
  import pynvml  # type: ignore[import]
kappa=0.0 gap=4.0 seed=0 K=3 | recon v/b/c/o = 0.500/0.500/0.491/1.000 | density = 0.582/0.739/0.556/0.520 | linrec = 0.490/0.490/0.491/1.000  [15s]
kappa=0.0 gap=4.0 seed=1 K=2 | recon v/b/c/o = 0.520/0.496/0.482/1.000 | density = 0.595/0.759/0.576/0.525 | linrec = 0.515/0.492/0.479/1.000  [29s]
kappa=0.0 gap=4.0 seed=2 K=2 | recon v/b/c/o = 0.517/0.545/0.521/1.000 | density = 0.610/0.763/0.584/0.533 | linrec = 0.509/0.540/0.517/1.000  [41s]
kappa=0.0 gap=6.0 seed=0 K=2 | recon v/b/c/o = 0.513/0.503/0.506/1.000 | density = 0.847/0.904/0.825/0.618 | linrec = 0.484/0.491/0.488/1.000  [53s]
kappa=0.0 gap=6.0 seed=1 K=2 | recon v/b/c/o = 0.549/0.503/0.506/1.000 | density = 0.829/0.915/0.828/0.599 | linrec = 0.518/0.497/0.475/1.000  [65s]
kappa=0.0 gap=6.0 seed=2 K=2 | recon v/b/c/o = 0.545/0.544/0.556/1.000 | density = 0.852/0.911/0.831/0.596 | linrec = 0.509/0.539/0.519/1.000  [77s]
kappa=0.0 gap=8.0 seed=0 K=2 | recon v/b/c/o = 0.552/0.518/0.560/1.000 | density = 0.965/0.975/0.957/0.712 | linrec = 0.481/0.492/0.488/1.000  [89s]
kappa=0.0 gap=8.0 seed=1 K=2 | recon v/b/c/o = 0.612/0.515/0.566/1.000 | density = 0.952/0.979/0.960/0.691 | linrec = 0.518/0.502/0.473/1.000  [101s]
kappa=0.0 gap=8.0 seed=2 K=2 | recon v/b/c/o = 0.605/0.554/0.613/1.000 | density = 0.963/0.982/0.958/0.703 | linrec = 0.507/0.538/0.520/1.000  [112s]
kappa=0.0 gap=12.0 seed=0 K=2 | recon v/b/c/o = 0.717/0.546/0.721/1.000 | density = 1.000/1.000/1.000/0.894 | linrec = 0.477/0.494/0.490/1.000  [124s]
kappa=0.0 gap=12.0 seed=1 K=2 | recon v/b/c/o = 0.799/0.558/0.781/1.000 | density = 0.999/1.000/1.000/0.873 | linrec = 0.517/0.508/0.472/1.000  [136s]
kappa=0.0 gap=12.0 seed=2 K=2 | recon v/b/c/o = 0.915/0.557/0.913/1.000 | density = 1.000/1.000/1.000/0.863 | linrec = 0.506/0.537/0.521/1.000  [148s]
kappa=0.5 gap=4.0 seed=0 K=4 | recon v/b/c/o = 0.518/0.556/0.999/1.000 | density = 0.497/0.787/0.490/0.535 | linrec = 0.499/0.856/0.205/0.987  [160s]
kappa=0.5 gap=4.0 seed=1 K=4 | recon v/b/c/o = 0.518/0.580/0.992/1.000 | density = 0.517/0.747/0.505/0.478 | linrec = 0.463/0.864/0.248/0.993  [172s]
kappa=0.5 gap=4.0 seed=2 K=4 | recon v/b/c/o = 0.528/0.613/0.999/1.000 | density = 0.508/0.765/0.503/0.505 | linrec = 0.501/0.875/0.237/0.991  [184s]
kappa=0.5 gap=6.0 seed=0 K=4 | recon v/b/c/o = 0.565/0.630/1.000/1.000 | density = 0.738/0.922/0.691/0.564 | linrec = 0.681/0.961/0.127/1.000  [196s]
kappa=0.5 gap=6.0 seed=1 K=4 | recon v/b/c/o = 0.593/0.727/1.000/1.000 | density = 0.762/0.902/0.734/0.546 | linrec = 0.614/0.967/0.153/1.000  [207s]
kappa=0.5 gap=6.0 seed=2 K=3 | recon v/b/c/o = 0.585/0.743/1.000/1.000 | density = 0.734/0.920/0.691/0.543 | linrec = 0.685/0.973/0.152/1.000  [217s]
kappa=0.5 gap=8.0 seed=0 K=4 | recon v/b/c/o = 0.689/0.791/1.000/1.000 | density = 0.919/0.982/0.853/0.653 | linrec = 0.845/0.995/0.088/1.000  [225s]
kappa=0.5 gap=8.0 seed=1 K=3 | recon v/b/c/o = 0.727/0.865/1.000/1.000 | density = 0.929/0.980/0.906/0.603 | linrec = 0.790/0.995/0.104/1.000  [234s]
kappa=0.5 gap=8.0 seed=2 K=2 | recon v/b/c/o = 0.681/0.879/1.000/1.000 | density = 0.888/0.986/0.840/0.630 | linrec = 0.847/0.996/0.113/1.000  [242s]
kappa=0.5 gap=12.0 seed=0 K=2 | recon v/b/c/o = 0.948/0.987/1.000/1.000 | density = 0.986/1.000/0.971/0.786 | linrec = 0.975/1.000/0.052/1.000  [251s]
kappa=0.5 gap=12.0 seed=1 K=2 | recon v/b/c/o = 0.993/0.999/1.000/1.000 | density = 0.996/1.000/0.995/0.773 | linrec = 0.968/1.000/0.061/1.000  [259s]
kappa=0.5 gap=12.0 seed=2 K=2 | recon v/b/c/o = 0.966/0.991/1.000/1.000 | density = 0.984/1.000/0.962/0.811 | linrec = 0.972/1.000/0.096/1.000  [268s]
kappa=1.0 gap=4.0 seed=0 K=4 | recon v/b/c/o = 0.599/0.619/0.994/1.000 | density = 0.485/0.783/0.445/0.496 | linrec = 0.467/0.889/0.243/0.926  [276s]
kappa=1.0 gap=4.0 seed=1 K=4 | recon v/b/c/o = 0.517/0.620/0.996/1.000 | density = 0.492/0.735/0.491/0.450 | linrec = 0.468/0.879/0.277/0.934  [285s]
kappa=1.0 gap=4.0 seed=2 K=4 | recon v/b/c/o = 0.531/0.654/0.999/1.000 | density = 0.487/0.764/0.492/0.475 | linrec = 0.461/0.887/0.282/0.943  [293s]
kappa=1.0 gap=6.0 seed=0 K=4 | recon v/b/c/o = 0.761/0.738/0.999/1.000 | density = 0.678/0.928/0.581/0.582 | linrec = 0.635/0.973/0.156/0.990  [302s]
kappa=1.0 gap=6.0 seed=1 K=4 | recon v/b/c/o = 0.607/0.756/1.000/1.000 | density = 0.712/0.889/0.662/0.457 | linrec = 0.597/0.966/0.181/0.993  [310s]
kappa=1.0 gap=6.0 seed=2 K=4 | recon v/b/c/o = 0.666/0.789/1.000/1.000 | density = 0.693/0.915/0.644/0.523 | linrec = 0.567/0.969/0.207/0.995  [319s]
kappa=1.0 gap=8.0 seed=0 K=4 | recon v/b/c/o = 0.918/0.876/1.000/1.000 | density = 0.895/0.986/0.747/0.685 | linrec = 0.759/0.996/0.133/1.000  [328s]
kappa=1.0 gap=8.0 seed=1 K=4 | recon v/b/c/o = 0.782/0.905/1.000/1.000 | density = 0.883/0.982/0.835/0.549 | linrec = 0.743/0.994/0.132/1.000  [336s]
kappa=1.0 gap=8.0 seed=2 K=4 | recon v/b/c/o = 0.812/0.911/1.000/1.000 | density = 0.890/0.982/0.803/0.596 | linrec = 0.692/0.993/0.186/1.000  [346s]
kappa=1.0 gap=12.0 seed=0 K=4 | recon v/b/c/o = 0.989/0.988/1.000/1.000 | density = 0.968/1.000/0.897/0.794 | linrec = 0.829/1.000/0.174/1.000  [357s]
kappa=1.0 gap=12.0 seed=1 K=3 | recon v/b/c/o = 0.987/0.998/1.000/1.000 | density = 0.990/1.000/0.979/0.793 | linrec = 0.588/0.991/0.242/1.000  [369s]
kappa=1.0 gap=12.0 seed=2 K=4 | recon v/b/c/o = 0.998/1.000/1.000/1.000 | density = 0.993/1.000/0.950/0.796 | linrec = 0.832/1.000/0.242/1.000  [380s]

SUMMARY seed-mean AUROC, kinds valley/beyond/chord/off
  kappa=0.0 gap=  4.0 | recon 0.512/0.514/0.498/1.000 | density 0.596/0.754/0.572/0.526 | linrec 0.505/0.507/0.495/1.000 | recall@1% recon v/b 0.02/0.02 density v/b 0.01/0.12
  kappa=0.0 gap=  6.0 | recon 0.536/0.517/0.522/1.000 | density 0.843/0.910/0.828/0.604 | linrec 0.504/0.509/0.494/1.000 | recall@1% recon v/b 0.02/0.02 density v/b 0.05/0.40
  kappa=0.0 gap=  8.0 | recon 0.590/0.529/0.580/1.000 | density 0.960/0.979/0.959/0.702 | linrec 0.502/0.511/0.494/1.000 | recall@1% recon v/b 0.02/0.02 density v/b 0.48/0.71
  kappa=0.0 gap= 12.0 | recon 0.810/0.554/0.805/1.000 | density 0.999/1.000/1.000/0.877 | linrec 0.500/0.513/0.495/1.000 | recall@1% recon v/b 0.29/0.02 density v/b 0.99/1.00
  kappa=0.5 gap=  4.0 | recon 0.521/0.583/0.996/1.000 | density 0.507/0.766/0.499/0.506 | linrec 0.488/0.865/0.230/0.990 | recall@1% recon v/b 0.01/0.07 density v/b 0.00/0.12
  kappa=0.5 gap=  6.0 | recon 0.581/0.700/1.000/1.000 | density 0.745/0.915/0.705/0.551 | linrec 0.660/0.967/0.144/1.000 | recall@1% recon v/b 0.01/0.21 density v/b 0.02/0.41
  kappa=0.5 gap=  8.0 | recon 0.699/0.845/1.000/1.000 | density 0.912/0.983/0.866/0.629 | linrec 0.827/0.995/0.102/1.000 | recall@1% recon v/b 0.07/0.49 density v/b 0.07/0.76
  kappa=0.5 gap= 12.0 | recon 0.969/0.992/1.000/1.000 | density 0.989/1.000/0.976/0.790 | linrec 0.971/1.000/0.070/1.000 | recall@1% recon v/b 0.68/0.95 density v/b 0.57/1.00
  kappa=1.0 gap=  4.0 | recon 0.549/0.631/0.996/1.000 | density 0.488/0.761/0.476/0.473 | linrec 0.465/0.885/0.267/0.934 | recall@1% recon v/b 0.01/0.08 density v/b 0.00/0.13
  kappa=1.0 gap=  6.0 | recon 0.678/0.761/1.000/1.000 | density 0.694/0.911/0.629/0.521 | linrec 0.600/0.970/0.181/0.993 | recall@1% recon v/b 0.10/0.29 density v/b 0.01/0.44
  kappa=1.0 gap=  8.0 | recon 0.837/0.897/1.000/1.000 | density 0.890/0.983/0.795/0.610 | linrec 0.731/0.994/0.150/1.000 | recall@1% recon v/b 0.28/0.58 density v/b 0.05/0.78
  kappa=1.0 gap= 12.0 | recon 0.991/0.995/1.000/1.000 | density 0.984/1.000/0.942/0.794 | linrec 0.750/0.997/0.219/1.000 | recall@1% recon v/b 0.87/0.96 density v/b 0.59/1.00
figure saved
