CONTROL: {"fixed_kde": {"auroc": 0.999, "rare_vs_anom_auroc": 0.994, "rare_normal_score": 22.11, "common_normal_score": 16.664}, "lof": {"auroc": 0.993, "rare_vs_anom_auroc": 0.994, "rare_normal_score": 1.071, "common_normal_score": 1.071}, "rare_penalty_ratio_lof": 1.0, "rare_penalty_ratio_fixed_kde": 1.327, "INVARIANT_lof_less_rare_penalty": true}
  [WADI] seed 0: diff gmm=0.854 fix=0.857 lof=0.819
  [WADI] seed 1: diff gmm=0.841 fix=0.854 lof=0.816
  [WADI] seed 2: diff gmm=0.873 fix=0.858 lof=0.819
  [WADI] seed 3: diff gmm=0.847 fix=0.851 lof=0.845
  [WADI] seed 4: diff gmm=0.878 fix=0.863 lof=0.811
== WADI: diff gmm=0.8586 fixed=0.8567 lof=0.822  adap-fixed CI={'mean': -0.0351, 'lo': -0.1267, 'hi': 0.0643, 'p_le0': 0.7579}
  [HAI] seed 0: diff gmm=0.979 fix=0.969 lof=0.958
  [HAI] seed 1: diff gmm=0.967 fix=0.965 lof=0.961
  [HAI] seed 2: diff gmm=0.971 fix=0.968 lof=0.960
  [HAI] seed 3: diff gmm=0.974 fix=0.970 lof=0.960
  [HAI] seed 4: diff gmm=0.971 fix=0.969 lof=0.960
== HAI: diff gmm=0.9723 fixed=0.9683 lof=0.9597  adap-fixed CI={'mean': -0.0086, 'lo': -0.0126, 'hi': -0.0043, 'p_le0': 0.9951}
  [SWaT] seed 0: diff gmm=1.000 fix=0.999 lof=0.996
  [SWaT] seed 1: diff gmm=1.000 fix=0.999 lof=0.983
  [SWaT] seed 2: diff gmm=1.000 fix=0.999 lof=0.998
  [SWaT] seed 3: diff gmm=1.000 fix=0.999 lof=0.969
  [SWaT] seed 4: diff gmm=1.000 fix=0.999 lof=0.998
== SWaT: diff gmm=0.9998 fixed=0.9992 lof=0.9887  adap-fixed CI={'mean': -0.0105, 'lo': -0.0161, 'hi': -0.0057, 'p_le0': 0.955}
saved adaptive_density.json  (576s)
