  even_seed0: n=3000 E=2.923 H=0.0523 nullmax=0.455 z=39.2 p_blk=0.0010 mmd2=0.0689 p=0.0010
  random_seed0: n=3000 E=2.889 H=0.0513 nullmax=0.659 z=34.0 p_blk=0.0010 mmd2=0.0674 p=0.0010
  random_seed1: n=3000 E=3.001 H=0.0533 nullmax=0.582 z=36.4 p_blk=0.0010 mmd2=0.0705 p=0.0010
  random_seed2: n=3000 E=2.850 H=0.0512 nullmax=0.619 z=36.0 p_blk=0.0010 mmd2=0.0674 p=0.0010
  null_ref_train_first_vs_second_half: n=3000 E=7.293 H=0.1438 nullmax=0.590 z=98.6 p_blk=0.0033 mmd2=0.1848 p=0.0033
  fifths: [2.951, 3.383, 2.206, 5.455, 4.975] {'energy_ratio_to_max_fifth': 0.5358309506704809, 'energy_ratio_to_mean_fifth': 0.7703577188242953, 'within_train_energy': {'mean': 3.7942612958765536, 'max': 5.454963870335089, 'last_fifth': 4.97533814984865}} [756s]
  occ vade_regimes: TV=0.475 KL=0.740 mass<1%=0.097 top=0.11 nullTV=0.772 {'train': 0.003976251429816439, 'test': 0.06303381096915367, 'share_of_tv': 0.06212036980208669} 
  occ kmeans8: TV=0.555 KL=0.980 mass<1%=0.052 top=0.22 nullTV=0.856  {'mode': 1, 'frac_block_in_mode': 0.9984520123839009, 'train_share': 0.00038128438368102837, 'test_share': 0.05230465165525517}
  occ kmeans16: TV=0.552 KL=1.135 mass<1%=0.157 top=0.16 nullTV=0.872  {'mode': 2, 'frac_block_in_mode': 0.9984520123839009, 'train_share': 0.00016340759300615502, 'test_share': 0.05082233359215077}
  occ kmeans32: TV=0.554 KL=2.161 mass<1%=0.287 top=0.10 nullTV=0.853  {'mode': 1, 'frac_block_in_mode': 0.9953560371517027, 'train_share': 0.0, 'test_share': 0.05032822757111598}
  occ kmeans64: TV=0.552 KL=2.435 mass<1%=0.486 top=0.05 nullTV=0.872  {'mode': 2, 'frac_block_in_mode': 0.5882352941176471, 'train_share': 0.0, 'test_share': 0.02752876402908167}
  VaDE regime of block windows: [21 15 39] shares [0.998 0.002 0.   ] [784s]
  C2ST: {'auc': 0.9416981111111111, 'n_per_class': 3000, 'null_auc_mean': 0.4802880000000001, 'null_auc_max': 0.5476902222222222, 'n_null': 5, 'p_vs_block_null': 0.16666666666666666, 'null_ref_train_halves_auc': 0.9087700000000001} [885s]
  structure: {'p_gt_0.9': {'n': 10058, 'n_runs': 171, 'longest_run': 1858, 'n_runs_ge30': 44, 'frac_in_runs_ge30': 0.9435275402664546, 'frac_singletons': 0.003976933784052496, 'runs_ge30': [(0, 318, 319), (339, 428, 90), (441, 568, 128), (589, 634, 46), (669, 733, 65), (866, 1274, 409), (1278, 2618, 1341), (2634, 2718, 85), (2732, 2828, 97), (2848, 2952, 105), (2964, 3058, 95), (3078, 3298, 221), (3313, 3428, 116), (3436, 3524, 89), (3555, 3595, 41), (3638, 3672, 35), (4120, 4158, 39), (4193, 5483, 1291), (5497, 5698, 202), (5718, 5824, 107), (5839, 6024, 186), (6063, 6093, 31), (6103, 6178, 76), (6212, 6320, 109), (6335, 6416, 82)], 'frac_of_test_normal': 0.7099597656525729}, 'p_gt_0.95': {'n': 9485, 'n_runs': 207, 'longest_run': 1858, 'n_runs_ge30': 41, 'frac_in_runs_ge30': 0.9006852925672114, 'frac_singletons': 0.004217185028993147, 'runs_ge30': [(0, 318, 319), (339, 428, 90), (441, 568, 128), (589, 634, 46), (669, 705, 37), (866, 909, 44), (913, 960, 48), (965, 1087, 123), (1092, 1148, 57), (1152, 1192, 41), (1219, 1250, 32), (1294, 2618, 1325), (2634, 2718, 85), (2732, 2828, 97), (2848, 2952, 105), (2964, 3058, 95), (3078, 3298, 221), (3313, 3428, 116), (3436, 3524, 89), (4212, 5483, 1272), (5497, 5698, 202), (5718, 5824, 107), (5839, 5920, 82), (5992, 6023, 32), (6212, 6320, 109)], 'frac_of_test_normal': 0.6695136585021529}, 'oof_quantiles_test_normal': {'0.1': 0.2934628238991176, '0.5': 0.9954686136286319, '0.9': 0.9999816830727859, '0.99': 1.0}, 'hai_ref_block_6436_7081': {'n_normal_in_block': 646, 'mean_oof_in_block': 0.9999443463169572, 'frac_gt_0p9_in_block': 1.0, 'mean_oof_outside': 0.8266181889653879, 'frac_gt_0p9_outside': 0.6961023592929517}}
  relOOS: {'random10': {'q0.9': {'heldout_train_rate': 0.0991825613079019, 'test_normal_rate': 0.5596103621091268, 'ratio': 5.642225354232131}, 'q0.95': {'heldout_train_rate': 0.0555858310626703, 'test_normal_rate': 0.44681301616432556, 'ratio': 8.038253771191544}, 'q0.99': {'heldout_train_rate': 0.008174386920980926, 'test_normal_rate': 0.19432483941554315, 'ratio': 23.772405355168114}, 'median_d1_ratio_test_over_heldout': 1.3172150272887833}, 'last10_temporal': {'q0.9': {'heldout_train_rate': 0.17275204359673024, 'test_normal_rate': 0.5808569210136232, 'ratio': 3.3623736594952636}, 'q0.95': {'heldout_train_rate': 0.11280653950953679, 'test_normal_rate': 0.4612832639232018, 'ratio': 4.089153571493117}, 'q0.99': {'heldout_train_rate': 0.07138964577656676, 'test_normal_rate': 0.2176889955530458, 'ratio': 3.049307685800298}, 'median_d1_ratio_test_over_heldout': 1.2662269136313526}} [889s]
  size curve energy: {'0.1': {'random_mean': 2.86466154887761, 'prefix': 7.607215612277972}, '0.25': {'random_mean': 2.8947048851041672, 'prefix': 7.546032203180072}, '0.5': {'random_mean': 2.902026637888728, 'prefix': 8.430706350633184}, '0.75': {'random_mean': 2.918950321031884, 'prefix': 4.869824652089857}, '1.0': {'random_mean': 2.9129138832042507, 'prefix': 2.9129138832042507}} [1072s]
  [train_only] N=6000
    leaders_x2         random: [73.3, 106.3, 153.0, 198.3, 246.7, 286.7, 338.0]  prefix: [30, 69, 108, 158, 209, 294, 368]  Smax=448.7 at_full=0.75 rise.5-1=0.37 prefix rise.5-1=0.76
    leaders_x2_ge5     random: [17.7, 29.7, 55.7, 85.7, 111.0, 139.7, 171.0]  prefix: [12, 28, 48, 71, 98, 149, 189]  Smax=360.6 at_full=0.47 rise.5-1=0.54 prefix rise.5-1=0.93
    leaders_x4         random: [4.3, 5.3, 8.0, 12.3, 18.7, 19.3, 26.0]  prefix: [1, 6, 8, 11, 14, 19, 24]  Smax=49.2 at_full=0.53 rise.5-1=0.39 prefix rise.5-1=0.71
    leaders_x4_ge5     random: [1.3, 1.7, 2.0, 3.7, 4.3, 4.0, 6.0]  prefix: [1, 1, 1, 2, 2, 4, 5]  Smax=8.0 at_full=0.75 rise.5-1=0.38 prefix rise.5-1=1.50
    leaders_x8         random: [2.3, 2.7, 5.0, 6.3, 9.7, 11.0, 11.0]  prefix: [1, 3, 4, 6, 7, 9, 11]  Smax=17.1 at_full=0.64 rise.5-1=0.14 prefix rise.5-1=0.57
    leaders_x8_ge5     random: [1.0, 1.0, 1.0, 1.0, 1.0, 1.0, 2.0]  prefix: [1, 1, 1, 1, 1, 1, 1]  Smax=1.3 at_full=1.53 rise.5-1=1.00 prefix rise.5-1=0.00
    gmm_bic            random: [12.0, 16.0, 29.3, 37.3, 37.3, 64.0, 96.0]  prefix: [6, 16, 24, 32, 48, 48, 96]  Smax=1129.2 at_full=0.09 rise.5-1=1.57 prefix rise.5-1=1.00
    gmm_aic            random: [14.7, 32.0, 64.0, 128.0, 192.0, 256.0, 256.0]  prefix: [16, 32, 64, 128, 192, 256, 256]  Smax=654.7 at_full=0.39 rise.5-1=0.33 prefix rise.5-1=0.33
    gmm_bic_2x         random: [3.0, 6.0, 8.7, 18.7, 29.3, 32.0, 48.0]  prefix: [4, 4, 8, 16, 12, 24, 48]  Smax=289.5 at_full=0.17 rise.5-1=0.64 prefix rise.5-1=3.00
    gmm_bic_4x         random: [3.0, 2.7, 4.7, 6.7, 12.0, 18.7, 24.0]  prefix: [2, 4, 8, 8, 12, 16, 24]  Smax=74999.2 at_full=0.00 rise.5-1=1.00 prefix rise.5-1=1.00
    gmm_vb_dp          random: [8.3, 11.3, 18.7, 24.0, 29.0, 32.7, 35.0]  prefix: [7, 10, 14, 17, 26, 30, 35]  Smax=45.0 at_full=0.78 rise.5-1=0.21 prefix rise.5-1=0.35
  [1595s]
  [full_normal_stream] N=6000
    leaders_x2         random: [97.3, 140.3, 205.3, 284.7, 327.0, 409.0, 509.0]  prefix: [46, 76, 115, 191, 256, 395, 517]  Smax=742.9 at_full=0.69 rise.5-1=0.56 prefix rise.5-1=1.02
    leaders_x2_ge5     random: [17.7, 34.0, 62.0, 95.3, 116.7, 161.7, 185.0]  prefix: [18, 32, 51, 86, 112, 158, 203]  Smax=389.7 at_full=0.47 rise.5-1=0.59 prefix rise.5-1=0.81
    leaders_x4         random: [6.7, 9.3, 15.7, 22.7, 24.3, 33.3, 45.0]  prefix: [2, 5, 8, 12, 19, 31, 44]  Smax=88.9 at_full=0.51 rise.5-1=0.85 prefix rise.5-1=1.32
    leaders_x4_ge5     random: [3.0, 4.3, 4.7, 6.3, 6.3, 7.7, 9.0]  prefix: [1, 1, 1, 1, 2, 7, 11]  Smax=9.3 at_full=0.97 rise.5-1=0.42 prefix rise.5-1=4.50
    leaders_x8         random: [3.3, 4.7, 5.3, 9.0, 9.0, 12.7, 16.0]  prefix: [1, 3, 4, 7, 8, 13, 15]  Smax=25.3 at_full=0.63 rise.5-1=0.78 prefix rise.5-1=0.88
    leaders_x8_ge5     random: [2.0, 2.0, 2.0, 2.0, 2.0, 2.0, 2.0]  prefix: [1, 1, 1, 1, 1, 1, 2]  Smax=2.0 at_full=1.00 rise.5-1=0.00 prefix rise.5-1=1.00
    gmm_bic            random: [8.7, 18.7, 26.7, 37.3, 48.0, 64.0, 96.0]  prefix: [6, 16, 24, 24, 48, 64, 96]  Smax=457.9 at_full=0.21 rise.5-1=1.00 prefix rise.5-1=1.00
    gmm_aic            random: [16.0, 32.0, 64.0, 128.0, 192.0, 256.0, 256.0]  prefix: [16, 32, 64, 128, 192, 256, 256]  Smax=652.7 at_full=0.39 rise.5-1=0.33 prefix rise.5-1=0.33
    gmm_bic_2x         random: [4.0, 6.0, 10.7, 21.3, 24.0, 29.3, 48.0]  prefix: [3, 6, 12, 16, 24, 24, 48]  Smax=322.9 at_full=0.15 rise.5-1=1.00 prefix rise.5-1=1.00
    gmm_bic_4x         random: [1.7, 2.3, 4.7, 8.0, 10.0, 21.3, 24.0]  prefix: [3, 6, 6, 8, 12, 16, 24]  Smax=51320.4 at_full=0.00 rise.5-1=1.40 prefix rise.5-1=1.00
    gmm_vb_dp          random: [8.7, 10.7, 23.7, 27.3, 32.7, 35.7, 37.0]  prefix: [6, 9, 20, 23, 28, 35, 37]  Smax=47.4 at_full=0.78 rise.5-1=0.13 prefix rise.5-1=0.32
  [2067s]
  first-appearance x2: {'n_regimes_ge5': 203, 'n_born_in_train': 140, 'n_born_in_test': 63, 'test_normal_mass_in_test_born_regimes': 0.3559127439724455, 'hai_block': {'n_rows_in_block': 119, 'n_regimes_in_block': 38, 'n_regimes_born_in_block': 36, 'frac_block_rows_in_block_born_regimes': 0.9411764705882353, 'block_born_members_outside_block': 0, 'first_birth_test_pos': 6449, 'extra_test_normal_windows_needed': 6170, 'extra_as_frac_of_train': 0.33607494961599216}}
  first-appearance x4: {'n_regimes_ge5': 11, 'n_born_in_train': 5, 'n_born_in_test': 6, 'test_normal_mass_in_test_born_regimes': 0.1178721775736701, 'hai_block': {'n_rows_in_block': 119, 'n_regimes_in_block': 3, 'n_regimes_born_in_block': 1, 'frac_block_rows_in_block_born_regimes': 0.10084033613445378, 'block_born_members_outside_block': 0, 'first_birth_test_pos': 6964, 'extra_test_normal_windows_needed': 6685, 'extra_as_frac_of_train': 0.3641265864153821}}
  first-appearance x8: {'n_regimes_ge5': 2, 'n_born_in_train': 1, 'n_born_in_test': 1, 'test_normal_mass_in_test_born_regimes': 0.050133945656333716, 'hai_block': {'n_rows_in_block': 119, 'n_regimes_in_block': 1, 'n_regimes_born_in_block': 0, 'frac_block_rows_in_block_born_regimes': 0.0, 'block_born_members_outside_block': 0, 'first_birth_test_pos': None, 'extra_test_normal_windows_needed': None}}
  exclusion: blocks [(0, 318, 319), (339, 428, 90), (441, 568, 128), (589, 634, 46), (669, 733, 65), (866, 1274, 409), (1278, 2618, 1341), (2634, 2718, 85), (2732, 2828, 97), (2848, 2952, 105), (2964, 3058, 95), (3078, 3298, 221), (3313, 3428, 116), (3436, 3524, 89), (3555, 3595, 41), (3638, 3672, 35), (4120, 4158, 39), (4193, 5483, 1291), (5497, 5698, 202), (5718, 5824, 107), (5839, 6024, 186), (6063, 6093, 31), (6103, 6178, 76), (6212, 6320, 109), (6335, 6416, 82), (6436, 7381, 946), (7385, 7414, 30), (7432, 7532, 101), (7569, 7601, 33), (7606, 7641, 36), (7647, 7696, 50), (7708, 7761, 54), (7808, 7952, 145), (7956, 8018, 63), (8023, 8456, 434), (8477, 8598, 122), (8617, 8684, 68), (8770, 8806, 37), (9742, 9780, 39), (9805, 9861, 57), (12667, 12754, 88), (12772, 12884, 113), (12897, 14754, 1858), (14768, 14818, 51)] n_normal_excl 9730 (68.681%) anom_excl 0 (anomaly windows inside spans, kept: 0)
    LatAD   AUROC 0.9344 -> 0.9463 | diff 0.8136 -> 0.8298 | FPR@fixed1% 0.0100 -> 0.0036 | FPR@fixed5% 0.0500 -> 0.0041 | TPR@1%own 0.623 -> 0.758 | TPR@5%own 0.650 -> 0.891 | flagged-in-block share: {'fpr1': 0.8873239436619719, 'fpr5': 0.9746121297602257}
    maxz    AUROC 0.8059 -> 0.8337 | diff 0.3401 -> 0.3942 | FPR@fixed1% 0.0080 -> 0.0074 | FPR@fixed5% 0.0414 -> 0.0343 | TPR@1%own 0.534 -> 0.534 | TPR@5%own 0.612 -> 0.612 | flagged-in-block share: {'fpr1': 0.7105263157894737, 'fpr5': 0.7406143344709898, 'train99': 0.9204946996466431}
    IF      AUROC 0.8485 -> 0.8543 | diff 0.6300 -> 0.6192 | FPR@fixed1% 0.0100 -> 0.0036 | FPR@fixed5% 0.0500 -> 0.0187 | TPR@1%own 0.308 -> 0.428 | TPR@5%own 0.475 -> 0.587 | flagged-in-block share: {'fpr1': 0.8873239436619719, 'fpr5': 0.8829337094499294}
    AE      AUROC 0.9231 -> 0.9400 | diff 0.7575 -> 0.7937 | FPR@fixed1% 0.0100 -> 0.0047 | FPR@fixed5% 0.0500 -> 0.0047 | TPR@1%own 0.656 -> 0.770 | TPR@5%own 0.678 -> 0.860 | flagged-in-block share: {'fpr1': 0.852112676056338, 'fpr5': 0.9703808180535967}
    USAD    AUROC 0.8487 -> 0.8455 | diff 0.4967 -> 0.4795 | FPR@fixed1% 0.0100 -> 0.0072 | FPR@fixed5% 0.0500 -> 0.0329 | TPR@1%own 0.583 -> 0.586 | TPR@5%own 0.607 -> 0.678 | flagged-in-block share: {'fpr1': 0.7746478873239436, 'fpr5': 0.7940761636107193}
    TranAD  AUROC 0.8340 -> 0.8480 | diff 0.4450 -> 0.4897 | FPR@fixed1% 0.0100 -> 0.0047 | FPR@fixed5% 0.0500 -> 0.0365 | TPR@1%own 0.569 -> 0.574 | TPR@5%own 0.590 -> 0.679 | flagged-in-block share: {'fpr1': 0.852112676056338, 'fpr5': 0.771509167842031}
done [2071s]
