
================ SWaT_canon ================
windows 1498, anomalies 233, episodes 25, subsets: All=233, Difficult=91, DoubleHard_lin=31, DoubleHard_pca=28; step 300s, K(24h)=288, longest episode 121 win = 10.1 h
I1 OK: K=None reproduces headline HCcoh+LatAD exactly (max abs diff 0.00e+00)

baselines (5-seed mean AUROC): All | Difficult | DoubleHard_lin | DoubleHard_pca
  trivial max|z|             0.853 0.627 0.582 0.514
  IF                         0.800 0.550 0.387 0.326
  AE                         0.786 0.517 0.210 0.154
  linres                     0.776 0.464 0.156 0.153
  USAD                       0.763 0.477 0.152 0.125
  TranAD                     0.761 0.477 0.150 0.119
  LatAD (global)             0.752 0.472 0.219 0.184
  HC_coh                     0.787 0.523 0.190 0.181
  null+HC                    0.794 0.515 0.193 0.181
  HCcoh+LatAD (headline)     0.788 0.524 0.193 0.178
  GDN                        0.761 0.473 0.148 0.115

CP fusion AUROC by variant and slow-baseline timescale (a priori = 24h; PRIMARY = v2_level+scale_24h):
  v1_level_6h                0.641 0.643 0.530 0.474
  v1_level_12h               0.756 0.641 0.560 0.508
  v1_level_24h               0.836 0.625 0.503 0.456
  v1_level_48h               0.833 0.614 0.437 0.388
  v1_level_24h_lag6h         0.834 0.617 0.463 0.419
  v1_level_24h_rawGlobal     0.826 0.596 0.349 0.292
  v2_level+scale_6h          0.631 0.731 0.708 0.666
  v2_level+scale_12h         0.777 0.757 0.769 0.727
  v2_level+scale_24h         0.880 0.723 0.719 0.671
  v2_level+scale_48h         0.868 0.706 0.650 0.593
  v2_level+scale_24h_lag6h   0.862 0.689 0.671 0.616
  v2_level+scale_24h_rawGlobal 0.871 0.689 0.467 0.378
  DR drift score             0.563 0.387 0.079 0.088
I3 OK: methods below chance on All: []
I4 VIOLATED: +1sd/day ramp (5.2 sd over 5.2 d) -> headline Diff 0.524->0.494, All 0.788->0.749; CP Diff 0.723->0.699, All 0.880->0.869
I4 VIOLATED: +2sd/day ramp (10.4 sd over 5.2 d) -> headline Diff 0.524->0.488, All 0.788->0.680; CP Diff 0.723->0.684, All 0.880->0.857
I4 VIOLATED (reference only): +5sd/record ramp (5.0 sd over 5.2 d) -> headline Diff 0.524->0.494, All 0.788->0.752; CP Diff 0.723->0.700, All 0.880->0.870
I5 (era-local, PRIMARY) v1 VIOLATED (3/25); v2 VIOLATED (2/25 masked, 5 gained >0.1).  Global-rank: v1 7 masked, v2 6 masked, 11 gained >0.1.  det@95pct(global) all {'head': 0.639, 'v1': 0.584, 'v2': 0.661}, difficult {'head': 0.253, 'v1': 0.11, 'v2': 0.275}
    ep@    4 n=  8 ( 0.67 h, diff   8)  global head 0.252 v1 0.713 v2 0.979 | local head 0.948 v1 0.978 v2 0.974
    ep@   15 n=  3 ( 0.25 h, diff   3)  global head 0.225 v1 0.604 v2 0.945 | local head 0.868 v1 0.941 v2 0.952
    ep@   20 n=  8 ( 0.67 h, diff   8)  global head 0.236 v1 0.640 v2 0.958 | local head 0.902 v1 0.957 v2 0.964
    ep@   37 n=  5 ( 0.42 h, diff   1)  global head 0.946 v1 0.998 v2 0.998 | local head 0.997 v1 0.997 v2 0.997
    ep@   50 n=  4 ( 0.33 h, diff   0)  global head 0.997 v1 0.998 v2 1.000 | local head 1.000 v1 1.000 v2 1.000
    ep@  245 n=  4 ( 0.33 h, diff   4)  global head 0.055 v1 0.104 v2 0.208 | local head 0.145 v1 0.151 v2 0.163
    ep@  301 n=  2 ( 0.17 h, diff   2)  global head 0.119 v1 0.222 v2 0.331 | local head 0.280 v1 0.281 v2 0.255
    ep@  306 n=  3 ( 0.25 h, diff   3)  global head 0.132 v1 0.294 v2 0.505 | local head 0.307 v1 0.368 v2 0.371
    ep@  310 n=  3 ( 0.25 h, diff   3)  global head 0.195 v1 0.443 v2 0.725 | local head 0.455 v1 0.520 v2 0.562
    ep@  342 n=  4 ( 0.33 h, diff   2)  global head 0.260 v1 0.708 v2 0.915 | local head 0.565 v1 0.727 v2 0.852
    ep@  385 n=  8 ( 0.67 h, diff   8)  global head 0.417 v1 0.904 v2 0.989 | local head 0.802 v1 0.852 v2 0.986
    ep@  442 n=  3 ( 0.25 h, diff   0)  global head 0.997 v1 0.998 v2 1.000 | local head 1.000 v1 1.000 v2 1.000
    ep@  475 n=  4 ( 0.33 h, diff   1)  global head 0.436 v1 0.879 v2 0.985 | local head 0.695 v1 0.759 v2 0.978
    ep@  573 n=  6 ( 0.50 h, diff   5)  global head 0.327 v1 0.622 v2 0.783 | local head 0.376 v1 0.328 v2 0.533
    ep@  660 n=  6 ( 0.50 h, diff   6)  global head 0.968 v1 0.963 v2 0.932 | local head 0.967 v1 0.899 v2 0.857  MASKED(local)
    ep@  758 n=121 (10.08 h, diff   8)  global head 0.999 v1 1.000 v2 0.997 | local head 0.998 v1 1.000 v2 0.998
    ep@  929 n=  2 ( 0.17 h, diff   2)  global head 0.559 v1 0.186 v2 0.186 | local head 0.291 v1 0.233 v2 0.381  masked(global)
    ep@  932 n=  6 ( 0.50 h, diff   6)  global head 0.974 v1 0.552 v2 0.909 | local head 0.967 v1 0.610 v2 0.981
    ep@ 1007 n=  3 ( 0.25 h, diff   3)  global head 0.575 v1 0.362 v2 0.234 | local head 0.356 v1 0.438 v2 0.454  masked(global)
    ep@ 1158 n=  3 ( 0.25 h, diff   2)  global head 0.972 v1 0.598 v2 0.562 | local head 0.949 v1 0.694 v2 0.782  MASKED(local)  masked(global)
    ep@ 1203 n=  3 ( 0.25 h, diff   3)  global head 0.986 v1 0.886 v2 0.900 | local head 0.974 v1 0.974 v2 0.981
    ep@ 1237 n=  5 ( 0.42 h, diff   5)  global head 0.991 v1 0.879 v2 0.722 | local head 0.986 v1 0.965 v2 0.944  masked(global)
    ep@ 1298 n=  3 ( 0.25 h, diff   3)  global head 0.963 v1 0.723 v2 0.771 | local head 0.934 v1 0.786 v2 0.954  masked(global)
    ep@ 1454 n=  9 ( 0.75 h, diff   2)  global head 0.997 v1 0.998 v2 0.999 | local head 0.993 v1 0.997 v2 0.997
    ep@ 1477 n=  7 ( 0.58 h, diff   3)  global head 0.930 v1 0.775 v2 0.815 | local head 0.851 v1 0.801 v2 0.940  masked(global)
  boot [All           ] CP-headline: {'diff': 0.092, 'diff_ci': [0.019, 0.301], 'p_le_0': 0.0055, 'n_episodes': 25}
  boot [All           ] CP-strongest (trivial max|z| 0.853): diff +0.027 CI [-0.018, 0.126] P(<=0)=0.1195
  boot [Difficult     ] CP-headline: {'diff': 0.2, 'diff_ci': [0.018, 0.355], 'p_le_0': 0.0135, 'n_episodes': 23}
  boot [Difficult     ] CP-strongest (trivial max|z| 0.627): diff +0.096 CI [-0.004, 0.209] P(<=0)=0.031
  boot [DoubleHard_lin] CP-headline: {'diff': 0.526, 'diff_ci': [0.377, 0.64], 'p_le_0': 0.0, 'n_episodes': 8}
  boot [DoubleHard_lin] CP-strongest (trivial max|z| 0.582): diff +0.137 CI [-0.014, 0.323] P(<=0)=0.044
  boot [DoubleHard_pca] CP-headline: {'diff': 0.493, 'diff_ci': [0.349, 0.619], 'p_le_0': 0.0, 'n_episodes': 9}
  boot [DoubleHard_pca] CP-strongest (trivial max|z| 0.514): diff +0.157 CI [-0.013, 0.329] P(<=0)=0.0355

TYPING (thr head 5.55, cp 6.45, drift -0.25):
  attacks: flagged head 0.918, cp 0.687; of head-flagged attacks typed CHANGEPOINT 0.748; difficult: head 0.791, cp 0.330, typed CP 0.417
  normals: FA head 0.792, cp 0.065; drifted (DR>thr) 0.666; drifted&head-flagged n=843 typed DRIFT 0.974; non-drifted&head-flagged n=159 typed DRIFT 0.635
  third 1: normals 441 head_FA 0.404 cp_FA 0.141 drifted 0.043 | attacks 59 flag head 0.678 cp 0.627
  third 2: normals 358 head_FA 1.000 cp_FA 0.045 drifted 1.000 | attacks 141 flag head 1.0 cp 0.801
  third 3: normals 466 head_FA 1.000 cp_FA 0.009 drifted 1.000 | attacks 33 flag head 1.0 cp 0.303

per-community slow baseline (seed-mean): DRIFTING communities (slow baseline > calib q99 on >=50% of test-normal windows): 7/24
  g18 size  3 coh 0.64  calib  -0.28  start  -0.28  end  56.17  (+66.4 sd, above-q99 0.59) DRIFT  ['AIT202', 'AIT203', 'AIT401']
  g15 size  3 coh 0.74  calib  -0.02  start   0.60  end  41.43  (+43.7 sd, above-q99 0.63) DRIFT  ['AIT201', 'AIT501', 'AIT503']
  g19 size 13 coh 0.67  calib  -0.16  start   0.51  end  17.24  (+20.3 sd, above-q99 0.67) DRIFT  ['AIT201', 'AIT402', 'FIT401', 'AIT501', 'AIT502', 'AIT503', 'AIT504', 'FIT501', 'FIT502', 'FIT503', 'FIT504', 'PIT501', 'PIT503']
  g14 size 10 coh 0.87  calib  -0.07  start   0.84  end  13.08  (+15.2 sd, above-q99 0.59) DRIFT  ['AIT402', 'FIT401', 'AIT502', 'AIT504', 'FIT501', 'FIT502', 'FIT503', 'FIT504', 'PIT501', 'PIT503']
  g 8 size  8 coh 0.96  calib  -0.17  start   0.18  end  10.08  (+11.0 sd, above-q99 0.54) DRIFT  ['FIT401', 'AIT504', 'FIT501', 'FIT502', 'FIT503', 'FIT504', 'PIT501', 'PIT503']
  g21 size 14 coh 0.61  calib  -0.20  start   2.38  end   9.20  (+10.3 sd, above-q99 0.65) DRIFT  ['AIT201', 'AIT402', 'FIT401', 'AIT501', 'AIT502', 'AIT503', 'AIT504', 'FIT501', 'FIT502', 'FIT503', 'FIT504', 'PIT501', 'PIT502', 'PIT503']
  g22 size 17 coh 0.50  calib  -0.20  start   1.62  end   7.49  (+8.5 sd, above-q99 0.64) DRIFT  ['AIT201', 'AIT202', 'AIT203', 'AIT401', 'AIT402', 'FIT401', 'AIT501', 'AIT502', 'AIT503', 'AIT504', 'FIT501', 'FIT502', 'FIT503', 'FIT504', 'PIT501', 'PIT502', 'PIT503']
  g 3 size  3 coh 0.99  calib  -0.21  start   0.25  end   2.15  (+2.5 sd, above-q99 0.00)  ['FIT503', 'PIT501', 'PIT503']
  g 6 size  7 coh 0.97  calib  -0.18  start   0.20  end   1.89  (+2.1 sd, above-q99 0.00)  ['FIT401', 'FIT501', 'FIT502', 'FIT503', 'FIT504', 'PIT501', 'PIT503']
  g11 size  6 coh 0.88  calib  -0.28  start   0.55  end   0.75  (+1.1 sd, above-q99 0.00)  ['LIT101', 'P101', 'FIT201', 'MV201', 'P203', 'P205']
  g 5 size  4 coh 0.98  calib  -0.20  start  -0.05  end   0.79  (+1.0 sd, above-q99 0.00)  ['FIT401', 'FIT501', 'FIT502', 'FIT504']
  g16 size  5 coh 0.84  calib  -0.45  start   0.11  end   0.40  (+0.9 sd, above-q99 0.00)  ['DPIT301', 'FIT301', 'LIT301', 'MV302', 'P302']
COMPOSITION all_flagged                n= 1216: changepoint-type 0.197, drift-type 0.717, subthreshold 0.086
COMPOSITION flagged_normals            n= 1002: changepoint-type 0.08, drift-type 0.819, subthreshold 0.101
COMPOSITION flagged_attacks            n=  214: changepoint-type 0.748, drift-type 0.238, subthreshold 0.014
COMPOSITION flagged_difficult_attacks  n=   72: changepoint-type 0.417, drift-type 0.556, subthreshold 0.028
COMPOSITION test-normal drifted 0.666; drifting communities 7/24
[SWaT_canon done in 174s] saved -> E:\Projects\Backlog\LatAD\poc\_diagnostics\drift_changepoint_typing.json

================ WADI_clean ================
windows 575, anomalies 56, episodes 11, subsets: All=56, Difficult=30, DoubleHard_lin=19, DoubleHard_pca=29; step 300s, K(24h)=288, longest episode 11 win = 0.9 h
I1 OK: K=None reproduces headline HCcoh+LatAD exactly (max abs diff 0.00e+00)

baselines (5-seed mean AUROC): All | Difficult | DoubleHard_lin | DoubleHard_pca
  trivial max|z|             0.786 0.601 0.493 0.591
  IF                         0.725 0.634 0.530 0.622
  AE                         0.792 0.628 0.535 0.616
  linres                     0.834 0.750 0.606 0.742
  USAD                       0.757 0.579 0.466 0.565
  TranAD                     0.786 0.613 0.489 0.601
  LatAD (global)             0.717 0.634 0.571 0.623
  HC_coh                     0.843 0.795 0.696 0.788
  null+HC                    0.819 0.749 0.633 0.740
  HCcoh+LatAD (headline)     0.827 0.771 0.662 0.763

CP fusion AUROC by variant and slow-baseline timescale (a priori = 24h; PRIMARY = v2_level+scale_24h):
  v1_level_6h                0.794 0.724 0.598 0.715
  v1_level_12h               0.812 0.751 0.633 0.742
  v1_level_24h               0.829 0.776 0.671 0.768
  v1_level_48h               0.824 0.768 0.659 0.760
  v1_level_24h_lag6h         0.831 0.772 0.665 0.765
  v1_level_24h_rawGlobal     0.828 0.771 0.663 0.763
  v2_level+scale_6h          0.782 0.707 0.572 0.697
  v2_level+scale_12h         0.814 0.754 0.639 0.745
  v2_level+scale_24h         0.830 0.779 0.676 0.771
  v2_level+scale_48h         0.827 0.775 0.671 0.767
  v2_level+scale_24h_lag6h   0.828 0.775 0.673 0.768
  v2_level+scale_24h_rawGlobal 0.829 0.774 0.669 0.766
  DR drift score             0.586 0.506 0.427 0.506
I3 OK: methods below chance on All: []
I4 VIOLATED: +1sd/day ramp (2.0 sd over 2.0 d) -> headline Diff 0.771->0.677, All 0.827->0.754; CP Diff 0.779->0.724, All 0.830->0.801
I4 VIOLATED: +2sd/day ramp (4.0 sd over 2.0 d) -> headline Diff 0.771->0.616, All 0.827->0.695; CP Diff 0.779->0.682, All 0.830->0.773
I4 VIOLATED (reference only): +5sd/record ramp (5.0 sd over 2.0 d) -> headline Diff 0.771->0.594, All 0.827->0.670; CP Diff 0.779->0.667, All 0.830->0.759
I5 (era-local, PRIMARY) v1 OK (0/11); v2 OK (0/11 masked, 0 gained >0.1).  Global-rank: v1 0 masked, v2 0 masked, 0 gained >0.1.  det@95pct(global) all {'head': 0.554, 'v1': 0.571, 'v2': 0.571}, difficult {'head': 0.467, 'v1': 0.5, 'v2': 0.5}
  boot [All           ] CP-headline: {'diff': 0.003, 'diff_ci': [-0.01, 0.02], 'p_le_0': 0.3535, 'n_episodes': 11}
  boot [All           ] CP-strongest (HC_coh 0.843): diff -0.013 CI [-0.035, 0.007] P(<=0)=0.8955
  boot [Difficult     ] CP-headline: {'diff': 0.008, 'diff_ci': [-0.014, 0.034], 'p_le_0': 0.265, 'n_episodes': 8}
  boot [Difficult     ] CP-strongest (HC_coh 0.795): diff -0.016 CI [-0.048, 0.018] P(<=0)=0.8375
  boot [DoubleHard_lin] CP-headline: {'diff': 0.014, 'diff_ci': [-0.025, 0.051], 'p_le_0': 0.235, 'n_episodes': 7}
  boot [DoubleHard_lin] CP-strongest (HC_coh 0.696): diff -0.020 CI [-0.063, 0.035] P(<=0)=0.8065
  boot [DoubleHard_pca] CP-headline: {'diff': 0.008, 'diff_ci': [-0.014, 0.034], 'p_le_0': 0.265, 'n_episodes': 8}
  boot [DoubleHard_pca] CP-strongest (HC_coh 0.788): diff -0.017 CI [-0.049, 0.019] P(<=0)=0.8375

TYPING (thr head 6.15, cp 6.05, drift -0.18):
  attacks: flagged head 0.375, cp 0.232; of head-flagged attacks typed CHANGEPOINT 0.619; difficult: head 0.267, cp 0.200, typed CP 0.75
  normals: FA head 0.015, cp 0.012; drifted (DR>thr) 0.000; drifted&head-flagged n=0 typed DRIFT None; non-drifted&head-flagged n=8 typed DRIFT 0.25
  third 1: normals 186 head_FA 0.005 cp_FA 0.005 drifted 0.000 | attacks 6 flag head 0.0 cp 0.0
  third 2: normals 163 head_FA 0.018 cp_FA 0.018 drifted 0.000 | attacks 29 flag head 0.345 cp 0.172
  third 3: normals 170 head_FA 0.024 cp_FA 0.012 drifted 0.000 | attacks 21 flag head 0.524 cp 0.381

per-community slow baseline (seed-mean): DRIFTING communities (slow baseline > calib q99 on >=50% of test-normal windows): 0/44
  g19 size  4 coh 0.77  calib  -0.11  start  -0.13  end   0.94  (+1.1 sd, above-q99 0.00)  ['2A_AIT_003_PV', '2A_AIT_004_PV', '2B_AIT_003_PV', '2B_AIT_004_PV']
  g36 size  6 coh 0.72  calib  -0.10  start  -0.16  end   0.73  (+0.9 sd, above-q99 0.00)  ['1_AIT_004_PV', '1_AIT_005_PV', '1_FIT_001_PV', '1_MV_001_STATUS', '1_P_001_STATUS', '1_P_003_STATUS']
  g34 size  5 coh 0.82  calib  -0.45  start  -0.41  end   0.16  (+0.6 sd, above-q99 0.00)  ['1_AIT_005_PV', '1_FIT_001_PV', '1_MV_001_STATUS', '1_P_001_STATUS', '1_P_003_STATUS']
  g42 size 10 coh 0.58  calib  -0.14  start  -0.15  end   0.15  (+0.3 sd, above-q99 0.00)  ['1_AIT_001_PV', '1_AIT_003_PV', '2A_AIT_001_PV', '2A_AIT_003_PV', '2A_AIT_004_PV', '2B_AIT_001_PV', '2B_AIT_003_PV', '2B_AIT_004_PV', '3_AIT_003_PV', '3_AIT_004_PV']
  g15 size  3 coh 0.83  calib  -0.44  start  -0.44  end  -0.18  (+0.3 sd, above-q99 0.00)  ['2_FIC_601_CO', '2_MCV_101_CO', '2_MV_601_STATUS']
  g28 size  5 coh 0.73  calib  -0.45  start  -0.45  end  -0.28  (+0.2 sd, above-q99 0.00)  ['2_FIC_601_CO', '2_FIC_601_PV', '2_FQ_601_PV', '2_MCV_101_CO', '2_MV_601_STATUS']
  g14 size  4 coh 0.86  calib  -0.11  start  -0.11  end   0.05  (+0.2 sd, above-q99 0.00)  ['1_AIT_001_PV', '1_AIT_003_PV', '2A_AIT_001_PV', '2B_AIT_001_PV']
  g 6 size  3 coh 0.97  calib  -0.17  start  -0.15  end  -0.01  (+0.1 sd, above-q99 0.00)  ['2_DPIT_001_PV', '2_PIT_002_PV', 'LEAK_DIFF_PRESSURE']
  g43 size 20 coh 0.45  calib   0.04  start   0.07  end   0.16  (+0.1 sd, above-q99 0.00)  ['2_FIC_201_CO', '2_FIC_301_CO', '2_FIC_301_PV', '2_FIC_501_CO', '2_FIC_601_CO', '2_FIC_601_PV', '2_FIT_002_PV', '2_FQ_301_PV', '2_FQ_601_PV', '2_MCV_101_CO', '2_MCV_201_CO', '2_MCV_401_CO', '2_MCV_501_CO', '2_MV_201_STATUS', '2_MV_301_STATUS', '2_MV_501_STATUS', '2_MV_601_STATUS', '3_AIT_002_PV', '3_AIT_005_PV', '3_FIT_001_PV']
  g25 size  3 coh 0.69  calib  -0.40  start  -0.41  end  -0.31  (+0.1 sd, above-q99 0.00)  ['3_AIT_002_PV', '3_AIT_005_PV', '3_FIT_001_PV']
  g 3 size  3 coh 1.00  calib  -0.26  start  -0.26  end  -0.20  (+0.1 sd, above-q99 0.00)  ['2_MV_006_STATUS', '2_P_003_SPEED', '2_P_003_STATUS']
  g35 size 10 coh 0.62  calib  -0.62  start  -0.62  end  -0.57  (+0.1 sd, above-q99 0.00)  ['2_FIC_301_CO', '2_FIC_301_PV', '2_FIC_601_CO', '2_FIC_601_PV', '2_FQ_301_PV', '2_FQ_601_PV', '2_MCV_101_CO', '2_MCV_401_CO', '2_MV_301_STATUS', '2_MV_601_STATUS']
COMPOSITION all_flagged                n=   29: changepoint-type 0.655, drift-type 0.0, subthreshold 0.345
COMPOSITION flagged_normals            n=    8: changepoint-type 0.75, drift-type 0.0, subthreshold 0.25
COMPOSITION flagged_attacks            n=   21: changepoint-type 0.619, drift-type 0.0, subthreshold 0.381
COMPOSITION flagged_difficult_attacks  n=    8: changepoint-type 0.75, drift-type 0.0, subthreshold 0.25
COMPOSITION test-normal drifted 0.0; drifting communities 0/44
[WADI_clean done in 208s] saved -> E:\Projects\Backlog\LatAD\poc\_diagnostics\drift_changepoint_typing.json

================ HAI ================
windows 14819, anomalies 652, episodes 38, subsets: All=652, Difficult=167, DoubleHard_lin=84, DoubleHard_pca=55; step 30s, K(24h)=2880, longest episode 98 win = 0.8 h
I1 OK: K=None reproduces headline HCcoh+LatAD exactly (max abs diff 0.00e+00)

baselines (5-seed mean AUROC): All | Difficult | DoubleHard_lin | DoubleHard_pca
  trivial max|z|             0.806 0.340 0.349 0.336
  IF                         0.844 0.627 0.635 0.435
  AE                         0.923 0.757 0.730 0.418
  linres                     0.779 0.586 0.465 0.547
  USAD                       0.849 0.497 0.471 0.368
  TranAD                     0.834 0.445 0.418 0.297
  LatAD (global)             0.933 0.811 0.806 0.559
  HC_coh                     0.932 0.801 0.737 0.625
  null+HC                    0.913 0.770 0.704 0.627
  HCcoh+LatAD (headline)     0.948 0.845 0.814 0.648

CP fusion AUROC by variant and slow-baseline timescale (a priori = 24h; PRIMARY = v2_level+scale_24h):
  v1_level_6h                0.951 0.856 0.834 0.636
  v1_level_12h               0.950 0.854 0.832 0.648
  v1_level_24h               0.944 0.836 0.805 0.615
  v1_level_48h               0.943 0.835 0.805 0.620
  v1_level_24h_lag6h         0.941 0.828 0.794 0.609
  v1_level_24h_rawGlobal     0.947 0.848 0.822 0.651
  v2_level+scale_6h          0.953 0.868 0.851 0.663
  v2_level+scale_12h         0.950 0.856 0.827 0.671
  v2_level+scale_24h         0.943 0.835 0.800 0.636
  v2_level+scale_48h         0.934 0.823 0.786 0.630
  v2_level+scale_24h_lag6h   0.929 0.810 0.768 0.621
  v2_level+scale_24h_rawGlobal 0.949 0.857 0.833 0.677
  DR drift score             0.339 0.455 0.403 0.539
I3 VIOLATED: methods below chance on All: ['DR (24h, drift score)']
I4 OK: +1sd/day ramp (5.1 sd over 5.1 d) -> headline Diff 0.845->0.709, All 0.948->0.855; CP Diff 0.835->0.822, All 0.943->0.938
I4 OK: +2sd/day ramp (10.3 sd over 5.1 d) -> headline Diff 0.845->0.564, All 0.948->0.682; CP Diff 0.835->0.824, All 0.943->0.939
I4 OK (reference only): +5sd/record ramp (5.0 sd over 5.1 d) -> headline Diff 0.845->0.713, All 0.948->0.859; CP Diff 0.835->0.823, All 0.943->0.939
I5 (era-local, PRIMARY) v1 VIOLATED (1/38); v2 OK (0/38 masked, 1 gained >0.1).  Global-rank: v1 1 masked, v2 1 masked, 0 gained >0.1.  det@95pct(global) all {'head': 0.771, 'v1': 0.755, 'v2': 0.776}, difficult {'head': 0.401, 'v1': 0.383, 'v2': 0.479}
    ep@ 3059 n= 19 ( 0.16 h, diff  19)  global head 0.364 v1 0.224 v2 0.255 | local head 0.321 v1 0.209 v2 0.288  masked(global)
  boot [All           ] CP-headline: {'diff': -0.006, 'diff_ci': [-0.015, 0.002], 'p_le_0': 0.9275, 'n_episodes': 38}
  boot [All           ] CP-strongest (HCcoh+LatAD (headline) 0.948): diff -0.006 CI [-0.015, 0.002] P(<=0)=0.9275
  boot [Difficult     ] CP-headline: {'diff': -0.01, 'diff_ci': [-0.026, 0.005], 'p_le_0': 0.8775, 'n_episodes': 26}
  boot [Difficult     ] CP-strongest (HCcoh+LatAD (headline) 0.845): diff -0.010 CI [-0.026, 0.005] P(<=0)=0.8775
  boot [DoubleHard_lin] CP-headline: {'diff': -0.014, 'diff_ci': [-0.034, 0.006], 'p_le_0': 0.8875, 'n_episodes': 19}
  boot [DoubleHard_lin] CP-strongest (HCcoh+LatAD (headline) 0.814): diff -0.014 CI [-0.034, 0.006] P(<=0)=0.8875
  boot [DoubleHard_pca] CP-headline: {'diff': -0.012, 'diff_ci': [-0.049, 0.025], 'p_le_0': 0.648, 'n_episodes': 13}
  boot [DoubleHard_pca] CP-strongest (HCcoh+LatAD (headline) 0.648): diff -0.012 CI [-0.049, 0.025] P(<=0)=0.648

TYPING (thr head 6.09, cp 6.16, drift -0.11):
  attacks: flagged head 0.906, cp 0.802; of head-flagged attacks typed CHANGEPOINT 0.885; difficult: head 0.713, cp 0.515, typed CP 0.723
  normals: FA head 0.105, cp 0.072; drifted (DR>thr) 0.297; drifted&head-flagged n=415 typed DRIFT 0.925; non-drifted&head-flagged n=1068 typed DRIFT 0.078
  third 1: normals 4775 head_FA 0.114 cp_FA 0.036 drifted 0.730 | attacks 165 flag head 0.8 cp 0.642
  third 2: normals 4657 head_FA 0.171 cp_FA 0.164 drifted 0.000 | attacks 283 flag head 0.912 cp 0.763
  third 3: normals 4735 head_FA 0.030 cp_FA 0.019 drifted 0.154 | attacks 204 flag head 0.985 cp 0.985

per-community slow baseline (seed-mean): DRIFTING communities (slow baseline > calib q99 on >=50% of test-normal windows): 0/28
  g 1 size  3 coh 1.00  calib  -0.24  start 1730.84  end 218.71  (+231.4 sd, above-q99 0.30)  ['P1_PCV02Z', 'P2_SD01', 'P2_SIT01']
  g11 size  7 coh 0.90  calib  -0.42  start   6.47  end   0.39  (+0.8 sd, above-q99 0.29)  ['P1_LCV01D', 'P1_LCV01Z', 'P1_PCV02Z', 'P1_PIT01', 'P2_SD01', 'P2_SIT01', 'P4_ST_PT01']
  g 0 size  3 coh 1.00  calib  -0.36  start   0.10  end   0.01  (+0.4 sd, above-q99 0.02)  ['P1_B3005', 'P1_FT03', 'P1_FT03Z']
  g26 size 12 coh 0.61  calib  -0.08  start   0.33  end   0.17  (+0.3 sd, above-q99 0.00)  ['P1_B4005', 'P1_B400B', 'P1_FCV01D', 'P1_FCV01Z', 'P1_FCV02D', 'P1_FCV02Z', 'P1_FT02', 'P1_FT02Z', 'P1_PIT02', 'P1_TIT01', 'P1_TIT02', 'P4_ST_TT01']
  g 9 size  5 coh 0.95  calib  -0.10  start   0.41  end   0.13  (+0.2 sd, above-q99 0.00)  ['P2_VT01e', 'P2_VXT02', 'P2_VXT03', 'P2_VYT02', 'P2_VYT03']
  g10 size  6 coh 0.93  calib  -0.12  start   0.36  end   0.08  (+0.2 sd, above-q99 0.00)  ['P2_24Vdc', 'P2_VT01e', 'P2_VXT02', 'P2_VXT03', 'P2_VYT02', 'P2_VYT03']
  g22 size 11 coh 0.70  calib  -0.06  start   0.33  end   0.15  (+0.2 sd, above-q99 0.00)  ['P1_B4005', 'P1_B400B', 'P1_FCV01D', 'P1_FCV01Z', 'P1_FCV02D', 'P1_FCV02Z', 'P1_FT02', 'P1_FT02Z', 'P1_TIT01', 'P1_TIT02', 'P4_ST_TT01']
  g14 size  8 coh 0.88  calib  -0.40  start   0.59  end  -0.18  (+0.2 sd, above-q99 0.00)  ['P1_B2016', 'P1_LCV01D', 'P1_LCV01Z', 'P1_PCV02Z', 'P1_PIT01', 'P2_SD01', 'P2_SIT01', 'P4_ST_PT01']
  g 5 size  4 coh 0.98  calib  -0.08  start  -0.12  end   0.10  (+0.2 sd, above-q99 0.00)  ['P2_VT01e', 'P2_VXT02', 'P2_VXT03', 'P2_VYT03']
  g24 size 21 coh 0.64  calib  -0.33  start   0.60  end  -0.21  (+0.1 sd, above-q99 0.00)  ['P1_B2004', 'P1_B2016', 'P1_FT01', 'P1_FT01Z', 'P1_LCV01D', 'P1_LCV01Z', 'P1_PCV01D', 'P1_PCV01Z', 'P1_PCV02Z', 'P1_PIT01', 'P2_24Vdc', 'P2_SD01', 'P2_SIT01', 'P2_VT01e', 'P2_VXT02', 'P2_VXT03', 'P2_VYT02', 'P2_VYT03', 'P3_LT01', 'P4_ST_PS', 'P4_ST_PT01']
  g21 size 19 coh 0.69  calib  -0.37  start   0.52  end  -0.26  (+0.1 sd, above-q99 0.00)  ['P1_B2016', 'P1_FT01', 'P1_FT01Z', 'P1_LCV01D', 'P1_LCV01Z', 'P1_PCV01D', 'P1_PCV01Z', 'P1_PCV02Z', 'P1_PIT01', 'P2_24Vdc', 'P2_SD01', 'P2_SIT01', 'P2_VT01e', 'P2_VXT02', 'P2_VXT03', 'P2_VYT02', 'P2_VYT03', 'P3_LT01', 'P4_ST_PT01']
  g17 size  3 coh 0.75  calib  -0.33  start  -0.11  end  -0.25  (+0.1 sd, above-q99 0.00)  ['P1_TIT01', 'P1_TIT02', 'P4_ST_TT01']
COMPOSITION all_flagged                n= 2074: changepoint-type 0.742, drift-type 0.198, subthreshold 0.06
COMPOSITION flagged_normals            n= 1483: changepoint-type 0.685, drift-type 0.259, subthreshold 0.056
COMPOSITION flagged_attacks            n=  591: changepoint-type 0.885, drift-type 0.044, subthreshold 0.071
COMPOSITION flagged_difficult_attacks  n=  119: changepoint-type 0.723, drift-type 0.092, subthreshold 0.185
COMPOSITION test-normal drifted 0.297; drifting communities 0/28
[HAI done in 632s] saved -> E:\Projects\Backlog\LatAD\poc\_diagnostics\drift_changepoint_typing.json

ALL DONE
