[seed 0] val target 268 other 2485 | pool target 1517 other 14089
  r=1.0    n_t=1517 frac=0.0972 | pi(valT comp)=0.0401 purity=0.80 nearNLL valT/valO=9.7/14.3 gap valT/valO=3.21/3.35
         FPR valTarget mix=0.000 near=0.000 | matched1%: mix=0.000 near=0.000 | valOther mix=0.009 near=0.009 | diffAUROC mix=0.822 near=0.826
         pi-only counterfactual (ref model): FPR valTarget mix=0.000 near=0.000  (29s)
  r=0.1    n_t= 152 frac=0.0107 | pi(valT comp)=0.0257 purity=0.59 nearNLL valT/valO=14.8/14.7 gap valT/valO=3.40/3.36
         FPR valTarget mix=0.000 near=0.000 | matched1%: mix=0.000 near=0.000 | valOther mix=0.009 near=0.009 | diffAUROC mix=0.796 near=0.797
         pi-only counterfactual (ref model): FPR valTarget mix=0.000 near=0.000  (24s)
  r=0.03   n_t=  46 frac=0.0033 | pi(valT comp)=0.0301 purity=0.49 nearNLL valT/valO=15.8/14.2 gap valT/valO=3.23/3.36
         FPR valTarget mix=0.000 near=0.000 | matched1%: mix=0.000 near=0.000 | valOther mix=0.008 near=0.008 | diffAUROC mix=0.788 near=0.791
         pi-only counterfactual (ref model): FPR valTarget mix=0.000 near=0.000  (25s)
  r=0.01   n_t=  15 frac=0.0011 | pi(valT comp)=0.0250 purity=0.46 nearNLL valT/valO=15.7/13.8 gap valT/valO=3.36/3.40
         FPR valTarget mix=0.000 near=0.000 | matched1%: mix=0.000 near=0.000 | valOther mix=0.010 near=0.010 | diffAUROC mix=0.789 near=0.789
         pi-only counterfactual (ref model): FPR valTarget mix=0.000 near=0.000  (23s)
  r=0.003  n_t=   5 frac=0.0004 | pi(valT comp)=0.0282 purity=0.45 nearNLL valT/valO=16.7/14.0 gap valT/valO=3.37/3.51
         FPR valTarget mix=0.000 near=0.000 | matched1%: mix=0.000 near=0.000 | valOther mix=0.008 near=0.009 | diffAUROC mix=0.787 near=0.785
         pi-only counterfactual (ref model): FPR valTarget mix=0.000 near=0.000  (26s)
  r=0.001  n_t=   2 frac=0.0001 | pi(valT comp)=0.0247 purity=0.45 nearNLL valT/valO=16.1/14.6 gap valT/valO=3.29/3.24
         FPR valTarget mix=0.000 near=0.000 | matched1%: mix=0.000 near=0.000 | valOther mix=0.012 near=0.014 | diffAUROC mix=0.786 near=0.785
         pi-only counterfactual (ref model): FPR valTarget mix=0.000 near=0.000  (32s)
[seed 1] val target 252 other 2501 | pool target 1533 other 14073
  r=1.0    n_t=1533 frac=0.0982 | pi(valT comp)=0.0355 purity=0.78 nearNLL valT/valO=11.4/15.3 gap valT/valO=3.21/3.31
         FPR valTarget mix=0.000 near=0.000 | matched1%: mix=0.000 near=0.000 | valOther mix=0.012 near=0.014 | diffAUROC mix=0.792 near=0.792
         pi-only counterfactual (ref model): FPR valTarget mix=0.000 near=0.000  (29s)
  r=0.1    n_t= 153 frac=0.0108 | pi(valT comp)=0.0260 purity=0.48 nearNLL valT/valO=14.7/14.4 gap valT/valO=3.37/3.30
         FPR valTarget mix=0.000 near=0.000 | matched1%: mix=0.000 near=0.000 | valOther mix=0.010 near=0.010 | diffAUROC mix=0.802 near=0.801
         pi-only counterfactual (ref model): FPR valTarget mix=0.000 near=0.000  (24s)
  r=0.03   n_t=  46 frac=0.0033 | pi(valT comp)=0.0259 purity=0.44 nearNLL valT/valO=14.4/13.0 gap valT/valO=3.42/3.40
         FPR valTarget mix=0.000 near=0.000 | matched1%: mix=0.000 near=0.000 | valOther mix=0.010 near=0.010 | diffAUROC mix=0.758 near=0.756
         pi-only counterfactual (ref model): FPR valTarget mix=0.000 near=0.000  (24s)
  r=0.01   n_t=  15 frac=0.0011 | pi(valT comp)=0.0263 purity=0.47 nearNLL valT/valO=14.8/13.3 gap valT/valO=3.43/3.31
         FPR valTarget mix=0.000 near=0.000 | matched1%: mix=0.000 near=0.000 | valOther mix=0.009 near=0.009 | diffAUROC mix=0.784 near=0.788
         pi-only counterfactual (ref model): FPR valTarget mix=0.000 near=0.000  (23s)
  r=0.003  n_t=   5 frac=0.0004 | pi(valT comp)=0.0293 purity=0.43 nearNLL valT/valO=16.3/14.8 gap valT/valO=3.12/3.32
         FPR valTarget mix=0.000 near=0.000 | matched1%: mix=0.000 near=0.000 | valOther mix=0.010 near=0.008 | diffAUROC mix=0.775 near=0.774
         pi-only counterfactual (ref model): FPR valTarget mix=0.000 near=0.000  (25s)
  r=0.001  n_t=   2 frac=0.0001 | pi(valT comp)=0.0269 purity=0.44 nearNLL valT/valO=15.7/13.6 gap valT/valO=3.32/3.39
         FPR valTarget mix=0.000 near=0.000 | matched1%: mix=0.000 near=0.000 | valOther mix=0.009 near=0.010 | diffAUROC mix=0.768 near=0.768
         pi-only counterfactual (ref model): FPR valTarget mix=0.000 near=0.000  (21s)
