
================================================================================
HAI: K=40 latent=16 train=18359 test=14819 test-normal=14167

--- 1. bug audit invariants ---
mix >= near on all points: train True, test True
gap <= -log pi_argmax on all test points: True
learned pi (softmax logit) vs train occupancy (argmax-nearest): corr=0.984, max |pi-occ|=0.0115
rare regimes (occ<2%): 13 ids=[4, 5, 6, 8, 9, 10, 11, 13, 20, 21, 22, 34, 38]
  their learned pi: [0.0187, 0.0001, 0.0151, 0.0062, 0.0, 0.0179, 0.0008, 0.0003, 0.0007, 0.0039, 0.0144, 0.0004, 0.0173]
  their -log pi (max possible gap): [3.98, 9.13, 4.19, 5.08, 10.07, 4.03, 7.18, 8.04, 7.25, 5.54, 4.24, 7.74, 4.05]
  their mean log-var (component width, floor -3.00): [-0.8700000047683716, 0.5600000023841858, -1.5499999523162842, -1.0499999523162842, -3.0, -0.6499999761581421, 1.590000033378601, -0.49000000953674316, 1.6699999570846558, 2.049999952316284, -0.09000000357627869, 0.8799999952316284, -1.0]
  all-components mean log-var: median -0.76, rare median -0.49, common median -0.80
assignment nearest vs responsibility disagree: train 0.029, test 0.032
rare-regime normal test windows: nearest-assign 2770, resp-assign 2569
train share in rare regimes: nearest 0.090, resp 0.083; test-normal share 0.196
  E2 repro mixture : thr=31.95 FPR_all=0.0815 FPR_rare=0.3552 diffAUROC=0.807
  E2 repro nearest : thr=28.66 FPR_all=0.0815 FPR_rare=0.3516 diffAUROC=0.808
  top-1% TRAIN mixture : share in rare regimes 0.707 (base rate 0.090)
  top-1% TRAIN nearest : share in rare regimes 0.701 (base rate 0.090)

--- 2. per-point gap on rare-regime NORMAL test windows ---
gap = mix-near (nats): n=2770 mean=4.57 quantiles(0,10,25,50,75,90,99,100)=[1.83, 3.42, 3.93, 4.19, 5.54, 5.54, 5.54, 8.04]
gap on COMMON-regime normals: n=11397 mean=3.12 median=3.04 p90=3.69
nearest NLL: rare-normals median 17.92  common-normals median 16.95  train median 14.70 train p99 28.66
per rare regime: id occ pi  n_tr n_te_norm  mean_gap  med_nearNLL_te  med_nearNLL_tr  frac_te_above_tr_p99(near)  frac_flag_mix frac_flag_near
   21 0.0042 0.0039    78   923    5.48    52.02    37.87  0.008  1.000 1.000
    4 0.0173 0.0187   318   532    3.59    15.69    14.03  0.038  0.000 0.000
    6 0.0161 0.0151   296   429    4.09    10.59     8.17  0.112  0.000 0.000
    8 0.0063 0.0062   115   422    5.02    16.40    12.20  0.088  0.036 0.021
   38 0.0156 0.0173   286   340    3.72    13.94    12.23  0.035  0.003 0.003
   10 0.0187 0.0179   343    60    3.38    19.21    15.80  0.133  0.050 0.050
   22 0.0094 0.0144   173    37    4.09    26.13    20.46  0.108  0.405 0.297
   20 0.0008 0.0007    14    10    7.25    55.44    54.17  0.100  1.000 1.000
   11 0.0008 0.0008    14     8    7.18    91.74    53.19  0.750  1.000 1.000
   34 0.0004 0.0004     7     5    7.74    58.78    46.63  0.200  1.000 1.000
   13 0.0003 0.0003     6     4    8.04    36.53    44.52  0.000  1.000 1.000
rare-regime normals that are VALID (near-NLL <= own-regime train p99): 2626/2770
  on VALID rare normals: gap mean 4.59 median 4.23; flagged mix 0.360 near 0.359
  TOP-20 gap (mixture most exceeds nearest): idx  comp  occ    pi      near   mix    gap   -logpi  z-dist(sd)  flag_mix flag_near
      3480  13 0.0003 0.0003   36.24   44.28  8.04   8.04   1.78   1 1
      9239  13 0.0003 0.0003   36.82   44.86  8.04   8.04   1.80   1 1
      9240  13 0.0003 0.0003   32.87   40.90  8.04   8.04   1.66   1 1
      3479  13 0.0003 0.0003   44.60   52.63  8.04   8.04   2.06   1 1
     10560  34 0.0004 0.0004   65.14   72.88  7.74   7.74   2.33   1 1
     13439  34 0.0004 0.0004   38.24   45.98  7.74   7.74   1.44   1 1
     10559  34 0.0004 0.0004   58.78   66.52  7.74   7.74   2.15   1 1
      4199  34 0.0004 0.0004  142.16  149.90  7.74   7.74   3.88   1 1
     13440  34 0.0004 0.0004   39.28   47.00  7.72   7.74   1.48   1 1
     13679  20 0.0008 0.0007   57.46   64.71  7.25   7.25   1.92   1 1
      7319  20 0.0008 0.0007   67.15   74.40  7.25   7.25   2.21   1 1
      7320  20 0.0008 0.0007   46.32   53.57  7.25   7.25   1.51   1 1
      4439  20 0.0008 0.0007   76.22   83.47  7.25   7.25   2.45   1 1
     10799  20 0.0008 0.0007   64.65   71.90  7.25   7.25   2.14   1 1
      1559  20 0.0008 0.0007   67.53   74.78  7.25   7.25   2.22   1 1
      4440  20 0.0008 0.0007   50.69   57.94  7.25   7.25   1.68   1 1
     10800  20 0.0008 0.0007   48.27   55.52  7.25   7.25   1.59   1 1
      1560  20 0.0008 0.0007   48.58   55.83  7.25   7.25   1.60   1 1
     13680  20 0.0008 0.0007   53.43   60.67  7.25   7.25   1.78   1 1
     12000  11 0.0008 0.0008   92.80   99.98  7.18   7.18   2.86   1 1
  BOTTOM-20 gap: idx  comp  occ    pi      near   mix    gap   -logpi  z-dist(sd)  flag_mix flag_near
     14464   4 0.0173 0.0187   17.76   20.33  2.57   3.98   1.12   0 0
     13817   4 0.0173 0.0187   14.02   16.59  2.57   3.98   0.89   0 0
      9558   4 0.0173 0.0187   20.63   23.18  2.55   3.98   1.27   0 0
      2753   4 0.0173 0.0187   19.48   22.03  2.54   3.98   1.21   0 0
      1964   4 0.0173 0.0187   21.07   23.61  2.54   3.98   1.29   0 0
      3260   4 0.0173 0.0187   16.03   18.56  2.52   3.98   1.02   0 0
     12275  10 0.0187 0.0179   24.72   27.24  2.51   4.03   1.38   0 0
      9216  38 0.0156 0.0173   19.06   21.57  2.51   4.05   1.24   0 0
     11772   4 0.0173 0.0187   16.41   18.92  2.50   3.98   1.04   0 0
      9469   4 0.0173 0.0187   18.75   21.21  2.46   3.98   1.17   0 0
     11117   4 0.0173 0.0187   13.61   16.07  2.46   3.98   0.86   0 0
      9361   4 0.0173 0.0187   22.44   24.88  2.44   3.98   1.36   0 0
      2469  38 0.0156 0.0173   17.25   19.67  2.42   4.05   1.15   0 0
      2805  10 0.0187 0.0179   18.35   20.73  2.38   4.03   1.05   0 0
      7941   4 0.0173 0.0187   18.29   20.67  2.38   3.98   1.15   0 0
      1565   4 0.0173 0.0187   24.54   26.92  2.38   3.98   1.45   0 0
       267  10 0.0187 0.0179   19.31   21.65  2.34   4.03   1.11   0 0
      1921  38 0.0156 0.0173   19.22   21.55  2.34   4.05   1.25   0 0
      9232   4 0.0173 0.0187   20.72   22.97  2.25   3.98   1.28   0 0
      3333   4 0.0173 0.0187   18.26   20.09  1.83   3.98   1.15   0 0

--- 3. fairer metrics ---
  matched overall test-normal FPR=0.01: FPR_rare mix=0.0513 near=0.0513 | FPR_common mix=0.0000 near=0.0000
  matched overall test-normal FPR=0.02: FPR_rare mix=0.1025 near=0.1025 | FPR_common mix=0.0000 near=0.0000
  matched overall test-normal FPR=0.05: FPR_rare mix=0.2560 near=0.2560 | FPR_common mix=0.0000 near=0.0000
  matched overall test-normal FPR=0.10: FPR_rare mix=0.3697 near=0.3635 | FPR_common mix=0.0345 near=0.0360
  matched all-anom recall=0.5: FPR_rare mix=0.0134 near=0.0134 | FPR_all mix=0.0026 near=0.0026
  matched hard recall=0.5: FPR_rare mix=0.3462 near=0.3440 | FPR_all mix=0.0728 near=0.0720
  matched all-anom recall=0.8: FPR_rare mix=0.3282 near=0.3329 | FPR_all mix=0.0642 near=0.0660
  matched hard recall=0.8: FPR_rare mix=0.5097 near=0.4812 | FPR_all mix=0.3702 near=0.3781
  top-1% scoring normals, share in rare regimes: mix=1.000 near=1.000 (base 0.196)
  top-5% scoring normals, share in rare regimes: mix=1.000 near=1.000 (base 0.196)
  AUROC(rare-normal vs common-normal): mix=0.612 near=0.574
  median percentile-rank of rare normals among all normals: mix=0.655 near=0.580
  paired rank shift (mix rank - near rank) on rare normals: mean=435.2 median=83.0 frac>0=0.626 frac<0=0.273 (n=2770)
  AUROC all anomalies: mix=0.926 near=0.925; hard: mix=0.807 near=0.808

--- 4. is the condition present? occupancy census ---
occupancy sorted: [0.0602, 0.0521, 0.0516, 0.0488, 0.0467, 0.046, 0.0429, 0.0406, 0.0396, 0.0389, 0.0371, 0.0346, 0.0308, 0.028, 0.0272, 0.0268, 0.0263, 0.026, 0.0252, 0.0241, 0.0236, 0.0234, 0.0231, 0.023, 0.0216, 0.0209, 0.0208, 0.0187, 0.0173, 0.0161, 0.0156, 0.0094, 0.0063, 0.0042, 0.0008, 0.0008, 0.0004, 0.0003, 0.0001, 0.0]
max/min occ ratio: 60188; #regimes <2%: 13, <1%: 9, <0.5%: 7, <0.1%: 6
mass in regimes <2%: 0.090, <1%: 0.022, <0.5%: 0.007
Zipf slope (log occ vs log rank): -1.10  (MIIM generator uses beta=2.1; flat=0)
train-vs-testnormal occupancy: corr=0.448; regimes with test share > 3x train share: [(8, 0.0063, 0.0298), (19, 0.0467, 0.1513), (21, 0.0042, 0.0652)]
