[WADI s0] K=20 tiny=[] n=[] rare=[0, 10, 15] | test-normal tiny=0 rare=9 | logN repro err=3.22e+09
   invariant shrink0     == base: True
   invariant refit0      == base: True
   invariant inflate0    == base: True
   invariant regthr_inf  == base: True
   invariant knn0        == base: True
   invariant merge0      == base: True
[WADI s1] K=20 tiny=[] n=[] rare=[12, 15] | test-normal tiny=0 rare=7 | logN repro err=5.96e+09
   invariant shrink0     == base: True
   invariant refit0      == base: True
   invariant inflate0    == base: True
   invariant regthr_inf  == base: True
   invariant knn0        == base: True
   invariant merge0      == base: True
[WADI s2] K=20 tiny=[] n=[] rare=[6, 19] | test-normal tiny=0 rare=13 | logN repro err=3.91e+09
   invariant shrink0     == base: True
   invariant refit0      == base: True
   invariant inflate0    == base: True
   invariant regthr_inf  == base: True
   invariant knn0        == base: True
   invariant merge0      == base: True

=== WADI: seed-mean over 3 seeds (mix | near) ===
variant                               FPR tiny          FPR rare           FPR all        AUROC diff       AUROC all  gap tiny  gap rare
E:\Projects\Backlog\LatAD\poc\_diagnostics\e2_rare_variants.py:202: RuntimeWarning: Mean of empty slice
  def mm(key, m): return np.nanmean([r[key][m] for r in rs])
E:\Projects\Backlog\LatAD\poc\_diagnostics\e2_rare_variants.py:205: RuntimeWarning: Mean of empty slice
  f"{mm('mixture','auroc_all'):7.3f}|{mm('nearest','auroc_all'):7.3f} {np.nanmean([r['gap_tiny'] for r in rs]):9.3f} {np.nanmean([r['gap_rare'] for r in rs]):9.3f}")
base()                            nan|     nan    0.000|   0.000   0.0051|  0.0058    0.653|   0.653   0.775|  0.774       nan     0.000
shrink(lam=5.0)                   nan|     nan    0.000|   0.000   0.0045|  0.0045    0.650|   0.652   0.772|  0.772       nan     0.000
shrink(lam=20.0)                  nan|     nan    0.000|   0.000   0.0051|  0.0045    0.631|   0.637   0.766|  0.767       nan     0.000
shrink(lam=100.0)                 nan|     nan    0.000|   0.000   0.0064|  0.0058    0.610|   0.613   0.762|  0.760       nan     0.000
shrink(lam=1000.0)                nan|     nan    0.000|   0.000   0.0071|  0.0071    0.602|   0.618   0.760|  0.763       nan     0.000
refit(nmin=20,lam=5.0)            nan|     nan    0.000|   0.000   0.0051|  0.0058    0.653|   0.653   0.775|  0.774       nan     0.000
refit(nmin=50,lam=5.0)            nan|     nan    0.000|   0.000   0.0064|  0.0058    0.652|   0.651   0.774|  0.773       nan     0.000
refit(nmin=100,lam=5.0)           nan|     nan    0.000|   0.000   0.0058|  0.0051    0.659|   0.659   0.776|  0.775       nan     0.000
refit(nmin=1000000,lam=5.0)       nan|     nan    0.000|   0.000   0.0058|  0.0064    0.661|   0.662   0.779|  0.778       nan     0.000
refit(nmin=20,lam=1.0)            nan|     nan    0.000|   0.000   0.0051|  0.0058    0.653|   0.653   0.775|  0.774       nan     0.000
refit(nmin=20,lam=20.0)           nan|     nan    0.000|   0.000   0.0051|  0.0058    0.653|   0.653   0.775|  0.774       nan     0.000
inflate(alpha=1.0)                nan|     nan    0.000|   0.000   0.0051|  0.0045    0.654|   0.652   0.774|  0.773       nan     0.000
inflate(alpha=3.0)                nan|     nan    0.000|   0.000   0.0045|  0.0045    0.652|   0.652   0.773|  0.772       nan     0.000
inflate(alpha=10.0)               nan|     nan    0.000|   0.000   0.0045|  0.0045    0.649|   0.651   0.770|  0.770       nan     0.000
inflate(alpha=30.0)               nan|     nan    0.095|   0.000   0.0064|  0.0058    0.620|   0.619   0.757|  0.757       nan     0.095
regthr(kappa=0.0)                 nan|     nan    0.159|   0.159   0.0462|  0.0443    0.476|   0.479   0.668|  0.670       nan     0.000
regthr(kappa=5.0)                 nan|     nan    0.037|   0.074   0.0360|  0.0360    0.477|   0.479   0.670|  0.671       nan    -0.037
regthr(kappa=20.0)                nan|     nan    0.000|   0.000   0.0173|  0.0173    0.479|   0.482   0.675|  0.676       nan     0.000
regthr(kappa=100.0)               nan|     nan    0.000|   0.000   0.0045|  0.0045    0.510|   0.515   0.703|  0.703       nan     0.000
knn(nmin=20,mode=replace)         nan|     nan    0.000|   0.000   0.0051|  0.0058    0.653|   0.653   0.775|  0.774       nan     0.000
knn(nmin=50,mode=replace)         nan|     nan    0.000|   0.000   0.0051|  0.0051    0.650|   0.649   0.774|  0.773       nan     0.000
knn(nmin=100,mode=replace)        nan|     nan    0.000|   0.000   0.0045|  0.0045    0.654|   0.651   0.776|  0.774       nan     0.000
knn(nmin=20,mode=fuse)            nan|     nan    0.000|   0.000   0.0051|  0.0058    0.653|   0.653   0.775|  0.774       nan     0.000
knn(nmin=20,mode=min)             nan|     nan    0.000|   0.000   0.0051|  0.0058    0.653|   0.653   0.775|  0.774       nan     0.000
knn(nmin=1000000,mode=pure)       nan|     nan    0.000|   0.000   0.0083|  0.0083    0.669|   0.669   0.793|  0.793       nan     0.000
merge(nmin=20,refit=False)        nan|     nan    0.000|   0.000   0.0051|  0.0058    0.653|   0.653   0.775|  0.774       nan     0.000
merge(nmin=20,refit=True)         nan|     nan    0.000|   0.000   0.0058|  0.0064    0.663|   0.662   0.784|  0.782       nan     0.000
merge(nmin=50,refit=False)        nan|     nan    0.095|   0.095   0.0051|  0.0045    0.650|   0.649   0.773|  0.772       nan     0.000
merge(nmin=50,refit=True)         nan|     nan    0.095|   0.095   0.0064|  0.0064    0.658|   0.658   0.781|  0.780       nan     0.000
[SWaT s0] K=40 tiny=[8, 9, 12, 13, 15, 16, 17, 19, 27, 33] n=[5, 4, 4, 1, 6, 8, 10, 7, 1, 8] rare=[5, 20, 23, 24, 26, 28, 29, 30, 32, 34, 35, 36, 37] | test-normal tiny=0 rare=119 | logN repro err=5.17e+23
   invariant shrink0     == base: True
   invariant refit0      == base: True
   invariant inflate0    == base: True
   invariant regthr_inf  == base: True
   invariant knn0        == base: True
   invariant merge0      == base: True
[SWaT s1] K=40 tiny=[6, 7, 13, 14, 15, 23, 28, 30] n=[4, 6, 7, 1, 4, 5, 1, 8] rare=[8, 16, 20, 22, 24, 27, 29, 31, 34, 37, 38] | test-normal tiny=0 rare=79 | logN repro err=1.71e+24
   invariant shrink0     == base: True
   invariant refit0      == base: True
   invariant inflate0    == base: True
   invariant regthr_inf  == base: True
   invariant knn0        == base: True
   invariant merge0      == base: True
[SWaT s2] K=40 tiny=[5, 8, 9, 10, 11, 16, 27, 36] n=[6, 7, 7, 1, 4, 6, 1, 4] rare=[3, 13, 15, 17, 21, 22, 23, 26, 28, 29, 33, 38] | test-normal tiny=0 rare=53 | logN repro err=9.68e+23
   invariant shrink0     == base: True
   invariant refit0      == base: True
   invariant inflate0    == base: True
   invariant regthr_inf  == base: True
   invariant knn0        == base: True
   invariant merge0      == base: True

=== SWaT: seed-mean over 3 seeds (mix | near) ===
variant                               FPR tiny          FPR rare           FPR all        AUROC diff       AUROC all  gap tiny  gap rare
E:\Projects\Backlog\LatAD\poc\_diagnostics\e2_rare_variants.py:202: RuntimeWarning: Mean of empty slice
  def mm(key, m): return np.nanmean([r[key][m] for r in rs])
E:\Projects\Backlog\LatAD\poc\_diagnostics\e2_rare_variants.py:205: RuntimeWarning: Mean of empty slice
  f"{mm('mixture','auroc_all'):7.3f}|{mm('nearest','auroc_all'):7.3f} {np.nanmean([r['gap_tiny'] for r in rs]):9.3f} {np.nanmean([r['gap_rare'] for r in rs]):9.3f}")
base()                            nan|     nan    0.000|   0.000   0.0000|  0.0000    0.918|   0.912   0.982|  0.981       nan     0.000
shrink(lam=5.0)                   nan|     nan    0.000|   0.000   0.0000|  0.0000    0.926|   0.922   0.984|  0.982       nan     0.000
shrink(lam=20.0)                  nan|     nan    0.000|   0.000   0.0000|  0.0000    0.930|   0.929   0.984|  0.984       nan     0.000
shrink(lam=100.0)                 nan|     nan    0.000|   0.000   0.0000|  0.0000    0.935|   0.935   0.985|  0.984       nan     0.000
shrink(lam=1000.0)                nan|     nan    0.000|   0.000   0.0000|  0.0000    0.920|   0.939   0.981|  0.985       nan     0.000
refit(nmin=20,lam=5.0)            nan|     nan    0.000|   0.003   0.0000|  0.0004    0.918|   0.912   0.982|  0.979       nan    -0.003
refit(nmin=50,lam=5.0)            nan|     nan    0.000|   0.000   0.0000|  0.0000    0.917|   0.911   0.982|  0.979       nan     0.000
refit(nmin=100,lam=5.0)           nan|     nan    0.000|   0.000   0.0000|  0.0000    0.915|   0.908   0.982|  0.978       nan     0.000
refit(nmin=1000000,lam=5.0)       nan|     nan    0.000|   0.000   0.0000|  0.0000    0.928|   0.923   0.984|  0.980       nan     0.000
refit(nmin=20,lam=1.0)            nan|     nan    0.000|   0.003   0.0000|  0.0004    0.918|   0.912   0.982|  0.981       nan    -0.003
refit(nmin=20,lam=20.0)           nan|     nan    0.000|   0.000   0.0000|  0.0000    0.918|   0.912   0.982|  0.979       nan     0.000
inflate(alpha=1.0)                nan|     nan    0.000|   0.000   0.0000|  0.0000    0.917|   0.911   0.982|  0.981       nan     0.000
inflate(alpha=3.0)                nan|     nan    0.000|   0.000   0.0000|  0.0000    0.916|   0.909   0.982|  0.980       nan     0.000
inflate(alpha=10.0)               nan|     nan    0.000|   0.000   0.0000|  0.0000    0.913|   0.902   0.981|  0.979       nan     0.000
inflate(alpha=30.0)               nan|     nan    0.000|   0.000   0.0000|  0.0000    0.907|   0.899   0.977|  0.972       nan     0.000
regthr(kappa=0.0)                 nan|     nan    0.055|   0.055   0.0173|  0.0169    0.644|   0.645   0.491|  0.492       nan     0.000
regthr(kappa=5.0)                 nan|     nan    0.036|   0.036   0.0136|  0.0136    0.665|   0.667   0.517|  0.517       nan     0.000
regthr(kappa=20.0)                nan|     nan    0.017|   0.025   0.0074|  0.0081    0.672|   0.675   0.712|  0.710       nan    -0.008
regthr(kappa=100.0)               nan|     nan    0.000|   0.000   0.0007|  0.0007    0.716|   0.720   0.927|  0.926       nan     0.000
knn(nmin=20,mode=replace)         nan|     nan    0.000|   0.000   0.0000|  0.0000    0.918|   0.912   0.982|  0.981       nan     0.000
knn(nmin=50,mode=replace)         nan|     nan    0.000|   0.000   0.0000|  0.0000    0.917|   0.911   0.982|  0.981       nan     0.000
knn(nmin=100,mode=replace)        nan|     nan    0.000|   0.000   0.0000|  0.0000    0.920|   0.913   0.983|  0.981       nan     0.000
knn(nmin=20,mode=fuse)            nan|     nan    0.000|   0.000   0.0000|  0.0000    0.918|   0.912   0.982|  0.981       nan     0.000
knn(nmin=20,mode=min)             nan|     nan    0.000|   0.000   0.0000|  0.0000    0.918|   0.912   0.982|  0.981       nan     0.000
knn(nmin=1000000,mode=pure)       nan|     nan    0.000|   0.000   0.0000|  0.0000    0.969|   0.969   0.993|  0.993       nan     0.000
merge(nmin=20,refit=False)        nan|     nan    0.000|   0.000   0.0000|  0.0000    0.918|   0.912   0.982|  0.981       nan     0.000
merge(nmin=20,refit=True)         nan|     nan    0.000|   0.000   0.0000|  0.0000    0.920|   0.914   0.983|  0.982       nan     0.000
merge(nmin=50,refit=False)        nan|     nan    0.000|   0.000   0.0000|  0.0000    0.902|   0.895   0.978|  0.977       nan     0.000
merge(nmin=50,refit=True)         nan|     nan    0.000|   0.000   0.0000|  0.0000    0.905|   0.899   0.979|  0.978       nan     0.000

saved 261 rows -> E:\Projects\Backlog\LatAD\poc\_diagnostics\e2_rare_results.json
