--- A. logN repro ---
max err at train row 16319 comp 9: mine=-1.423e+05 stored=-1.423e+05; lvc[k] min=-2.996 max=-2.996; n_c[k]=0
rows/comps with err>1e-2: 2638 rows, comps [9]
err on the ARGMAX entries only: 4.184e-05; argmax agree: 1.0000
max RELATIVE err 3.215e-07

--- B. tiny-regime test normals: in-support? ---
tiny: n=27 kNN-dist percentile among train LOO: median 0.998 p10 0.997; frac >0.99: 1.000; frac>0.999: 0.148
rare: n=2743 kNN-dist percentile among train LOO: median 0.881 p10 0.232; frac >0.99: 0.343; frac>0.999: 0.012
common normals: kNN percentile median 0.751 frac>0.99 0.015
hard anomalies: kNN percentile median 0.992 frac>0.99 0.557
  comp 11: n_tr=14 n_te=8 | own-regime NN dist: test median 5.64 vs train-LOO median 3.71 max 8.87 | global kNN pct median 0.998 | base near-NLL med 91.7 thr 28.7 | refit-comp NLL test med 52.8 train med 41.3 | mean lvc 1.59 refit mean logvar 2.08
  comp 13: n_tr=6 n_te=4 | own-regime NN dist: test median 4.29 vs train-LOO median 2.53 max 3.90 | global kNN pct median 0.997 | base near-NLL med 36.5 thr 28.7 | refit-comp NLL test med 27.9 train med 22.7 | mean lvc -0.49 refit mean logvar 0.15
  comp 20: n_tr=14 n_te=10 | own-regime NN dist: test median 3.65 vs train-LOO median 4.77 max 16.79 | global kNN pct median 0.999 | base near-NLL med 55.4 thr 28.7 | refit-comp NLL test med 47.4 train med 41.1 | mean lvc 1.67 refit mean logvar 2.12
  comp 34: n_tr=7 n_te=5 | own-regime NN dist: test median 6.13 vs train-LOO median 7.04 max 8.03 | global kNN pct median 0.998 | base near-NLL med 58.8 thr 28.7 | refit-comp NLL test med 48.1 train med 31.7 | mean lvc 0.88 refit mean logvar 1.02

--- C. regthr collapse: where do anomalies land? ---
global p99 28.7; per-regime p99: min 15.4 median 22.9 max 215.3
regimes with own p99 > global+10: 5(n=2,p99=108,te_norm=0,anom=0,hard=0), 11(n=14,p99=75,te_norm=8,anom=20,hard=0), 13(n=6,p99=53,te_norm=4,anom=0,hard=0), 20(n=14,p99=73,te_norm=10,anom=0,hard=0), 21(n=78,p99=215,te_norm=923,anom=514,hard=77), 34(n=7,p99=65,te_norm=5,anom=0,hard=0)
top regimes by anomaly count: 21(anom=514,hard=77,n_tr=78,p99_c=215,occ=0.0042), 12(anom=29,hard=24,n_tr=845,p99_c=22,occ=0.0460), 11(anom=20,hard=0,n_tr=14,p99_c=75,occ=0.0008), 35(anom=16,hard=14,n_tr=424,p99_c=33,occ=0.0231), 19(anom=14,hard=14,n_tr=858,p99_c=29,occ=0.0467), 22(anom=11,hard=5,n_tr=173,p99_c=31,occ=0.0094), 39(anom=8,hard=8,n_tr=565,p99_c=23,occ=0.0308), 27(anom=7,hard=5,n_tr=500,p99_c=21,occ=0.0272)
share of ALL anomalies assigned to regimes with own-p99 > global: 0.882; hard: 0.659; normals: 0.242
share of anomalies assigned to rare(<2%) regimes: all 0.853 hard 0.515 (normals 0.196)
excess score: normals median -6.6, anomalies median -109.6, hard median -9.1

--- D. regime 21 ---
n_tr=78 test-normal=923 anomalies=514 hard=77; model mean lvc 2.05
base near-NLL: train median 37.9 p99 215.3; test-normal median 52.0; global thr 28.7
refit (moment) NLL: train median 40.4; test-normal median 46.3; refit mean logvar 2.79
kNN percentile of regime-21 test normals: median 0.998 frac>0.99 0.995
own-regime NN dist: test median 11.81 p90 12.79 vs train-LOO median 3.64 max 73.02
test-vs-train mean shift in own-regime sd units per latent dim: [-0.0, 1.3, 0.4, -0.2, -0.2, 0.1, -0.3, -2.5, 1.1, -0.2, 0.5, 1.0, 0.2, 0.9, -0.0, -0.5]
