[HAI s0] invariant (kappa=inf,cap=0) == base: True
[HAI s1] invariant (kappa=inf,cap=0) == base: True
[HAI s2] invariant (kappa=inf,cap=0) == base: True

=== HAI: seed-mean over 3 seeds (mix | near) ===
variant                               FPR tiny          FPR rare           FPR all        AUROC diff       AUROC all  gap tiny  gap rare
base()                          1.000|   1.000    0.441|   0.437   0.0804|  0.0807    0.791|   0.792   0.923|  0.922     0.000     0.004
regthr_cap(kappa=0.0,cap=5.0)    1.000|   0.988    0.460|   0.453   0.1166|  0.1145    0.761|   0.762   0.915|  0.914     0.012     0.007
regthr_cap(kappa=20.0,cap=5.0)    1.000|   0.988    0.447|   0.437   0.1096|  0.1074    0.765|   0.766   0.916|  0.915     0.012     0.010
regthr_cap(kappa=0.0,cap=10.0)    0.988|   0.830    0.418|   0.406   0.1098|  0.1066    0.738|   0.734   0.902|  0.895     0.158     0.012
regthr_cap(kappa=20.0,cap=10.0)    1.000|   0.877    0.405|   0.391   0.1029|  0.0996    0.744|   0.739   0.904|  0.898     0.123     0.015
regthr_cap(kappa=0.0,cap=20.0)    0.687|   0.608    0.325|   0.263   0.0955|  0.0854    0.639|   0.622   0.810|  0.787     0.079     0.062
regthr_cap(kappa=20.0,cap=20.0)    0.925|   0.769    0.312|   0.247   0.0888|  0.0785    0.652|   0.634   0.817|  0.795     0.155     0.065
regthr_cap(kappa=0.0,cap=40.0)    0.482|   0.314    0.074|   0.074   0.0530|  0.0519    0.539|   0.526   0.643|  0.630     0.168     0.000
regthr_cap(kappa=20.0,cap=40.0)    0.866|   0.711    0.063|   0.060   0.0468|  0.0455    0.562|   0.549   0.665|  0.654     0.155     0.003
[WADI s0] invariant (kappa=inf,cap=0) == base: True
[WADI s1] invariant (kappa=inf,cap=0) == base: True
[WADI s2] invariant (kappa=inf,cap=0) == base: True

=== WADI: seed-mean over 3 seeds (mix | near) ===
variant                               FPR tiny          FPR rare           FPR all        AUROC diff       AUROC all  gap tiny  gap rare
base()                            nan|     nan    0.000|   0.000   0.0051|  0.0058    0.653|   0.653   0.775|  0.774       nan     0.000
regthr_cap(kappa=0.0,cap=5.0)      nan|     nan    0.159|   0.159   0.0482|  0.0462    0.483|   0.486   0.683|  0.684       nan     0.000
regthr_cap(kappa=20.0,cap=5.0)      nan|     nan    0.000|   0.000   0.0193|  0.0193    0.487|   0.491   0.690|  0.692       nan     0.000
regthr_cap(kappa=0.0,cap=10.0)      nan|     nan    0.159|   0.159   0.0475|  0.0456    0.476|   0.478   0.670|  0.671       nan     0.000
regthr_cap(kappa=20.0,cap=10.0)      nan|     nan    0.000|   0.000   0.0186|  0.0186    0.478|   0.482   0.676|  0.677       nan     0.000
regthr_cap(kappa=0.0,cap=20.0)      nan|     nan    0.159|   0.159   0.0462|  0.0443    0.476|   0.479   0.668|  0.670       nan     0.000
regthr_cap(kappa=20.0,cap=20.0)      nan|     nan    0.000|   0.000   0.0173|  0.0173    0.479|   0.482   0.675|  0.676       nan     0.000
regthr_cap(kappa=0.0,cap=40.0)      nan|     nan    0.159|   0.159   0.0462|  0.0443    0.476|   0.479   0.668|  0.670       nan     0.000
regthr_cap(kappa=20.0,cap=40.0)      nan|     nan    0.000|   0.000   0.0173|  0.0173    0.479|   0.482   0.675|  0.676       nan     0.000
[SWaT s0] invariant (kappa=inf,cap=0) == base: True
[SWaT s1] invariant (kappa=inf,cap=0) == base: True
[SWaT s2] invariant (kappa=inf,cap=0) == base: True

=== SWaT: seed-mean over 3 seeds (mix | near) ===
variant                               FPR tiny          FPR rare           FPR all        AUROC diff       AUROC all  gap tiny  gap rare
base()                            nan|     nan    0.000|   0.000   0.0000|  0.0000    0.918|   0.912   0.982|  0.981       nan     0.000
regthr_cap(kappa=0.0,cap=5.0)      nan|     nan    0.055|   0.055   0.0173|  0.0169    0.757|   0.768   0.796|  0.786       nan     0.000
regthr_cap(kappa=20.0,cap=5.0)      nan|     nan    0.017|   0.025   0.0074|  0.0081    0.762|   0.774   0.864|  0.856       nan    -0.008
regthr_cap(kappa=0.0,cap=10.0)      nan|     nan    0.055|   0.055   0.0173|  0.0169    0.742|   0.744   0.746|  0.746       nan     0.000
regthr_cap(kappa=20.0,cap=10.0)      nan|     nan    0.017|   0.025   0.0074|  0.0081    0.733|   0.743   0.773|  0.768       nan    -0.008
regthr_cap(kappa=0.0,cap=20.0)      nan|     nan    0.055|   0.055   0.0173|  0.0169    0.718|   0.721   0.702|  0.691       nan     0.000
regthr_cap(kappa=20.0,cap=20.0)      nan|     nan    0.017|   0.025   0.0074|  0.0081    0.708|   0.717   0.726|  0.726       nan    -0.008
regthr_cap(kappa=0.0,cap=40.0)      nan|     nan    0.055|   0.055   0.0173|  0.0169    0.671|   0.673   0.513|  0.513       nan     0.000
regthr_cap(kappa=20.0,cap=40.0)      nan|     nan    0.017|   0.025   0.0074|  0.0081    0.682|   0.685   0.717|  0.716       nan    -0.008
saved 333 rows
