
=== WADI_clean  (nseed=5, subsets {'All': 575, 'Easy': 13, 'Difficult': 43, 'DoubleHard': 27}) ===
method                     All          Easy     Difficult    DoubleHard
trivial max|z|     0.769±0.000   1.000±0.000   0.699±0.000   0.612±0.000
IF                 0.725±0.005   0.871±0.007   0.681±0.006   0.581±0.007
AE                 0.799±0.002   0.999±0.000   0.739±0.003   0.671±0.003
linres             0.834±0.000   0.993±0.000   0.787±0.000   0.660±0.000
USAD               0.757±0.000   0.994±0.000   0.685±0.000   0.595±0.000
TranAD             0.786±0.000   0.998±0.000   0.722±0.000   0.629±0.000
LatAD              0.793±0.006   0.991±0.003   0.734±0.008   0.682±0.014
HC                 0.831±0.006   0.969±0.016   0.789±0.008   0.688±0.017
HC_coh             0.843±0.008   0.968±0.009   0.805±0.012   0.706±0.022
null+HC            0.850±0.004   0.995±0.001   0.806±0.005   0.720±0.017
sum+LatAD          0.838±0.004   0.996±0.000   0.790±0.005   0.720±0.006
max+LatAD          0.854±0.011   0.995±0.001   0.811±0.014   0.734±0.027
cohmax+LatAD       0.867±0.012   0.996±0.001   0.828±0.016   0.754±0.027
HC+LatAD           0.855±0.006   0.996±0.001   0.812±0.008   0.726±0.018
HCcoh+LatAD        0.864±0.009   0.996±0.001   0.824±0.012   0.743±0.024
q95+LatAD          0.861±0.008   0.996±0.001   0.820±0.010   0.738±0.018
   null+HC vs linres [Difficult]: diff 0.037 CI [-0.088, 0.181] P(<=0)=0.3165 (episodes 11)
   null+HC vs linres [DoubleHard]: diff 0.083 CI [-0.134, 0.267] P(<=0)=0.2235 (episodes 10)

=== SWaT_canon  (nseed=5, subsets {'All': 1498, 'Easy': 148, 'Difficult': 85, 'DoubleHard': 59}) ===
method                     All          Easy     Difficult    DoubleHard
trivial max|z|     0.871±0.000   1.000±0.000   0.646±0.000   0.581±0.000
IF                 0.821±0.003   0.933±0.002   0.627±0.007   0.578±0.009
AE                 0.899±0.002   0.996±0.000   0.729±0.007   0.666±0.010
linres             0.920±0.000   1.000±0.000   0.782±0.000   0.688±0.000
USAD               0.873±0.000   0.996±0.000   0.658±0.000   0.609±0.000
TranAD             0.873±0.000   0.998±0.000   0.655±0.000   0.604±0.000
LatAD              0.927±0.002   0.998±0.001   0.804±0.007   0.728±0.010
HC                 0.918±0.006   0.980±0.006   0.811±0.011   0.735±0.014
HC_coh             0.919±0.008   0.974±0.006   0.822±0.014   0.757±0.015
null+HC            0.935±0.004   0.999±0.000   0.823±0.011   0.752±0.016
sum+LatAD          0.930±0.001   0.998±0.000   0.812±0.003   0.737±0.004
max+LatAD          0.927±0.002   0.997±0.001   0.803±0.007   0.728±0.010
cohmax+LatAD       0.939±0.002   0.998±0.001   0.837±0.004   0.775±0.005
HC+LatAD           0.937±0.003   0.998±0.000   0.829±0.007   0.758±0.010
HCcoh+LatAD        0.941±0.002   0.999±0.000   0.840±0.004   0.775±0.006
q95+LatAD          0.927±0.002   0.997±0.001   0.803±0.007   0.728±0.010
   null+HC vs linres [Difficult]: diff 0.058 CI [0.015, 0.107] P(<=0)=0.003 (episodes 23)
   null+HC vs linres [DoubleHard]: diff 0.087 CI [0.029, 0.151] P(<=0)=0.0005 (episodes 18)

=== HAI  (nseed=5, subsets {'All': 14819, 'Easy': 485, 'Difficult': 167, 'DoubleHard': 84}) ===
method                     All          Easy     Difficult    DoubleHard
trivial max|z|     0.806±0.000   0.966±0.000   0.340±0.000   0.349±0.000
IF                 0.844±0.011   0.919±0.016   0.627±0.005   0.635±0.012
AE                 0.923±0.001   0.980±0.000   0.757±0.003   0.730±0.003
linres             0.779±0.000   0.846±0.000   0.586±0.000   0.465±0.000
USAD               0.843±0.005   0.969±0.001   0.477±0.018   0.442±0.021
TranAD             0.834±0.002   0.968±0.000   0.444±0.010   0.418±0.009
LatAD              0.933±0.007   0.975±0.004   0.811±0.016   0.806±0.019
HC                 0.904±0.013   0.959±0.012   0.744±0.015   0.669±0.013
HC_coh             0.932±0.007   0.977±0.004   0.801±0.020   0.737±0.023
null+HC            0.946±0.005   0.981±0.001   0.846±0.016   0.810±0.021
sum+LatAD          0.941±0.004   0.980±0.001   0.828±0.012   0.805±0.013
max+LatAD          0.934±0.005   0.980±0.003   0.802±0.011   0.768±0.013
cohmax+LatAD       0.943±0.006   0.983±0.002   0.828±0.021   0.796±0.021
HC+LatAD           0.943±0.006   0.983±0.002   0.828±0.019   0.787±0.023
HCcoh+LatAD        0.949±0.004   0.983±0.002   0.849±0.018   0.819±0.020
q95+LatAD          0.947±0.006   0.978±0.002   0.855±0.024   0.826±0.027
   null+HC vs AE [Difficult]: diff 0.092 CI [0.047, 0.157] P(<=0)=0.0 (episodes 26)
   null+HC vs AE [DoubleHard]: diff 0.089 CI [0.022, 0.186] P(<=0)=0.0 (episodes 19)

saved -> E:\Projects\Backlog\LatAD\poc\_diagnostics/edit_pass_fullhead.json
