C:\Users\apart\AppData\Roaming\Python\Python314\site-packages\modal\_utils\async_utils.py:45: DeprecationWarning: 'asyncio.WindowsSelectorEventLoopPolicy' is deprecated and slated for removal in Python 3.16
  asyncio.set_event_loop_policy(asyncio.WindowsSelectorEventLoopPolicy())
C:\Users\apart\AppData\Roaming\Python\Python314\site-packages\modal\_utils\async_utils.py:45: DeprecationWarning: 'asyncio.set_event_loop_policy' is deprecated and slated for removal in Python 3.16
  asyncio.set_event_loop_policy(asyncio.WindowsSelectorEventLoopPolicy())
✓ Initialized. View run at 
https://modal.com/apps/llmcourse/main/ap-o6WvhSCPOZASL3pCpx2S5D
✓ Created objects.
├── 🔨 Created mount 
│   E:\Projects\Backlog\LatAD\poc\sota_bundle\modal_ensemble.py
├── 🔨 Created mount 
│   E:\Projects\Backlog\LatAD\poc\sota_bundle\ens_bundle\bundle_SWaT.npz
├── 🔨 Created mount 
│   E:\Projects\Backlog\LatAD\poc\sota_bundle\ens_bundle\bundle_HAI.npz
├── 🔨 Created mount 
│   E:\Projects\Backlog\LatAD\poc\sota_bundle\ens_bundle\bundle_WADI.npz
├── 🔨 Created mount E:\Projects\Backlog\LatAD\poc\models_vade.py
└── 🔨 Created function run_ds.

==========
== CUDA ==
==========

CUDA Version 12.4.0

Container image Copyright (c) 2016-2023, NVIDIA CORPORATION & AFFILIATES. All rights reserved.

This container image and its contents are governed by the NVIDIA Deep Learning Container License.
By pulling and using the container, you accept the terms and conditions of this license:
https://developer.nvidia.com/ngc/nvidia-deep-learning-container-license

A copy of this license is made available in this container at /NGC-DL-CONTAINER-LICENSE for your convenience.

WARNING: The NVIDIA Driver was not detected.  GPU functionality will not be available.
   Use the NVIDIA Container Toolkit to start this container with GPU support; see
   https://docs.nvidia.com/datacenter/cloud-native/ .


==========
== CUDA ==
==========

CUDA Version 12.4.0

Container image Copyright (c) 2016-2023, NVIDIA CORPORATION & AFFILIATES. All rights reserved.

This container image and its contents are governed by the NVIDIA Deep Learning Container License.
By pulling and using the container, you accept the terms and conditions of this license:
https://developer.nvidia.com/ngc/nvidia-deep-learning-container-license

A copy of this license is made available in this container at /NGC-DL-CONTAINER-LICENSE for your convenience.

WARNING: The NVIDIA Driver was not detected.  GPU functionality will not be available.
   Use the NVIDIA Container Toolkit to start this container with GPU support; see
   https://docs.nvidia.com/datacenter/cloud-native/ .


==========
== CUDA ==
==========

CUDA Version 12.4.0

Container image Copyright (c) 2016-2023, NVIDIA CORPORATION & AFFILIATES. All rights reserved.

This container image and its contents are governed by the NVIDIA Deep Learning Container License.
By pulling and using the container, you accept the terms and conditions of this license:
https://developer.nvidia.com/ngc/nvidia-deep-learning-container-license

A copy of this license is made available in this container at /NGC-DL-CONTAINER-LICENSE for your convenience.

WARNING: The NVIDIA Driver was not detected.  GPU functionality will not be available.
   Use the NVIDIA Container Toolkit to start this container with GPU support; see
   https://docs.nvidia.com/datacenter/cloud-native/ .


==========
== CUDA ==
==========

CUDA Version 12.4.0

Container image Copyright (c) 2016-2023, NVIDIA CORPORATION & AFFILIATES. All rights reserved.

This container image and its contents are governed by the NVIDIA Deep Learning Container License.
By pulling and using the container, you accept the terms and conditions of this license:
https://developer.nvidia.com/ngc/nvidia-deep-learning-container-license

A copy of this license is made available in this container at /NGC-DL-CONTAINER-LICENSE for your convenience.

WARNING: The NVIDIA Driver was not detected.  GPU functionality will not be available.
   Use the NVIDIA Container Toolkit to start this container with GPU support; see
   https://docs.nvidia.com/datacenter/cloud-native/ .

[SWaT] seed 0: max 0.951  q90 0.969  q95 0.964  sum 0.955  top5 0.965
[WADI] seed 0: max 0.737  q90 0.739  q95 0.838  sum 0.749  top5 0.829
[SWaT] seed 1: max 0.935  q90 0.952  q95 0.944  sum 0.946  top5 0.949
[WADI] seed 1: max 0.851  q90 0.719  q95 0.81  sum 0.754  top5 0.849
[SWaT] seed 2: max 0.944  q90 0.956  q95 0.954  sum 0.955  top5 0.958
[SWaT] DONE: {"dataset": "SWaT", "n_communities": 26, "LatAD": 0.96, "compet": "linres", "compet_auroc": 0.959, "ensemble": {"max": [0.943, 0.007], "q90": [0.959, 0.007], "q95": [0.954, 0.008], "sum": [0.952, 0.004], "top5": [0.957, 0.007]}, "sum_sig_vs_compet": {"diff": -0.007, "ci": [-0.016, 0.001], "p_le_0": 0.96}, "fused_sum_tailmax_sig_vs_compet": {"diff": 0.009, "ci": [0.001, 0.017], "p_le_0": 0.016}}
[WADI] seed 2: max 0.686  q90 0.706  q95 0.765  sum 0.766  top5 0.724
[HAI] seed 0: max 0.751  q90 0.767  q95 0.761  sum 0.755  top5 0.767
[WADI] DONE: {"dataset": "WADI", "n_communities": 45, "LatAD": 0.69, "compet": "IF", "compet_auroc": 0.677, "ensemble": {"max": [0.758, 0.069], "q90": [0.721, 0.014], "q95": [0.804, 0.03], "sum": [0.756, 0.007], "top5": [0.801, 0.055]}, "sum_sig_vs_compet": {"diff": 0.08, "ci": [0.034, 0.141], "p_le_0": 0.0}, "fused_sum_tailmax_sig_vs_compet": {"diff": 0.046, "ci": [-0.014, 0.112], "p_le_0": 0.078}}
