C:\Users\apart\AppData\Roaming\Python\Python314\site-packages\modal\_utils\async_utils.py:45: DeprecationWarning: 'asyncio.WindowsSelectorEventLoopPolicy' is deprecated and slated for removal in Python 3.16
  asyncio.set_event_loop_policy(asyncio.WindowsSelectorEventLoopPolicy())
C:\Users\apart\AppData\Roaming\Python\Python314\site-packages\modal\_utils\async_utils.py:45: DeprecationWarning: 'asyncio.set_event_loop_policy' is deprecated and slated for removal in Python 3.16
  asyncio.set_event_loop_policy(asyncio.WindowsSelectorEventLoopPolicy())
✓ Initialized. View run at 
https://modal.com/apps/apersteiny/main/ap-GNwGkhHa3UzAxu6G1OXm2I
✓ Created objects.
├── 🔨 Created mount E:\Projects\Backlog\LatAD\poc\sota_bundle\modal_experts.py
├── 🔨 Created mount 
│   E:\Projects\Backlog\LatAD\poc\sota_bundle\ens_bundle\bundle_SWaT_canon.npz
├── 🔨 Created mount 
│   E:\Projects\Backlog\LatAD\poc\sota_bundle\ens_bundle\bundle_SWaT.npz
├── 🔨 Created mount 
│   E:\Projects\Backlog\LatAD\poc\sota_bundle\ens_bundle\bundle_WADI_clean.npz
├── 🔨 Created mount 
│   E:\Projects\Backlog\LatAD\poc\sota_bundle\ens_bundle\bundle_HAI.npz
├── 🔨 Created mount 
│   E:\Projects\Backlog\LatAD\poc\sota_bundle\ens_bundle\bundle_WADI.npz
├── 🔨 Created mount E:\Projects\Backlog\LatAD\poc\models_vade.py
└── 🔨 Created function experts.

==========
== CUDA ==
==========

CUDA Version 12.4.0

Container image Copyright (c) 2016-2023, NVIDIA CORPORATION & AFFILIATES. All rights reserved.

This container image and its contents are governed by the NVIDIA Deep Learning Container License.
By pulling and using the container, you accept the terms and conditions of this license:
https://developer.nvidia.com/ngc/nvidia-deep-learning-container-license

A copy of this license is made available in this container at /NGC-DL-CONTAINER-LICENSE for your convenience.

WARNING: The NVIDIA Driver was not detected.  GPU functionality will not be available.
   Use the NVIDIA Container Toolkit to start this container with GPU support; see
   https://docs.nvidia.com/datacenter/cloud-native/ .



==========
== CUDA ==
==========

CUDA Version 12.4.0

Container image Copyright (c) 2016-2023, NVIDIA CORPORATION & AFFILIATES. All rights reserved.

This container image and its contents are governed by the NVIDIA Deep Learning Container License.
By pulling and using the container, you accept the terms and conditions of this license:
https://developer.nvidia.com/ngc/nvidia-deep-learning-container-license

A copy of this license is made available in this container at /NGC-DL-CONTAINER-LICENSE for your convenience.

==========
== CUDA ==
==========

CUDA Version 12.4.0

Container image Copyright (c) 2016-2023, NVIDIA CORPORATION & AFFILIATES. All rights reserved.

This container image and its contents are governed by the NVIDIA Deep Learning Container License.
By pulling and using the container, you accept the terms and conditions of this license:
https://developer.nvidia.com/ngc/nvidia-deep-learning-container-license

A copy of this license is made available in this container at /NGC-DL-CONTAINER-LICENSE for your convenience.

WARNING: The NVIDIA Driver was not detected.  GPU functionality will not be available.
   Use the NVIDIA Container Toolkit to start this container with GPU support; see
   https://docs.nvidia.com/datacenter/cloud-native/ .


WARNING: The NVIDIA Driver was not detected.  GPU functionality will not be available.
   Use the NVIDIA Container Toolkit to start this container with GPU support; see
   https://docs.nvidia.com/datacenter/cloud-native/ .

==========
== CUDA ==
==========

CUDA Version 12.4.0

Container image Copyright (c) 2016-2023, NVIDIA CORPORATION & AFFILIATES. All rights reserved.

This container image and its contents are governed by the NVIDIA Deep Learning Container License.
By pulling and using the container, you accept the terms and conditions of this license:
https://developer.nvidia.com/ngc/nvidia-deep-learning-container-license

A copy of this license is made available in this container at /NGC-DL-CONTAINER-LICENSE for your convenience.

WARNING: The NVIDIA Driver was not detected.  GPU functionality will not be available.
   Use the NVIDIA Container Toolkit to start this container with GPU support; see
   https://docs.nvidia.com/datacenter/cloud-native/ .


==========
== CUDA ==
==========

CUDA Version 12.4.0

Container image Copyright (c) 2016-2023, NVIDIA CORPORATION & AFFILIATES. All rights reserved.

This container image and its contents are governed by the NVIDIA Deep Learning Container License.
By pulling and using the container, you accept the terms and conditions of this license:
https://developer.nvidia.com/ngc/nvidia-deep-learning-container-license

A copy of this license is made available in this container at /NGC-DL-CONTAINER-LICENSE for your convenience.

WARNING: The NVIDIA Driver was not detected.  GPU functionality will not be available.
   Use the NVIDIA Container Toolkit to start this container with GPU support; see
   https://docs.nvidia.com/datacenter/cloud-native/ .

[WADI_clean] seed 3: 44 experts trained (0 skipped)
[WADI_clean] DONE experts=44
[WADI_clean] seed 1: 44 experts trained (0 skipped)
[WADI_clean] DONE experts=44
[WADI_clean] seed 4: 44 experts trained (0 skipped)
[WADI_clean] DONE experts=44
[WADI_clean] seed 0: 44 experts trained (0 skipped)
[WADI_clean] DONE experts=44
[WADI_clean] saved 5/5 seeds (parallel, S=44)
[WADI_clean] seed 2: 44 experts trained (0 skipped)
[WADI_clean] DONE experts=44
[SWaT_canon] seed 1: 25 experts trained (0 skipped)
[SWaT_canon] DONE experts=25
[SWaT_canon] seed 4: 25 experts trained (0 skipped)
[SWaT_canon] DONE experts=25
[SWaT_canon] seed 2: 25 experts trained (0 skipped)
[SWaT_canon] DONE experts=25
[SWaT_canon] seed 0: 25 experts trained (0 skipped)
[SWaT_canon] DONE experts=25
[SWaT_canon] seed 3: 25 experts trained (0 skipped)
[SWaT_canon] DONE experts=25
StopAsyncIteration exception in shielded future
future: <Future finished exception=StopAsyncIteration()>
Traceback (most recent call last):
  File "C:\Users\apart\AppData\Roaming\Python\Python314\site-packages\synchronicity\synchronizer.py", line 485, in wrapper_coro
    return await inner_task
           ^^^^^^^^^^^^^^^^
  File "C:\Users\apart\AppData\Roaming\Python\Python314\site-packages\synchronicity\synchronizer.py", line 315, in coro_wrapped
    value = await coro
            ^^^^^^^^^^
  File "C:\Users\apart\AppData\Roaming\Python\Python314\site-packages\synchronicity\exceptions.py", line 31, in coro_wrapped
    return await coro
           ^^^^^^^^^^
StopAsyncIteration
[SWaT_canon] saved 5/5 seeds (parallel, S=25)
Stopping app - local entrypoint completed.
✓ App completed. View run at 
https://modal.com/apps/apersteiny/main/ap-GNwGkhHa3UzAxu6G1OXm2I
