== A3_delta2.5 truth={'H_true_logK5': 0.13179831482128895, 'rho_true': 0.007, 'n_regimes': 5}
  pca1_K5: H=0.286 rho=0.004 knn_amb=0.001 knn_amb_true=0.499 ARI=0.29
  pca1_K10: H=0.215 rho=0.004 knn_amb=0.003 knn_amb_true=0.499 ARI=0.18
  pca1w_K5: H=0.288 rho=0.005 knn_amb=0.001 knn_amb_true=0.499 ARI=0.29
  pca1w_K10: H=0.219 rho=0.004 knn_amb=0.003 knn_amb_true=0.499 ARI=0.18
  pca2_K5: H=0.182 rho=0.001 knn_amb=0.008 knn_amb_true=0.265 ARI=0.46
  pca2_K10: H=0.327 rho=0.212 knn_amb=0.016 knn_amb_true=0.265 ARI=0.30
  pca2w_K5: H=0.199 rho=0.016 knn_amb=0.010 knn_amb_true=0.265 ARI=0.45
  pca2w_K10: H=0.291 rho=0.130 knn_amb=0.021 knn_amb_true=0.265 ARI=0.30
  pca5_K5: H=0.126 rho=0.009 knn_amb=0.020 knn_amb_true=0.082 ARI=0.75
  pca5_K10: H=0.271 rho=0.100 knn_amb=0.071 knn_amb_true=0.082 ARI=0.47
  pca5w_K5: H=0.285 rho=0.086 knn_amb=0.053 knn_amb_true=0.086 ARI=0.52
  pca5w_K10: H=0.284 rho=0.153 knn_amb=0.066 knn_amb_true=0.086 ARI=0.46
  pca20_K5: H=0.124 rho=0.008 knn_amb=0.025 knn_amb_true=0.080 ARI=0.75
  pca20_K10: H=0.229 rho=0.099 knn_amb=0.121 knn_amb_true=0.080 ARI=0.49
  pca20w_K5: H=0.217 rho=0.029 knn_amb=0.263 knn_amb_true=0.261 ARI=0.64
  pca20w_K10: H=0.310 rho=0.224 knn_amb=0.524 knn_amb_true=0.261 ARI=0.47
  pca50_K5: H=0.120 rho=0.006 knn_amb=0.027 knn_amb_true=0.082 ARI=0.74
  pca50_K10: H=0.220 rho=0.086 knn_amb=0.258 knn_amb_true=0.082 ARI=0.43
  pca50w_K5: H=0.229 rho=0.034 knn_amb=0.340 knn_amb_true=0.547 ARI=0.42
  pca50w_K10: H=0.215 rho=0.063 knn_amb=0.628 knn_amb_true=0.547 ARI=0.39
  pca200_K5: H=0.102 rho=0.005 knn_amb=0.037 knn_amb_true=0.080 ARI=0.74
  pca200_K10: H=0.107 rho=0.019 knn_amb=0.445 knn_amb_true=0.080 ARI=0.38
  pca200w_K5: H=0.186 rho=0.021 knn_amb=0.659 knn_amb_true=0.779 ARI=0.35
  pca200w_K10: H=0.156 rho=0.036 knn_amb=0.941 knn_amb_true=0.779 ARI=0.13
C:\Users\apart\AppData\Roaming\Python\Python314\site-packages\torch\cuda\__init__.py:65: FutureWarning: The pynvml package is deprecated. Please install nvidia-ml-py instead. If you did not install pynvml directly, please report this to the maintainers of the package that installed pynvml for you.
  import pynvml  # type: ignore[import]
  vade_LD1_K5: H=0.174 rho=0.000 knn_amb=0.001 knn_amb_true=0.226 ARI=0.29
  vade_LD2_K5: H=0.117 rho=0.004 knn_amb=0.009 knn_amb_true=0.090 ARI=0.71
  vade_LD2_K10: H=0.231 rho=0.075 knn_amb=0.018 knn_amb_true=0.095 ARI=0.45
  vade_LD6_K5: H=0.156 rho=0.015 knn_amb=0.028 knn_amb_true=0.085 ARI=0.72
  vade_LD6_K10: H=0.243 rho=0.095 knn_amb=0.088 knn_amb_true=0.086 ARI=0.43
  vade_LD16_K5: H=0.065 rho=0.004 knn_amb=0.024 knn_amb_true=0.084 ARI=0.73
== noA3_delta8 truth={'H_true_logK5': 0.03384222512757092, 'rho_true': 0.0003333333333333333, 'n_regimes': 5}
  pca1_K5: H=0.346 rho=0.012 knn_amb=0.001 knn_amb_true=0.548 ARI=0.26
  pca1_K10: H=0.242 rho=0.012 knn_amb=0.003 knn_amb_true=0.548 ARI=0.17
  pca1w_K5: H=0.349 rho=0.012 knn_amb=0.001 knn_amb_true=0.548 ARI=0.26
  pca1w_K10: H=0.247 rho=0.014 knn_amb=0.003 knn_amb_true=0.548 ARI=0.17
  pca2_K5: H=0.125 rho=0.000 knn_amb=0.006 knn_amb_true=0.148 ARI=0.65
  pca2_K10: H=0.248 rho=0.015 knn_amb=0.015 knn_amb_true=0.148 ARI=0.41
  pca2w_K5: H=0.133 rho=0.000 knn_amb=0.006 knn_amb_true=0.149 ARI=0.71
  pca2w_K10: H=0.255 rho=0.021 knn_amb=0.010 knn_amb_true=0.149 ARI=0.41
  pca5_K5: H=0.036 rho=0.000 knn_amb=0.007 knn_amb_true=0.018 ARI=0.95
  pca5_K10: H=0.214 rho=0.038 knn_amb=0.049 knn_amb_true=0.018 ARI=0.57
  pca5w_K5: H=0.185 rho=0.016 knn_amb=0.021 knn_amb_true=0.024 ARI=0.70
  pca5w_K10: H=0.238 rho=0.103 knn_amb=0.056 knn_amb_true=0.024 ARI=0.55
  pca20_K5: H=0.035 rho=0.000 knn_amb=0.007 knn_amb_true=0.019 ARI=0.95
  pca20_K10: H=0.192 rho=0.007 knn_amb=0.100 knn_amb_true=0.019 ARI=0.58
  pca20w_K5: H=0.234 rho=0.056 knn_amb=0.161 knn_amb_true=0.134 ARI=0.70
  pca20w_K10: H=0.224 rho=0.077 knn_amb=0.417 knn_amb_true=0.134 ARI=0.56
  pca50_K5: H=0.034 rho=0.000 knn_amb=0.007 knn_amb_true=0.018 ARI=0.95
  pca50_K10: H=0.157 rho=0.022 knn_amb=0.217 knn_amb_true=0.018 ARI=0.60
  pca50w_K5: H=0.090 rho=0.002 knn_amb=0.182 knn_amb_true=0.387 ARI=0.57
  pca50w_K10: H=0.150 rho=0.046 knn_amb=0.542 knn_amb_true=0.387 ARI=0.58
  pca200_K5: H=0.027 rho=0.000 knn_amb=0.008 knn_amb_true=0.018 ARI=0.94
  pca200_K10: H=0.080 rho=0.002 knn_amb=0.262 knn_amb_true=0.018 ARI=0.58
  pca200w_K5: H=0.040 rho=0.002 knn_amb=0.486 knn_amb_true=0.739 ARI=0.41
  pca200w_K10: H=0.059 rho=0.001 knn_amb=0.745 knn_amb_true=0.739 ARI=0.44
  vade_LD1_K5: H=0.092 rho=0.000 knn_amb=0.001 knn_amb_true=0.044 ARI=0.82
  vade_LD2_K5: H=0.045 rho=0.003 knn_amb=0.005 knn_amb_true=0.022 ARI=0.94
  vade_LD2_K10: H=0.195 rho=0.053 knn_amb=0.022 knn_amb_true=0.022 ARI=0.53
  vade_LD6_K5: H=0.032 rho=0.000 knn_amb=0.010 knn_amb_true=0.021 ARI=0.93
  vade_LD6_K10: H=0.171 rho=0.027 knn_amb=0.064 knn_amb_true=0.019 ARI=0.55
  vade_LD16_K5: H=0.043 rho=0.001 knn_amb=0.030 knn_amb_true=0.021 ARI=0.70
== overseg_4regimes truth={'H_true_logK5': 0.05027129876050173, 'rho_true': 0.0, 'n_regimes': 4}
  pca1_K5: H=0.250 rho=0.004 knn_amb=0.002 knn_amb_true=0.222 ARI=0.44
  pca1_K10: H=0.210 rho=0.003 knn_amb=0.004 knn_amb_true=0.222 ARI=0.27
  pca1w_K5: H=0.251 rho=0.004 knn_amb=0.002 knn_amb_true=0.222 ARI=0.44
  pca1w_K10: H=0.212 rho=0.003 knn_amb=0.004 knn_amb_true=0.222 ARI=0.27
  pca2_K5: H=0.104 rho=0.002 knn_amb=0.007 knn_amb_true=0.030 ARI=0.86
  pca2_K10: H=0.261 rho=0.090 knn_amb=0.021 knn_amb_true=0.030 ARI=0.44
  pca2w_K5: H=0.149 rho=0.010 knn_amb=0.005 knn_amb_true=0.031 ARI=0.69
  pca2w_K10: H=0.272 rho=0.117 knn_amb=0.015 knn_amb_true=0.031 ARI=0.47
  pca5_K5: H=0.146 rho=0.003 knn_amb=0.023 knn_amb_true=0.031 ARI=0.70
  pca5_K10: H=0.291 rho=0.148 knn_amb=0.079 knn_amb_true=0.031 ARI=0.42
  pca5w_K5: H=0.410 rho=0.167 knn_amb=0.060 knn_amb_true=0.039 ARI=0.41
  pca5w_K10: H=0.322 rho=0.233 knn_amb=0.110 knn_amb_true=0.039 ARI=0.54
  pca20_K5: H=0.140 rho=0.004 knn_amb=0.035 knn_amb_true=0.031 ARI=0.70
  pca20_K10: H=0.268 rho=0.108 knn_amb=0.188 knn_amb_true=0.031 ARI=0.40
  pca20w_K5: H=0.456 rho=0.240 knn_amb=0.387 knn_amb_true=0.213 ARI=0.33
  pca20w_K10: H=0.429 rho=0.344 knn_amb=0.610 knn_amb_true=0.213 ARI=0.24
  pca50_K5: H=0.129 rho=0.005 knn_amb=0.058 knn_amb_true=0.030 ARI=0.68
  pca50_K10: H=0.151 rho=0.020 knn_amb=0.219 knn_amb_true=0.030 ARI=0.53
  pca50w_K5: H=0.375 rho=0.130 knn_amb=0.623 knn_amb_true=0.463 ARI=0.23
  pca50w_K10: H=0.281 rho=0.154 knn_amb=0.859 knn_amb_true=0.463 ARI=0.19
  pca200_K5: H=0.075 rho=0.001 knn_amb=0.122 knn_amb_true=0.030 ARI=0.71
  pca200_K10: H=0.071 rho=0.003 knn_amb=0.427 knn_amb_true=0.030 ARI=0.40
  pca200w_K5: H=0.084 rho=0.003 knn_amb=0.336 knn_amb_true=0.692 ARI=0.16
  pca200w_K10: H=0.105 rho=0.014 knn_amb=0.908 knn_amb_true=0.692 ARI=0.06
  vade_LD1_K5: H=0.162 rho=0.000 knn_amb=0.001 knn_amb_true=0.036 ARI=0.82
  vade_LD2_K5: H=0.157 rho=0.018 knn_amb=0.013 knn_amb_true=0.030 ARI=0.67
  vade_LD2_K10: H=0.259 rho=0.087 knn_amb=0.023 knn_amb_true=0.030 ARI=0.42
  vade_LD6_K5: H=0.176 rho=0.020 knn_amb=0.038 knn_amb_true=0.040 ARI=0.68
  vade_LD6_K10: H=0.178 rho=0.046 knn_amb=0.130 knn_amb_true=0.039 ARI=0.39
  vade_LD16_K5: H=0.093 rho=0.007 knn_amb=0.089 knn_amb_true=0.035 ARI=0.34
done 92s
