== WADI n=2614 LD=10
  WADI latent K=20: {'K': 20, 'n_rare_components_lt1pct': 1, 'mass_in_rare': 0.0076511094108645756, 'H_all': 0.053969760317525775, 'H_rare_points': 0.007306988287272803, 'H_bulk_points': 0.05432953496694948, 'frac_rare_points_H_gt_0p3': 0.0, 'smallest5_mass': [0.0076511094108645756, 0.014919663351185922, 0.01568477429227238, 0.017980107115531753, 0.02410099464422341]}
  WADI pca20 K=20: {'K': 20, 'n_rare_components_lt1pct': 1, 'mass_in_rare': 0.0072685539403213465, 'H_all': 0.025258370990757756, 'H_rare_points': 2.7243218791628468e-11, 'H_bulk_points': 0.025443307040201604, 'frac_rare_points_H_gt_0p3': 0.0, 'smallest5_mass': [0.0072685539403213465, 0.013771996939556235, 0.016449885233358837, 0.017980107115531753, 0.020657995409334353]}
  WADI latent K=64: {'K': 64, 'n_rare_components_lt1pct': 30, 'mass_in_rare': 0.20122417750573834, 'H_all': 0.020213972623262137, 'H_rare_points': 0.017263332723303822, 'H_bulk_points': 0.02095728516510987, 'frac_rare_points_H_gt_0p3': 0.0, 'smallest5_mass': [0.0007651109410864575, 0.0026778882938026014, 0.0026778882938026014, 0.0038255547054322878, 0.0038255547054322878]}
  WADI pca20 K=64: {'K': 64, 'n_rare_components_lt1pct': 22, 'mass_in_rare': 0.15072685539403213, 'H_all': 0.007714008454251588, 'H_rare_points': 0.0032813710466706395, 'H_bulk_points': 0.008500701759921361, 'frac_rare_points_H_gt_0p3': 0.0, 'smallest5_mass': [0.00306044376434583, 0.0034429992348890587, 0.0045906656465187455, 0.004973221117061974, 0.005738332058148432]}
  WADI latent K=128: {'K': 128, 'n_rare_components_lt1pct': 101, 'mass_in_rare': 0.4881407804131599, 'H_all': 0.011105225363384397, 'H_rare_points': 0.010189468934881403, 'H_bulk_points': 0.01197854763750235, 'frac_rare_points_H_gt_0p3': 0.0, 'smallest5_mass': [0.00038255547054322876, 0.00038255547054322876, 0.0007651109410864575, 0.0007651109410864575, 0.0007651109410864575]}
  WADI pca20 K=128: {'K': 128, 'n_rare_components_lt1pct': 99, 'mass_in_rare': 0.523335883703137, 'H_all': 0.00338938592922921, 'H_rare_points': 0.002758789631192492, 'H_bulk_points': 0.00408172600604641, 'frac_rare_points_H_gt_0p3': 0.0, 'smallest5_mass': [0.0007651109410864575, 0.0007651109410864575, 0.0011476664116296864, 0.0011476664116296864, 0.0011476664116296864]}
== HAI n=18359 LD=16
  HAI latent K=40: {'K': 40, 'n_rare_components_lt1pct': 13, 'mass_in_rare': 0.029032082357426874, 'H_all': 0.04440557090617641, 'H_rare_points': 0.04095652324064945, 'H_bulk_points': 0.044508697934434335, 'frac_rare_points_H_gt_0p3': 0.01876172607879925, 'smallest5_mass': [5.446919766871834e-05, 0.00010893839533743668, 0.0002723459883435917, 0.0002723459883435917, 0.00032681518601231004]}
  HAI pca20 K=40: {'K': 40, 'n_rare_components_lt1pct': 6, 'mass_in_rare': 0.013072607440492401, 'H_all': 0.029228179714405216, 'H_rare_points': 0.004007148058638142, 'H_bulk_points': 0.02956225155045489, 'frac_rare_points_H_gt_0p3': 0.0, 'smallest5_mass': [5.446919766871834e-05, 0.00010893839533743668, 0.00010893839533743668, 0.0007625687673620567, 0.005828204150552863]}
  HAI latent K=64: {'K': 64, 'n_rare_components_lt1pct': 22, 'mass_in_rare': 0.0683043738765728, 'H_all': 0.04611878435390752, 'H_rare_points': 0.05086669793074981, 'H_bulk_points': 0.04577070580229336, 'frac_rare_points_H_gt_0p3': 0.0023923444976076554, 'smallest5_mass': [5.446919766871834e-05, 0.00010893839533743668, 0.00010893839533743668, 0.00016340759300615502, 0.00021787679067487335]}
  HAI pca20 K=64: {'K': 64, 'n_rare_components_lt1pct': 15, 'mass_in_rare': 0.06933928863227845, 'H_all': 0.027950586770669215, 'H_rare_points': 0.024646790034096255, 'H_bulk_points': 0.028196737610283955, 'frac_rare_points_H_gt_0p3': 0.0, 'smallest5_mass': [5.446919766871834e-05, 0.00010893839533743668, 0.0007625687673620567, 0.0007625687673620567, 0.0026689906857671987]}
  HAI latent K=128: {'K': 128, 'n_rare_components_lt1pct': 89, 'mass_in_rare': 0.49545182199466203, 'H_all': 0.04209361529105199, 'H_rare_points': 0.04123592715137629, 'H_bulk_points': 0.04293584041449905, 'frac_rare_points_H_gt_0p3': 0.0012093227792436235, 'smallest5_mass': [5.446919766871834e-05, 5.446919766871834e-05, 0.00010893839533743668, 0.00010893839533743668, 0.00016340759300615502]}
  HAI pca20 K=128: {'K': 128, 'n_rare_components_lt1pct': 92, 'mass_in_rare': 0.5408791328503731, 'H_all': 0.025501727339542476, 'H_rare_points': 0.024318774460925067, 'H_bulk_points': 0.026895335369518845, 'frac_rare_points_H_gt_0p3': 0.0, 'smallest5_mass': [5.446919766871834e-05, 0.00010893839533743668, 0.00010893839533743668, 0.0002723459883435917, 0.00032681518601231004]}
== SWaT n=3623 LD=16
  SWaT latent K=40: {'K': 40, 'n_rare_components_lt1pct': 13, 'mass_in_rare': 0.022081148219707424, 'H_all': 0.0007524993197288063, 'H_rare_points': 2.1018749229028202e-07, 'H_bulk_points': 0.0007694858087434609, 'frac_rare_points_H_gt_0p3': 0.0, 'smallest5_mass': [0.0002760143527463428, 0.0002760143527463428, 0.0002760143527463428, 0.0002760143527463428, 0.0011040574109853713]}
  SWaT pca20 K=40: {'K': 40, 'n_rare_components_lt1pct': 11, 'mass_in_rare': 0.02539332045266354, 'H_all': 0.002868369628299389, 'H_rare_points': 0.0030322785756665767, 'H_bulk_points': 0.0028640989901918324, 'frac_rare_points_H_gt_0p3': 0.0, 'smallest5_mass': [0.0002760143527463428, 0.0002760143527463428, 0.0002760143527463428, 0.0002760143527463428, 0.0011040574109853713]}
  SWaT latent K=64: {'K': 64, 'n_rare_components_lt1pct': 34, 'mass_in_rare': 0.09881313828319073, 'H_all': 0.0008486448752175769, 'H_rare_points': 0.00043703982474853413, 'H_bulk_points': 0.0008937764550239834, 'frac_rare_points_H_gt_0p3': 0.0, 'smallest5_mass': [0.0002760143527463428, 0.0002760143527463428, 0.0002760143527463428, 0.0002760143527463428, 0.0002760143527463428]}
  SWaT pca20 K=64: {'K': 64, 'n_rare_components_lt1pct': 24, 'mass_in_rare': 0.0656914159536296, 'H_all': 0.001715300608339269, 'H_rare_points': 0.0003429198674182516, 'H_bulk_points': 0.0018117929617629622, 'frac_rare_points_H_gt_0p3': 0.0, 'smallest5_mass': [0.0002760143527463428, 0.0002760143527463428, 0.0002760143527463428, 0.0002760143527463428, 0.0002760143527463428]}
  SWaT latent K=128: {'K': 128, 'n_rare_components_lt1pct': 95, 'mass_in_rare': 0.2911951421473917, 'H_all': 0.0018777592978463237, 'H_rare_points': 0.0007370437900020978, 'H_bulk_points': 0.0023463943682418293, 'frac_rare_points_H_gt_0p3': 0.0, 'smallest5_mass': [0.0002760143527463428, 0.0002760143527463428, 0.0002760143527463428, 0.0002760143527463428, 0.0002760143527463428]}
  SWaT pca20 K=128: {'K': 128, 'n_rare_components_lt1pct': 93, 'mass_in_rare': 0.34004968258349433, 'H_all': 0.001248011892074053, 'H_rare_points': 0.0012220655089640884, 'H_bulk_points': 0.0012613811701967948, 'frac_rare_points_H_gt_0p3': 0.0, 'smallest5_mass': [0.0002760143527463428, 0.0002760143527463428, 0.0002760143527463428, 0.0002760143527463428, 0.0002760143527463428]}
== SKAB n=400 vade H=0.291
  SKAB latent K=16: {'K': 16, 'n_rare_components_lt1pct': 7, 'mass_in_rare': 0.025, 'H_all': 0.05117807177869651, 'H_rare_points': -3.607058243293794e-13, 'H_bulk_points': 0.05249033002944157, 'frac_rare_points_H_gt_0p3': 0.0, 'smallest5_mass': [0.0025, 0.0025, 0.0025, 0.0025, 0.0025]}
  SKAB pca20 K=16: {'K': 16, 'n_rare_components_lt1pct': 4, 'mass_in_rare': 0.0225, 'H_all': 0.020354556149730748, 'H_rare_points': -3.607058243293794e-13, 'H_bulk_points': 0.020823075345001395, 'frac_rare_points_H_gt_0p3': 0.0, 'smallest5_mass': [0.005, 0.005, 0.005, 0.0075, 0.015]}
  SKAB latent K=32: {'K': 32, 'n_rare_components_lt1pct': 12, 'mass_in_rare': 0.0475, 'H_all': 0.07872327791725671, 'H_rare_points': 1.3301990132477811e-05, 'H_bulk_points': 0.08264844732044664, 'frac_rare_points_H_gt_0p3': 0.0, 'smallest5_mass': [0.0025, 0.0025, 0.0025, 0.0025, 0.0025]}
  SKAB pca20 K=32: {'K': 32, 'n_rare_components_lt1pct': 8, 'mass_in_rare': 0.0425, 'H_all': 0.015329878376715345, 'H_rare_points': 1.2775391694134986e-05, 'H_bulk_points': 0.016009749788583126, 'frac_rare_points_H_gt_0p3': 0.0, 'smallest5_mass': [0.0025, 0.005, 0.005, 0.005, 0.005]}
  SKAB latent K=64: {'K': 64, 'n_rare_components_lt1pct': 29, 'mass_in_rare': 0.11, 'H_all': 0.04624650206757942, 'H_rare_points': 0.0017370979941090485, 'H_bulk_points': 0.05174766436879486, 'frac_rare_points_H_gt_0p3': 0.0, 'smallest5_mass': [0.0025, 0.0025, 0.0025, 0.0025, 0.0025]}
  SKAB pca20 K=64: {'K': 64, 'n_rare_components_lt1pct': 26, 'mass_in_rare': 0.11, 'H_all': 0.004729848421940531, 'H_rare_points': 4.4540978177271656e-08, 'H_bulk_points': 0.005314430924081946, 'frac_rare_points_H_gt_0p3': 0.0, 'smallest5_mass': [0.0025, 0.0025, 0.0025, 0.0025, 0.0025]}
done
