== A3_delta2.5 truth={'H_true': 0.2239189727553857, 'rho_true': 0.004333333333333333, 'H_true_binary_R1R2': 0.3549031750172886}
  pca1_K3: {'dim': 1, 'K': 3, 'gmm_H': 0.36084255017592853, 'gmm_rho': 0.0003333333333333333, 'knn_amb': 0.0006666666666666666, 'knn_mix': 0.001733333333333333, 'n_used_components': 3, 'knn_amb_true': 0.33666666666666667, 'knn_mix_true': 0.4228666666666666, 'ari_gmm_true': 0.28781175750858323}
  pca1_K8: {'dim': 1, 'K': 8, 'gmm_H': 0.2562053805952083, 'gmm_rho': 0.008666666666666666, 'knn_amb': 0.0013333333333333333, 'knn_mix': 0.0049, 'n_used_components': 8, 'knn_amb_true': 0.33666666666666667, 'knn_mix_true': 0.4228666666666666, 'ari_gmm_true': 0.1430568295221908}
  pca2_K3: {'dim': 2, 'K': 3, 'gmm_H': 0.3711272292816102, 'gmm_rho': 0.011333333333333334, 'knn_amb': 0.006333333333333333, 'knn_mix': 0.020666666666666667, 'n_used_components': 3, 'knn_amb_true': 0.338, 'knn_mix_true': 0.41969999999999996, 'ari_gmm_true': 0.27249244620920876}
  pca2_K8: {'dim': 2, 'K': 8, 'gmm_H': 0.4346885700121608, 'gmm_rho': 0.221, 'knn_amb': 0.016666666666666666, 'knn_mix': 0.0548, 'n_used_components': 8, 'knn_amb_true': 0.338, 'knn_mix_true': 0.41969999999999996, 'ari_gmm_true': 0.13868981579442985}
  pca5_K3: {'dim': 5, 'K': 3, 'gmm_H': 0.36701632899777414, 'gmm_rho': 0.011666666666666667, 'knn_amb': 0.029333333333333333, 'knn_mix': 0.08866666666666667, 'n_used_components': 3, 'knn_amb_true': 0.13366666666666666, 'knn_mix_true': 0.22526666666666664, 'ari_gmm_true': 0.27454375143759735}
  pca5_K8: {'dim': 5, 'K': 8, 'gmm_H': 0.47944429028042834, 'gmm_rho': 0.32066666666666666, 'knn_amb': 0.098, 'knn_mix': 0.2090333333333333, 'n_used_components': 8, 'knn_amb_true': 0.13366666666666666, 'knn_mix_true': 0.22526666666666664, 'ari_gmm_true': 0.12780271669423168}
  pca20_K3: {'dim': 20, 'K': 3, 'gmm_H': 0.3645748132524965, 'gmm_rho': 0.012333333333333333, 'knn_amb': 0.042, 'knn_mix': 0.11619999999999998, 'n_used_components': 3, 'knn_amb_true': 0.10866666666666666, 'knn_mix_true': 0.2069666666666667, 'ari_gmm_true': 0.27330297593723973}
  pca20_K8: {'dim': 20, 'K': 8, 'gmm_H': 0.47471710367748227, 'gmm_rho': 0.33266666666666667, 'knn_amb': 0.28633333333333333, 'knn_mix': 0.3800333333333333, 'n_used_components': 8, 'knn_amb_true': 0.10866666666666666, 'knn_mix_true': 0.2069666666666667, 'ari_gmm_true': 0.12768511384646705}
  pca50_K3: {'dim': 50, 'K': 3, 'gmm_H': 0.3608631431408691, 'gmm_rho': 0.011333333333333334, 'knn_amb': 0.065, 'knn_mix': 0.14, 'n_used_components': 3, 'knn_amb_true': 0.10733333333333334, 'knn_mix_true': 0.20666666666666667, 'ari_gmm_true': 0.2712475686324265}
  pca50_K8: {'dim': 50, 'K': 8, 'gmm_H': 0.4003911455447195, 'gmm_rho': 0.24833333333333332, 'knn_amb': 0.489, 'knn_mix': 0.4954666666666667, 'n_used_components': 8, 'knn_amb_true': 0.10733333333333334, 'knn_mix_true': 0.20666666666666667, 'ari_gmm_true': 0.18327962363532024}
  pca200_K3: {'dim': 200, 'K': 3, 'gmm_H': 0.31448858630003185, 'gmm_rho': 0.008333333333333333, 'knn_amb': 0.269, 'knn_mix': 0.3804666666666667, 'n_used_components': 3, 'knn_amb_true': 0.10633333333333334, 'knn_mix_true': 0.20656666666666668, 'ari_gmm_true': 0.2668522316038273}
  pca200_K8: {'dim': 200, 'K': 8, 'gmm_H': 0.18836564517971097, 'gmm_rho': 0.03666666666666667, 'knn_amb': 0.734, 'knn_mix': 0.6785333333333334, 'n_used_components': 8, 'knn_amb_true': 0.10633333333333334, 'knn_mix_true': 0.20656666666666668, 'ari_gmm_true': 0.1436785063391123}
C:\Users\apart\AppData\Roaming\Python\Python314\site-packages\torch\cuda\__init__.py:65: FutureWarning: The pynvml package is deprecated. Please install nvidia-ml-py instead. If you did not install pynvml directly, please report this to the maintainers of the package that installed pynvml for you.
  import pynvml  # type: ignore[import]
  vade_LD1_K3: {'LD': 1, 'K': 3, 'vade_H': 0.25667187571525574, 'vade_rho': 0.001, 'knn_amb': 0.0006666666666666666, 'knn_mix': 0.0015333333333333332, 'n_used_components': 3, 'knn_amb_true': 0.337, 'knn_mix_true': 0.4223666666666666, 'ari_vade_true': 0.3110757625468685}
  vade_LD2_K3: {'LD': 2, 'K': 3, 'vade_H': 0.4044831395149231, 'vade_rho': 0.015333333333333332, 'knn_amb': 0.010666666666666666, 'knn_mix': 0.0225, 'n_used_components': 3, 'knn_amb_true': 0.3263333333333333, 'knn_mix_true': 0.41363333333333335, 'ari_vade_true': 0.26904241848298577}
  vade_LD2_K8: {'LD': 2, 'K': 8, 'vade_H': 0.3947175145149231, 'vade_rho': 0.181, 'knn_amb': 0.02033333333333333, 'knn_mix': 0.05683333333333333, 'n_used_components': 8, 'knn_amb_true': 0.3293333333333333, 'knn_mix_true': 0.42023333333333335, 'ari_vade_true': 0.13183197386356865}
  vade_LD6_K3: {'LD': 6, 'K': 3, 'vade_H': 0.3983941972255707, 'vade_rho': 0.021666666666666667, 'knn_amb': 0.03766666666666667, 'knn_mix': 0.11026666666666665, 'n_used_components': 3, 'knn_amb_true': 0.10233333333333333, 'knn_mix_true': 0.18996666666666667, 'ari_vade_true': 0.27203058859079576}
  vade_LD6_K8: {'LD': 6, 'K': 8, 'vade_H': 0.4601310193538666, 'vade_rho': 0.305, 'knn_amb': 0.132, 'knn_mix': 0.25516666666666665, 'n_used_components': 8, 'knn_amb_true': 0.10666666666666667, 'knn_mix_true': 0.19193333333333334, 'ari_vade_true': 0.17470378588332955}
  vade_LD16_K3: {'LD': 16, 'K': 3, 'vade_H': 0.14701034128665924, 'vade_rho': 0.0033333333333333335, 'knn_amb': 0.052, 'knn_mix': 0.15036666666666668, 'n_used_components': 3, 'knn_amb_true': 0.10266666666666667, 'knn_mix_true': 0.20496666666666666, 'ari_vade_true': 0.28555076076935954}
== noA3_delta10 truth={'H_true': 0.03266105033665079, 'rho_true': 0.0, 'H_true_binary_R1R2': 0.0517665400177576}
  pca1_K3: {'dim': 1, 'K': 3, 'gmm_H': 0.2283192804175111, 'gmm_rho': 0.0, 'knn_amb': 0.001, 'knn_mix': 0.0014333333333333333, 'n_used_components': 3, 'knn_amb_true': 0.10366666666666667, 'knn_mix_true': 0.16796666666666668, 'ari_gmm_true': 0.6727745170931041}
  pca1_K8: {'dim': 1, 'K': 8, 'gmm_H': 0.24400794294806458, 'gmm_rho': 0.006666666666666667, 'knn_amb': 0.005333333333333333, 'knn_mix': 0.009266666666666666, 'n_used_components': 8, 'knn_amb_true': 0.10366666666666667, 'knn_mix_true': 0.16796666666666668, 'ari_gmm_true': 0.2999565683506314}
  pca2_K3: {'dim': 2, 'K': 3, 'gmm_H': 0.019157407511993577, 'gmm_rho': 0.0, 'knn_amb': 0.0006666666666666666, 'knn_mix': 0.002, 'n_used_components': 3, 'knn_amb_true': 0.014333333333333333, 'knn_mix_true': 0.024066666666666667, 'ari_gmm_true': 0.9536072009283789}
  pca2_K8: {'dim': 2, 'K': 8, 'gmm_H': 0.14675401305114308, 'gmm_rho': 0.0013333333333333333, 'knn_amb': 0.014333333333333333, 'knn_mix': 0.03503333333333333, 'n_used_components': 8, 'knn_amb_true': 0.014333333333333333, 'knn_mix_true': 0.024066666666666667, 'ari_gmm_true': 0.4523128579778107}
  pca5_K3: {'dim': 5, 'K': 3, 'gmm_H': 0.01900138390433544, 'gmm_rho': 0.0, 'knn_amb': 0.003, 'knn_mix': 0.011099999999999999, 'n_used_components': 3, 'knn_amb_true': 0.014333333333333333, 'knn_mix_true': 0.024033333333333337, 'ari_gmm_true': 0.9536072009283789}
  pca5_K8: {'dim': 5, 'K': 8, 'gmm_H': 0.14875557217882068, 'gmm_rho': 0.001, 'knn_amb': 0.063, 'knn_mix': 0.17666666666666667, 'n_used_components': 8, 'knn_amb_true': 0.014333333333333333, 'knn_mix_true': 0.024033333333333337, 'ari_gmm_true': 0.42919316861913565}
  pca20_K3: {'dim': 20, 'K': 3, 'gmm_H': 0.018428721197719922, 'gmm_rho': 0.0, 'knn_amb': 0.003, 'knn_mix': 0.012, 'n_used_components': 3, 'knn_amb_true': 0.014666666666666666, 'knn_mix_true': 0.0247, 'ari_gmm_true': 0.9553032258502756}
  pca20_K8: {'dim': 20, 'K': 8, 'gmm_H': 0.16490490203200212, 'gmm_rho': 0.017666666666666667, 'knn_amb': 0.1, 'knn_mix': 0.21756666666666669, 'n_used_components': 8, 'knn_amb_true': 0.014666666666666666, 'knn_mix_true': 0.0247, 'ari_gmm_true': 0.42130715071385766}
  pca50_K3: {'dim': 50, 'K': 3, 'gmm_H': 0.018338162483742353, 'gmm_rho': 0.0, 'knn_amb': 0.0033333333333333335, 'knn_mix': 0.012133333333333333, 'n_used_components': 3, 'knn_amb_true': 0.014666666666666666, 'knn_mix_true': 0.024300000000000002, 'ari_gmm_true': 0.9561179601915536}
  pca50_K8: {'dim': 50, 'K': 8, 'gmm_H': 0.1316833245138411, 'gmm_rho': 0.003, 'knn_amb': 0.09833333333333333, 'knn_mix': 0.23366666666666666, 'n_used_components': 8, 'knn_amb_true': 0.014666666666666666, 'knn_mix_true': 0.024300000000000002, 'ari_gmm_true': 0.4241358508036335}
  pca200_K3: {'dim': 200, 'K': 3, 'gmm_H': 0.016017337276346025, 'gmm_rho': 0.0, 'knn_amb': 0.0033333333333333335, 'knn_mix': 0.012633333333333333, 'n_used_components': 3, 'knn_amb_true': 0.014666666666666666, 'knn_mix_true': 0.024366666666666665, 'ari_gmm_true': 0.9561179601915536}
  pca200_K8: {'dim': 200, 'K': 8, 'gmm_H': 0.08675007484507781, 'gmm_rho': 0.0036666666666666666, 'knn_amb': 0.24366666666666667, 'knn_mix': 0.35519999999999996, 'n_used_components': 8, 'knn_amb_true': 0.014666666666666666, 'knn_mix_true': 0.024366666666666665, 'ari_gmm_true': 0.4529696923590983}
  vade_LD1_K3: {'LD': 1, 'K': 3, 'vade_H': 0.06995314359664917, 'vade_rho': 0.0, 'knn_amb': 0.0003333333333333333, 'knn_mix': 0.0008333333333333334, 'n_used_components': 3, 'knn_amb_true': 0.015333333333333332, 'knn_mix_true': 0.025266666666666666, 'ari_vade_true': 0.957028784998762}
  vade_LD2_K3: {'LD': 2, 'K': 3, 'vade_H': 0.08145062625408173, 'vade_rho': 0.0006666666666666666, 'knn_amb': 0.0026666666666666666, 'knn_mix': 0.006200000000000001, 'n_used_components': 3, 'knn_amb_true': 0.015333333333333332, 'knn_mix_true': 0.022933333333333333, 'ari_vade_true': 0.9438903720875935}
  vade_LD2_K8: {'LD': 2, 'K': 8, 'vade_H': 0.2952045202255249, 'vade_rho': 0.08766666666666667, 'knn_amb': 0.014666666666666666, 'knn_mix': 0.0474, 'n_used_components': 8, 'knn_amb_true': 0.016666666666666666, 'knn_mix_true': 0.023833333333333335, 'ari_vade_true': 0.3982078980147072}
  vade_LD6_K3: {'LD': 6, 'K': 3, 'vade_H': 0.0705297663807869, 'vade_rho': 0.0003333333333333333, 'knn_amb': 0.005, 'knn_mix': 0.016766666666666666, 'n_used_components': 3, 'knn_amb_true': 0.012666666666666666, 'knn_mix_true': 0.027133333333333336, 'ari_vade_true': 0.9536190247123116}
  vade_LD6_K8: {'LD': 6, 'K': 8, 'vade_H': 0.23168696463108063, 'vade_rho': 0.057666666666666665, 'knn_amb': 0.06466666666666666, 'knn_mix': 0.1596, 'n_used_components': 8, 'knn_amb_true': 0.011666666666666667, 'knn_mix_true': 0.026, 'ari_vade_true': 0.4440830479035499}
  vade_LD16_K3: {'LD': 16, 'K': 3, 'vade_H': 0.018569784238934517, 'vade_rho': 0.0, 'knn_amb': 0.006333333333333333, 'knn_mix': 0.01693333333333333, 'n_used_components': 3, 'knn_amb_true': 0.011, 'knn_mix_true': 0.026233333333333334, 'ari_vade_true': 0.9519802470297338}
== blob truth=None
  pca1_K3: {'dim': 1, 'K': 3, 'gmm_H': 0.5356760393063615, 'gmm_rho': 0.017666666666666667, 'knn_amb': 0.0013333333333333333, 'knn_mix': 0.0026333333333333334, 'n_used_components': 3}
  pca1_K8: {'dim': 1, 'K': 8, 'gmm_H': 0.28138277329111905, 'gmm_rho': 0.009666666666666667, 'knn_amb': 0.0006666666666666666, 'knn_mix': 0.006200000000000001, 'n_used_components': 8}
  pca2_K3: {'dim': 2, 'K': 3, 'gmm_H': 0.6992629808024494, 'gmm_rho': 0.16533333333333333, 'knn_amb': 0.009, 'knn_mix': 0.0315, 'n_used_components': 3}
  pca2_K8: {'dim': 2, 'K': 8, 'gmm_H': 0.47075610238081483, 'gmm_rho': 0.25633333333333336, 'knn_amb': 0.019, 'knn_mix': 0.062, 'n_used_components': 8}
  pca5_K3: {'dim': 5, 'K': 3, 'gmm_H': 0.6946072695455693, 'gmm_rho': 0.164, 'knn_amb': 0.043, 'knn_mix': 0.12116666666666667, 'n_used_components': 3}
  pca5_K8: {'dim': 5, 'K': 8, 'gmm_H': 0.5540622213676991, 'gmm_rho': 0.408, 'knn_amb': 0.11166666666666666, 'knn_mix': 0.22156666666666663, 'n_used_components': 8}
  pca20_K3: {'dim': 20, 'K': 3, 'gmm_H': 0.6598918344479486, 'gmm_rho': 0.14566666666666667, 'knn_amb': 0.084, 'knn_mix': 0.18309999999999998, 'n_used_components': 3}
  pca20_K8: {'dim': 20, 'K': 8, 'gmm_H': 0.569368023657281, 'gmm_rho': 0.44433333333333336, 'knn_amb': 0.317, 'knn_mix': 0.4101666666666667, 'n_used_components': 8}
  pca50_K3: {'dim': 50, 'K': 3, 'gmm_H': 0.6612168471721267, 'gmm_rho': 0.14966666666666667, 'knn_amb': 0.13833333333333334, 'knn_mix': 0.22596666666666665, 'n_used_components': 3}
  pca50_K8: {'dim': 50, 'K': 8, 'gmm_H': 0.4493831276734007, 'gmm_rho': 0.25966666666666666, 'knn_amb': 0.4216666666666667, 'knn_mix': 0.4883333333333334, 'n_used_components': 8}
  pca200_K3: {'dim': 200, 'K': 3, 'gmm_H': 0.48299775558019986, 'gmm_rho': 0.06, 'knn_amb': 0.572, 'knn_mix': 0.5831333333333334, 'n_used_components': 3}
  pca200_K8: {'dim': 200, 'K': 8, 'gmm_H': 0.20746942165159937, 'gmm_rho': 0.046, 'knn_amb': 0.8446666666666667, 'knn_mix': 0.7554333333333334, 'n_used_components': 8}
  vade_LD1_K3: {'LD': 1, 'K': 3, 'vade_H': 0.39580237865448, 'vade_rho': 0.011, 'knn_amb': 0.0006666666666666666, 'knn_mix': 0.001566666666666667, 'n_used_components': 3}
  vade_LD2_K3: {'LD': 2, 'K': 3, 'vade_H': 0.6396887898445129, 'vade_rho': 0.12333333333333334, 'knn_amb': 0.008333333333333333, 'knn_mix': 0.023433333333333334, 'n_used_components': 3}
  vade_LD2_K8: {'LD': 2, 'K': 8, 'vade_H': 0.47276124358177185, 'vade_rho': 0.247, 'knn_amb': 0.024333333333333332, 'knn_mix': 0.06476666666666667, 'n_used_components': 8}
  vade_LD6_K3: {'LD': 6, 'K': 3, 'vade_H': 0.5404689908027649, 'vade_rho': 0.08233333333333333, 'knn_amb': 0.055, 'knn_mix': 0.15843333333333334, 'n_used_components': 3}
  vade_LD6_K8: {'LD': 6, 'K': 8, 'vade_H': 0.47852739691734314, 'vade_rho': 0.30833333333333335, 'knn_amb': 0.13733333333333334, 'knn_mix': 0.2623333333333333, 'n_used_components': 8}
  vade_LD16_K3: {'LD': 16, 'K': 3, 'vade_H': 0.25492680072784424, 'vade_rho': 0.021333333333333333, 'knn_amb': 0.10766666666666666, 'knn_mix': 0.23333333333333334, 'n_used_components': 3}
done 83s
