
=== HAI  (nseed=5, subsets {'All': 14819, 'Easy': 485, 'Difficult': 167, 'DoubleHard': 84}) ===
method                     All          Easy     Difficult    DoubleHard
trivial max|z|     0.806±0.000   0.966±0.000   0.340±0.000   0.349±0.000
IF                 0.844±0.011   0.919±0.016   0.627±0.005   0.635±0.012
AE                 0.923±0.001   0.980±0.000   0.757±0.003   0.730±0.003
linres             0.779±0.000   0.846±0.000   0.586±0.000   0.465±0.000
USAD               0.843±0.005   0.969±0.001   0.477±0.018   0.442±0.021
TranAD             0.834±0.002   0.968±0.000   0.444±0.010   0.418±0.009
LatAD              0.933±0.007   0.975±0.004   0.811±0.016   0.806±0.019
HC                 0.904±0.013   0.959±0.012   0.744±0.015   0.669±0.013
HC_coh             0.932±0.007   0.977±0.004   0.801±0.020   0.737±0.023
null+HC            0.913±0.017   0.962±0.015   0.770±0.023   0.704±0.025
sum+LatAD          0.940±0.004   0.979±0.002   0.827±0.012   0.806±0.013
max+LatAD          0.936±0.005   0.979±0.003   0.809±0.010   0.778±0.013
cohmax+LatAD       0.945±0.006   0.983±0.002   0.832±0.021   0.805±0.022
HC+LatAD           0.930±0.013   0.977±0.008   0.793±0.030   0.737±0.035
HCcoh+LatAD        0.948±0.005   0.984±0.002   0.845±0.019   0.814±0.024
q95+LatAD          0.947±0.006   0.978±0.002   0.854±0.021   0.827±0.025
   null+HC vs AE [Difficult]: diff 0.044 CI [-0.02, 0.133] P(<=0)=0.1035 (episodes 26)
   null+HC vs AE [DoubleHard]: diff 0.008 CI [-0.082, 0.138] P(<=0)=0.483 (episodes 19)

saved -> E:\Projects\Backlog\LatAD\poc\_diagnostics/ensemble_final.json
