
=== SWaT_canon  (nseed=5, subsets {'All': 1498, 'Easy': 148, 'Difficult': 85, 'DoubleHard': 59}) ===
method                     All          Easy     Difficult    DoubleHard
trivial max|z|     0.871±0.000   1.000±0.000   0.646±0.000   0.581±0.000
IF                 0.821±0.003   0.933±0.002   0.627±0.007   0.578±0.009
AE                 0.899±0.002   0.996±0.000   0.729±0.007   0.666±0.010
linres             0.920±0.000   1.000±0.000   0.782±0.000   0.688±0.000
USAD               0.873±0.000   0.996±0.000   0.658±0.000   0.609±0.000
TranAD             0.873±0.000   0.998±0.000   0.655±0.000   0.604±0.000
LatAD              0.927±0.002   0.998±0.001   0.804±0.007   0.728±0.010
HC                 0.918±0.006   0.980±0.006   0.811±0.011   0.735±0.014
HC_coh             0.919±0.008   0.974±0.006   0.822±0.014   0.757±0.015
null+HC            0.918±0.006   0.980±0.006   0.811±0.011   0.735±0.014
sum+LatAD          0.928±0.001   0.998±0.000   0.805±0.003   0.728±0.003
max+LatAD          0.927±0.002   0.997±0.001   0.804±0.007   0.728±0.010
cohmax+LatAD       0.932±0.003   0.992±0.003   0.829±0.004   0.769±0.004
HC+LatAD           0.931±0.004   0.991±0.003   0.826±0.010   0.755±0.014
HCcoh+LatAD        0.938±0.002   0.995±0.001   0.837±0.004   0.773±0.006
q95+LatAD          0.927±0.002   0.997±0.001   0.804±0.007   0.728±0.010
   null+HC vs linres [Difficult]: diff 0.04 CI [-0.022, 0.102] P(<=0)=0.093 (episodes 23)
   null+HC vs linres [DoubleHard]: diff 0.07 CI [-0.011, 0.149] P(<=0)=0.047 (episodes 18)

saved -> E:\Projects\Backlog\LatAD\poc\_diagnostics/ensemble_final.json
