
=== WADI_clean  (nseed=5, subsets {'All': 575, 'Easy': 26, 'Difficult': 30, 'DoubleHard': 19}) ===
method                     All          Easy     Difficult    DoubleHard
trivial max|z|     0.786±0.000   0.999±0.000   0.601±0.000   0.493±0.000
IF                 0.725±0.005   0.829±0.007   0.634±0.006   0.530±0.009
AE                 0.792±0.002   0.981±0.001   0.628±0.004   0.535±0.004
linres             0.834±0.000   0.932±0.000   0.750±0.000   0.606±0.000
USAD               0.757±0.000   0.962±0.000   0.579±0.000   0.466±0.000
TranAD             0.786±0.000   0.986±0.000   0.613±0.000   0.489±0.000
LatAD              0.717±0.006   0.813±0.016   0.634±0.011   0.571±0.013
HC                 0.831±0.006   0.903±0.016   0.768±0.015   0.663±0.031
HC_coh             0.843±0.008   0.898±0.016   0.795±0.022   0.696±0.040
null+HC            0.819±0.006   0.899±0.017   0.749±0.019   0.633±0.039
sum+LatAD          0.778±0.008   0.871±0.004   0.698±0.013   0.610±0.011
max+LatAD          0.780±0.016   0.858±0.020   0.712±0.028   0.622±0.037
cohmax+LatAD       0.796±0.011   0.859±0.010   0.741±0.023   0.658±0.031
HC+LatAD           0.825±0.005   0.900±0.013   0.760±0.019   0.647±0.034
HCcoh+LatAD        0.827±0.009   0.892±0.009   0.771±0.023   0.662±0.040
q95+LatAD          0.807±0.010   0.876±0.003   0.747±0.018   0.643±0.027
   null+HC vs linres [Difficult]: diff 0.044 CI [-0.148, 0.232] P(<=0)=0.402 (episodes 8)
   null+HC vs linres [DoubleHard]: diff 0.09 CI [-0.215, 0.338] P(<=0)=0.322 (episodes 7)

saved -> E:\Projects\Backlog\LatAD\poc\_diagnostics/ensemble_final.json
