
=== WADI_clean ===
  canon_all: 0.834
  canon_diff: 0.750
  npz_all: 0.834
  npz_diff: 0.750
  discrete_only_raw_all: 0.620
  discrete_only_raw_diff: 0.578
  continuous_only_raw_all: 0.837
  continuous_only_raw_diff: 0.755
  n_feat_discrete: 62
  n_feat_continuous: 66
  n_ch_discrete: 26
  numeric_all: 0.757
  numeric_diff: 0.631
  continuous_dropdisc_all: 0.795
  continuous_dropdisc_diff: 0.663

=== SWaT_canon ===
  canon_all: 0.920
  canon_diff: 0.782
  npz_all: 0.920
  npz_diff: 0.782
  discrete_only_raw_all: 0.860
  discrete_only_raw_diff: 0.642
  continuous_only_raw_all: 0.919
  continuous_only_raw_diff: 0.779
  n_feat_discrete: 42
  n_feat_continuous: 25
  n_ch_discrete: 18
  numeric_all: 0.915
  numeric_diff: 0.767
  continuous_dropdisc_all: 0.871
  continuous_dropdisc_diff: 0.765

=== HAI ===
  canon_all: 0.779
  canon_diff: 0.586
  npz_all: 0.779
  npz_diff: 0.586
  discrete_only_raw_all: 0.705
  discrete_only_raw_diff: 0.434
  continuous_only_raw_all: 0.779
  continuous_only_raw_diff: 0.586
  n_feat_discrete: 2
  n_feat_continuous: 50
  n_ch_discrete: 1
  numeric_all: 0.779
  numeric_diff: 0.586
  continuous_dropdisc_all: 0.764
  continuous_dropdisc_diff: 0.562
