
===== WADI =====
 n_train=2614 n_test=575 anomalies=56 D_raw=738 D_eff=547 channels=123
 [A1/A2] BIC sweep
   GMM K=  1 BIC=3.102e+06 ll_fit=-739.821 ll_ho=-121188.121 (1.8s)
   GMM K=  2 BIC=2.251e+06 ll_fit=-534.371 ll_ho=-121165.116 (0.7s)
   GMM K=  4 BIC=1.904e+06 ll_fit=-447.253 ll_ho=-116582.921 (0.5s)
   GMM K=  8 BIC=1.06e+06 ll_fit=-237.564 ll_ho=-121921.024 (1.0s)
   GMM K= 16 BIC=1.915e+05 ll_fit=-13.754 ll_ho=-124983.029 (3.6s)
   GMM K= 32 BIC=-2.449e+05 ll_fit=122.608 ll_ho=-133268.017 (6.9s)
   GMM K= 64 BIC=-3.994e+05 ll_fit=223.619 ll_ho=-132413.827 (6.5s)
   GMM K=128 BIC=-6.64e+05 ll_fit=415.011 ll_ho=-157893.355 (15.6s)
 [modes] KMeans K=64
 [A4] within-mode non-Gaussianity
   med_kurt=2.21 ll_gain_ho=-9612.764 AUROC 0.734->0.726
 [A5] PCA
   n90=82 n95=119 PR=26.0 of D_eff=547 (channels=123)
 [A6] occupancy
   slope=-0.74 max/min=122.0 gini=0.35 top1=0.05
 [A7] silhouette
   {'K_mode': 64, 'sil_feature_kmeans': 0.062088809570203865, 'vade_K': 20, 'vade_latent': 10, 'vade_modes_used': 20, 'sil_latent_vade': 0.08875469863414764, 'sil_latent_kmeansLabels': 0.12736009061336517, 'sil_feature_vadeLabels': -0.0061236132882948584, 'vade_frac_maxresp_lt_0.5_train': 0.013006885998469778, 'latent_source': 'e2_fable_WADI.npz'}
 [A8] correlation communities
   E3-rule comms=7 thr0.5 comps=2 greedy=21 Q=0.42 discrete=8/93 const=30
 [A9] trivial rule
   easy_frac=0.66 AUROC all/easy/diff = 0.558/0.687/0.307
[WADI] saved (62.7s)

===== SWaT =====
 n_train=3623 n_test=1087 anomalies=182 D_raw=306 D_eff=255 channels=51
 [A1/A2] BIC sweep
   GMM K=  1 BIC=2.101e+06 ll_fit=-361.800 ll_ho=-314.943 (0.1s)
   GMM K=  2 BIC=3.88e+05 ll_fit=-65.533 ll_ho=52.367 (0.1s)
   GMM K=  4 BIC=-2.875e+05 ll_fit=52.410 ll_ho=61.835 (0.3s)
   GMM K=  8 BIC=-7.95e+05 ll_fit=142.786 ll_ho=137.574 (0.5s)
   GMM K= 16 BIC=-1.57e+06 ll_fit=282.062 ll_ho=282.292 (0.7s)
   GMM K= 32 BIC=-2.197e+06 ll_fit=401.478 ll_ho=402.842 (1.9s)
   GMM K= 64 BIC=-2.343e+06 ll_fit=449.151 ll_ho=436.522 (3.5s)
   GMM K=128 BIC=-2.612e+06 ll_fit=540.559 ll_ho=549.441 (10.0s)
 [modes] KMeans K=64
 [A4] within-mode non-Gaussianity
   med_kurt=0.38 ll_gain_ho=+50.586 AUROC 0.990->0.990
 [A5] PCA
   n90=29 n95=42 PR=14.0 of D_eff=255 (channels=51)
 [A6] occupancy
   slope=-1.36 max/min=285.0 gini=0.52 top1=0.08
 [A7] silhouette
   {'K_mode': 64, 'sil_feature_kmeans': 0.27413044832195566, 'vade_K': 40, 'vade_latent': 16, 'vade_modes_used': 40, 'sil_latent_vade': 0.5301264524459839, 'sil_latent_kmeansLabels': 0.41949692368507385, 'sil_feature_vadeLabels': 0.2594942396052124, 'vade_frac_maxresp_lt_0.5_train': 0.0, 'latent_source': 'e2_fable_SWaT.npz'}
 [A8] correlation communities
   E3-rule comms=5 thr0.5 comps=4 greedy=10 Q=0.59 discrete=7/43 const=8
 [A9] trivial rule
   easy_frac=0.79 AUROC all/easy/diff = 0.988/1.000/0.943
[SWaT] saved (36.8s)

===== HAI =====
 n_train=18359 n_test=14819 anomalies=652 D_raw=354 D_eff=306 channels=59
 [A1/A2] BIC sweep
   GMM K=  1 BIC=1.194e+07 ll_fit=-406.203 ll_ho=-479.649 (0.4s)
   GMM K=  2 BIC=9.35e+06 ll_fit=-317.910 ll_ho=-501.121 (0.8s)
   GMM K=  4 BIC=6.172e+06 ll_fit=-209.331 ll_ho=-501.121 (2.3s)
   GMM K=  8 BIC=3.676e+06 ll_fit=-123.554 ll_ho=-293.965 (5.4s)
   GMM K= 16 BIC=2.023e+06 ll_fit=-65.679 ll_ho=-221.145 (22.6s)
   GMM K= 32 BIC=1.12e+06 ll_fit=-31.706 ll_ho=-270.289 (30.9s)
   GMM K= 64 BIC=-6.15e+04 ll_fit=14.908 ll_ho=-3075.293 (129.5s)
