HAI: train 18359 windows, test 14819 (normal 14167, anomalies 652, difficult 167), clip=None, K=40, LD=16, kd=80
  seed 0 (99s) T6: recon=0.688 density=0.809 nearest=0.784 base=0.803 base+resid=0.818 LatAD=0.818 | R1 comps 13 (train frac 0.123) sizes {'all_normal': 14167, 'R1_rare_vade': 3128, 'R1_rare_vade_insupport': 2158, 'R2_lowpi_q25': 2435, 'R3_rare_density80': 2004}
     mixture   FPR@p99 all=0.0802 R1=0.3123401534526854 R1ins=0.003243744207599629 R2=0.39507186858316223 R3=0.4356287425149701 | matched R1=0.04539641943734015 R3=0.07085828343313373 | diffAUROC=0.785
     nearest   FPR@p99 all=0.0784 R1=0.3101023017902813 R1ins=0.0 R2=0.39260780287474334 R3=0.43363273453093815 | matched R1=0.04539641943734015 R3=0.07085828343313373 | diffAUROC=0.784
     tempered  FPR@p99 all=0.0800 R1=0.3117007672634271 R1ins=0.0023169601482854493 R2=0.3942505133470226 R3=0.4346307385229541 | matched R1=0.04539641943734015 R3=0.07085828343313373 | diffAUROC=0.784
     balanced  FPR@p99 all=0.0799 R1=0.31138107416879796 R1ins=0.0018535681186283596 R2=0.39383983572895276 R3=0.4346307385229541 | matched R1=0.04539641943734015 R3=0.07085828343313373 | diffAUROC=0.784
     density80 FPR@p99 all=0.0992 R1=0.3532608695652174 R1ins=0.06441149212233549 R2=0.43613963039014375 R3=0.4655688622754491 | matched R1=0.04539641943734015 R3=0.07085828343313373 | diffAUROC=0.809
     base      FPR@p99 all=0.0852 R1=0.32384910485933505 R1ins=0.020852641334569044 R2=0.4078028747433265 R3=0.4436127744510978 | matched R1=0.04539641943734015 R3=0.07085828343313373 | diffAUROC=0.803
     flags disagree mix-vs-near 34, d80-vs-near 370
  seed 1 (77s) T6: recon=0.689 density=0.771 nearest=0.768 base=0.771 base+resid=0.794 LatAD=0.794 | R1 comps 14 (train frac 0.132) sizes {'all_normal': 14167, 'R1_rare_vade': 3754, 'R1_rare_vade_insupport': 2782, 'R2_lowpi_q25': 2073, 'R3_rare_density80': 1408}
     mixture   FPR@p99 all=0.0786 R1=0.25919019712306873 R1ins=0.0003594536304816679 R2=0.4630969609261939 R3=0.6200284090909091 | matched R1=0.03782631859350027 R3=0.10085227272727272 | diffAUROC=0.765
     nearest   FPR@p99 all=0.0787 R1=0.25892381459776237 R1ins=0.0 R2=0.4630969609261939 R3=0.6200284090909091 | matched R1=0.03782631859350027 R3=0.10085227272727272 | diffAUROC=0.768
     tempered  FPR@p99 all=0.0785 R1=0.2583910495471497 R1ins=0.0 R2=0.46261456825856245 R3=0.6200284090909091 | matched R1=0.03782631859350027 R3=0.10085227272727272 | diffAUROC=0.766
     balanced  FPR@p99 all=0.0785 R1=0.2583910495471497 R1ins=0.0 R2=0.46261456825856245 R3=0.6200284090909091 | matched R1=0.03782631859350027 R3=0.10085227272727272 | diffAUROC=0.766
     density80 FPR@p99 all=0.1064 R1=0.30713905167820993 R1ins=0.06973400431344356 R2=0.5291847563917028 R3=0.6612215909090909 | matched R1=0.03782631859350027 R3=0.09872159090909091 | diffAUROC=0.771
     base      FPR@p99 all=0.0846 R1=0.27091102823654767 R1ins=0.01653486700215672 R2=0.4804630969609262 R3=0.6285511363636364 | matched R1=0.03782631859350027 R3=0.10085227272727272 | diffAUROC=0.771
     flags disagree mix-vs-near 7, d80-vs-near 509
  seed 2 (72s) T6: recon=0.690 density=0.784 nearest=0.798 base=0.789 base+resid=0.816 LatAD=0.816 | R1 comps 14 (train frac 0.102) sizes {'all_normal': 14167, 'R1_rare_vade': 2248, 'R1_rare_vade_insupport': 1176, 'R2_lowpi_q25': 1739, 'R3_rare_density80': 2377}
     mixture   FPR@p99 all=0.0812 R1=0.48398576512455516 R1ins=0.016156462585034014 R2=0.625646923519264 R3=0.4732856541859487 | matched R1=0.06316725978647687 R3=0.059739167017248636 | diffAUROC=0.799
     nearest   FPR@p99 all=0.0842 R1=0.47686832740213525 R1ins=0.0 R2=0.6158711903392754 R3=0.48254101809002947 | matched R1=0.06316725978647687 R3=0.059739167017248636 | diffAUROC=0.798
     tempered  FPR@p99 all=0.0834 R1=0.48398576512455516 R1ins=0.013605442176870748 R2=0.6250718803910293 R3=0.48169962137147665 | matched R1=0.06316725978647687 R3=0.059739167017248636 | diffAUROC=0.799
     balanced  FPR@p99 all=0.0843 R1=0.47686832740213525 R1ins=0.0008503401360544217 R2=0.6158711903392754 R3=0.48254101809002947 | matched R1=0.06316725978647687 R3=0.059739167017248636 | diffAUROC=0.797
     density80 FPR@p99 all=0.0971 R1=0.5124555160142349 R1ins=0.09523809523809523 R2=0.6584243818286372 R3=0.5115692048801009 | matched R1=0.06316725978647687 R3=0.059739167017248636 | diffAUROC=0.784
     base      FPR@p99 all=0.0916 R1=0.4959964412811388 R1ins=0.04931972789115646 R2=0.6388729154686601 R3=0.496844762305427 | matched R1=0.06316725978647687 R3=0.059739167017248636 | diffAUROC=0.789
     flags disagree mix-vs-near 88, d80-vs-near 334
  seed 3 (70s) T6: recon=0.692 density=0.796 nearest=0.795 base=0.797 base+resid=0.815 LatAD=0.815 | R1 comps 12 (train frac 0.068) sizes {'all_normal': 14167, 'R1_rare_vade': 2257, 'R1_rare_vade_insupport': 1279, 'R2_lowpi_q25': 2163, 'R3_rare_density80': 2385}
     mixture   FPR@p99 all=0.0786 R1=0.435533894550288 R1ins=0.004691164972634871 R2=0.4535367545076283 R3=0.4322851153039832 | matched R1=0.06291537439078422 R3=0.05953878406708595 | diffAUROC=0.795
     nearest   FPR@p99 all=0.0788 R1=0.43331856446610545 R1ins=0.0 R2=0.45122515025427645 R3=0.4322851153039832 | matched R1=0.06291537439078422 R3=0.05953878406708595 | diffAUROC=0.795
     tempered  FPR@p99 all=0.0786 R1=0.4350908285334515 R1ins=0.003909304143862392 R2=0.45307443365695793 R3=0.4322851153039832 | matched R1=0.06291537439078422 R3=0.05953878406708595 | diffAUROC=0.795
     balanced  FPR@p99 all=0.0792 R1=0.43420469649977844 R1ins=0.003127443315089914 R2=0.4521497919556172 R3=0.4322851153039832 | matched R1=0.06291537439078422 R3=0.05953878406708595 | diffAUROC=0.794
     density80 FPR@p99 all=0.0930 R1=0.4656623836951706 R1ins=0.06098514464425332 R2=0.47803975959315764 R3=0.4607966457023061 | matched R1=0.06291537439078422 R3=0.05953878406708595 | diffAUROC=0.796
     base      FPR@p99 all=0.0842 R1=0.4457244129375277 R1ins=0.0218921032056294 R2=0.4613962089690245 R3=0.44234800838574423 | matched R1=0.06291537439078422 R3=0.05953878406708595 | diffAUROC=0.797
     flags disagree mix-vs-near 17, d80-vs-near 332
  seed 4 (71s) T6: recon=0.690 density=0.802 nearest=0.791 base=0.800 base+resid=0.814 LatAD=0.814 | R1 comps 17 (train frac 0.168) sizes {'all_normal': 14167, 'R1_rare_vade': 3984, 'R1_rare_vade_insupport': 3004, 'R2_lowpi_q25': 1689, 'R3_rare_density80': 1943}
     mixture   FPR@p99 all=0.0719 R1=0.2469879518072289 R1ins=0.002663115845539281 R2=0.5808170515097691 R3=0.5064333504889347 | matched R1=0.0356425702811245 R3=0.07308286155429748 | diffAUROC=0.793
     nearest   FPR@p99 all=0.0736 R1=0.2459839357429719 R1ins=0.0 R2=0.5772646536412078 R3=0.5110653628409676 | matched R1=0.0356425702811245 R3=0.07308286155429748 | diffAUROC=0.791
     tempered  FPR@p99 all=0.0722 R1=0.24673694779116465 R1ins=0.002330226364846871 R2=0.5802249851983422 R3=0.5079773546062789 | matched R1=0.0356425702811245 R3=0.07308286155429748 | diffAUROC=0.792
     balanced  FPR@p99 all=0.0736 R1=0.24623493975903615 R1ins=0.0009986684420772304 R2=0.5784487862640616 R3=0.5115800308800823 | matched R1=0.0356425702811245 R3=0.07308286155429748 | diffAUROC=0.790
     density80 FPR@p99 all=0.0844 R1=0.2595381526104418 R1ins=0.02130492676431425 R2=0.590882178804026 R3=0.532681420483788 | matched R1=0.0356425702811245 R3=0.07308286155429748 | diffAUROC=0.802
     base      FPR@p99 all=0.0765 R1=0.24949799196787148 R1ins=0.006657789613848202 R2=0.581409117821196 R3=0.5223880597014925 | matched R1=0.0356425702811245 R3=0.07308286155429748 | diffAUROC=0.800
     flags disagree mix-vs-near 44, d80-vs-near 227
