SWaT_canon: train 1616 windows, test 1498 (normal 1265, anomalies 233, difficult 91), clip=10.0, K=40, LD=16, kd=80
  seed 0 (9s) T6: recon=0.568 density=0.483 nearest=0.468 base=0.478 base+resid=0.478 LatAD=0.478 | R1 comps 12 (train frac 0.165) sizes {'all_normal': 1265, 'R1_rare_vade': 537, 'R1_rare_vade_insupport': 52, 'R2_lowpi_q25': 535, 'R3_rare_density80': 545}
     mixture   FPR@p99 all=0.6933 R1=0.9068901303538175 R1ins=0.038461538461538464 R2=0.9102803738317757 R3=0.9706422018348624 | matched R1=0.01303538175046555 R3=0.012844036697247707 | diffAUROC=0.469
     nearest   FPR@p99 all=0.6925 R1=0.9031657355679702 R1ins=0.0 R2=0.9065420560747663 R3=0.9688073394495413 | matched R1=0.01303538175046555 R3=0.012844036697247707 | diffAUROC=0.468
     tempered  FPR@p99 all=0.6917 R1=0.9031657355679702 R1ins=0.0 R2=0.9065420560747663 R3=0.9688073394495413 | matched R1=0.01303538175046555 R3=0.012844036697247707 | diffAUROC=0.469
     balanced  FPR@p99 all=0.6925 R1=0.9031657355679702 R1ins=0.0 R2=0.9065420560747663 R3=0.9688073394495413 | matched R1=0.01303538175046555 R3=0.012844036697247707 | diffAUROC=0.468
     density80 FPR@p99 all=0.8134 R1=0.9404096834264432 R1ins=0.40384615384615385 R2=0.9401869158878504 R3=0.9834862385321101 | matched R1=0.0148975791433892 R3=0.012844036697247707 | diffAUROC=0.483
     base      FPR@p99 all=0.7692 R1=0.9329608938547486 R1ins=0.3076923076923077 R2=0.9345794392523364 R3=0.9834862385321101 | matched R1=0.0148975791433892 R3=0.012844036697247707 | diffAUROC=0.478
     flags disagree mix-vs-near 3, d80-vs-near 169
SWaT_canon: train 1616 windows, test 1498 (normal 1265, anomalies 233, difficult 91), clip=10.0, K=40, LD=16, kd=80
  seed 1 (14s) T6: recon=0.570 density=0.465 nearest=0.496 base=0.474 base+resid=0.474 LatAD=0.474 | R1 comps 11 (train frac 0.142) sizes {'all_normal': 1265, 'R1_rare_vade': 107, 'R1_rare_vade_insupport': 37, 'R2_lowpi_q25': 75, 'R3_rare_density80': 448}
     mixture   FPR@p99 all=0.6640 R1=0.6635514018691588 R1ins=0.02702702702702703 R2=0.7733333333333333 R3=0.828125 | matched R1=0.018691588785046728 R3=0.020089285714285716 | diffAUROC=0.499
     nearest   FPR@p99 all=0.6664 R1=0.6542056074766355 R1ins=0.0 R2=0.76 R3=0.8325892857142857 | matched R1=0.018691588785046728 R3=0.020089285714285716 | diffAUROC=0.496
     tempered  FPR@p99 all=0.6648 R1=0.6635514018691588 R1ins=0.02702702702702703 R2=0.7733333333333333 R3=0.828125 | matched R1=0.018691588785046728 R3=0.020089285714285716 | diffAUROC=0.497
     balanced  FPR@p99 all=0.6656 R1=0.6542056074766355 R1ins=0.0 R2=0.76 R3=0.8325892857142857 | matched R1=0.018691588785046728 R3=0.020089285714285716 | diffAUROC=0.496
     density80 FPR@p99 all=0.8103 R1=0.8130841121495327 R1ins=0.5405405405405406 R2=0.8666666666666667 R3=0.9330357142857143 | matched R1=0.009345794392523364 R3=0.011160714285714286 | diffAUROC=0.465
     base      FPR@p99 all=0.7644 R1=0.7383177570093458 R1ins=0.2972972972972973 R2=0.8 R3=0.90625 | matched R1=0.018691588785046728 R3=0.017857142857142856 | diffAUROC=0.474
     flags disagree mix-vs-near 6, d80-vs-near 204
  seed 2 (8s) T6: recon=0.559 density=0.511 nearest=0.506 base=0.508 base+resid=0.508 LatAD=0.508 | R1 comps 15 (train frac 0.237) sizes {'all_normal': 1265, 'R1_rare_vade': 179, 'R1_rare_vade_insupport': 52, 'R2_lowpi_q25': 40, 'R3_rare_density80': 207}
     mixture   FPR@p99 all=0.7209 R1=0.7094972067039106 R1ins=0.0 R2=0.65 R3=0.9565217391304348 | matched R1=0.0111731843575419 R3=0.01932367149758454 | diffAUROC=0.506
     nearest   FPR@p99 all=0.7233 R1=0.7094972067039106 R1ins=0.0 R2=0.65 R3=0.9565217391304348 | matched R1=0.0111731843575419 R3=0.01932367149758454 | diffAUROC=0.506
     tempered  FPR@p99 all=0.7233 R1=0.7094972067039106 R1ins=0.0 R2=0.65 R3=0.9565217391304348 | matched R1=0.0111731843575419 R3=0.01932367149758454 | diffAUROC=0.506
     balanced  FPR@p99 all=0.7233 R1=0.7094972067039106 R1ins=0.0 R2=0.65 R3=0.9565217391304348 | matched R1=0.0111731843575419 R3=0.01932367149758454 | diffAUROC=0.506
     density80 FPR@p99 all=0.8150 R1=0.8268156424581006 R1ins=0.4230769230769231 R2=0.7 R3=0.966183574879227 | matched R1=0.01675977653631285 R3=0.033816425120772944 | diffAUROC=0.511
     base      FPR@p99 all=0.7787 R1=0.776536312849162 R1ins=0.25 R2=0.65 R3=0.9516908212560387 | matched R1=0.01675977653631285 R3=0.03864734299516908 | diffAUROC=0.508
     flags disagree mix-vs-near 3, d80-vs-near 126
  seed 3 (8s) T6: recon=0.567 density=0.459 nearest=0.441 base=0.455 base+resid=0.455 LatAD=0.455 | R1 comps 16 (train frac 0.225) sizes {'all_normal': 1265, 'R1_rare_vade': 89, 'R1_rare_vade_insupport': 28, 'R2_lowpi_q25': 38, 'R3_rare_density80': 215}
     mixture   FPR@p99 all=0.7130 R1=0.6853932584269663 R1ins=0.0 R2=0.6842105263157895 R3=0.8604651162790697 | matched R1=0.02247191011235955 R3=0.027906976744186046 | diffAUROC=0.441
     nearest   FPR@p99 all=0.7178 R1=0.6853932584269663 R1ins=0.0 R2=0.6842105263157895 R3=0.8604651162790697 | matched R1=0.02247191011235955 R3=0.027906976744186046 | diffAUROC=0.441
     tempered  FPR@p99 all=0.7138 R1=0.6853932584269663 R1ins=0.0 R2=0.6842105263157895 R3=0.8604651162790697 | matched R1=0.02247191011235955 R3=0.027906976744186046 | diffAUROC=0.441
     balanced  FPR@p99 all=0.7178 R1=0.6853932584269663 R1ins=0.0 R2=0.6842105263157895 R3=0.8604651162790697 | matched R1=0.02247191011235955 R3=0.027906976744186046 | diffAUROC=0.440
     density80 FPR@p99 all=0.7692 R1=0.7415730337078652 R1ins=0.32142857142857145 R2=0.7631578947368421 R3=0.8976744186046511 | matched R1=0.011235955056179775 R3=0.037209302325581395 | diffAUROC=0.459
     base      FPR@p99 all=0.7628 R1=0.7865168539325843 R1ins=0.32142857142857145 R2=0.8421052631578947 R3=0.9116279069767442 | matched R1=0.02247191011235955 R3=0.037209302325581395 | diffAUROC=0.455
     flags disagree mix-vs-near 9, d80-vs-near 100
  seed 4 (8s) T6: recon=0.569 density=0.474 nearest=0.462 base=0.469 base+resid=0.469 LatAD=0.469 | R1 comps 17 (train frac 0.231) sizes {'all_normal': 1265, 'R1_rare_vade': 599, 'R1_rare_vade_insupport': 91, 'R2_lowpi_q25': 326, 'R3_rare_density80': 262}
     mixture   FPR@p99 all=0.6901 R1=0.8497495826377296 R1ins=0.01098901098901099 R2=0.8374233128834356 R3=0.8549618320610687 | matched R1=0.01669449081803005 R3=0.030534351145038167 | diffAUROC=0.464
     nearest   FPR@p99 all=0.6964 R1=0.8480801335559266 R1ins=0.0 R2=0.8343558282208589 R3=0.8625954198473282 | matched R1=0.01669449081803005 R3=0.030534351145038167 | diffAUROC=0.462
     tempered  FPR@p99 all=0.6957 R1=0.8480801335559266 R1ins=0.0 R2=0.8343558282208589 R3=0.8625954198473282 | matched R1=0.01669449081803005 R3=0.030534351145038167 | diffAUROC=0.463
     balanced  FPR@p99 all=0.6972 R1=0.8480801335559266 R1ins=0.0 R2=0.8343558282208589 R3=0.8625954198473282 | matched R1=0.01669449081803005 R3=0.030534351145038167 | diffAUROC=0.462
     density80 FPR@p99 all=0.8055 R1=0.9081803005008348 R1ins=0.3956043956043956 R2=0.8926380368098159 R3=0.9351145038167938 | matched R1=0.01335559265442404 R3=0.015267175572519083 | diffAUROC=0.474
     base      FPR@p99 all=0.7708 R1=0.8914858096828047 R1ins=0.2857142857142857 R2=0.8773006134969326 R3=0.9274809160305344 | matched R1=0.015025041736227046 R3=0.026717557251908396 | diffAUROC=0.469
     flags disagree mix-vs-near 11, d80-vs-near 157
