
====================================================================================================
HAI
====================================================================================================
  refs: regime spread=2.383  train 1NN LOO median=1.352 p99=2.820  PCA k=13/51  SPE p99=10.30
  [OK] median SPE of test normals / train p99 = 0.63
  [OK] anomalies have larger median SPE than normals (119.3 vs 6.4)

  === HAI @ train99_mix: thr=31.951 flagged=1706 (y1=551, y0=1155; FPR=0.0815, TPR=0.845)
   cid  size   y1%        t0..t1  blk   run  cons   coh  d1nn  inrg    SPE     T2  corr  reg  verdict
     8   716     1   3641..7078      8   647  0.98  1.48   9.6    92   0.33    0.9  0.82   21  NEW-NORMAL
    -1   492    62    320..14769   117    15  0.68  6.22   6.9    94   4.65    1.0  0.64   21  ANOMALY(noise)
    10   186     1    601..10014    60    14  0.55  1.52   2.5    90   2.73    1.2  0.82   19  ANOMALY
     4    76   100  12578..12653     1    76  0.99  1.17  17.4    91 189.92    6.7  0.43   21  ANOMALY
     7    70    19    363..14770    40    10  0.43  2.22   2.6    98   1.50    1.1  0.66   35  ANOMALY
     0    35   100   2833..12768     7    13  0.80 528461682834686.06 1283224710468138.5    85  27.75    2.5  0.48   21  ANOMALY
     2    27   100    660..12049    13     5  0.44 38.39  74.3    89  18.20    2.8  0.66   21  ANOMALY
     6    25   100   5488..12309     4     7  0.84  1.51  15.3    98 186.52    2.3  0.57   21  ANOMALY
     3    22    95    326..14762    12     3  0.45  4.06  19.1    91  18.26    2.3  0.58   21  ANOMALY
     1    21   100   5485..12663    12     2  0.43  7.43  35.1    97  57.79    1.2  0.51   21  ANOMALY
     5    20   100   3301..6060      2    10  0.90  1.36  13.7   100   0.57    0.4  0.58   21  ANOMALY
     9    16     0     80..14561    15     2  0.06  1.15   1.7    99   1.09    0.4  0.65   35  ANOMALY
  summary: NEW-NORMAL clusters=1 windows=716 (y0 share=0.9888268156424581); ANOMALY windows=990 (y1 share=0.5484848484848485); FPR 0.0815 -> 0.0316; TPR 0.845 -> 0.833
  ref block 6436..7081: flagged 645/646; cluster coverage {-1: {'block_members': 3, 'cluster_size': 492, 'purity': 0.006097560975609756}, 8: {'block_members': 642, 'cluster_size': 716, 'purity': 0.8966480446927374}}

  === HAI @ latad_fpr1: thr=21.351 flagged=548 (y1=406, y0=142; FPR=0.0100, TPR=0.623)
   cid  size   y1%        t0..t1  blk   run  cons   coh  d1nn  inrg    SPE     T2  corr  reg  verdict
    -1   179    78    323..14765    58    13  0.60 10.65  15.1    92  16.21    1.6  0.60   21  ANOMALY(noise)
     8   102     5    661..12041    53     6  0.34  1.61   9.9    92   0.31    0.9  0.82   21  ANOMALY
     2    76   100  12578..12653     1    76  0.99  1.17  17.4    91 189.92    6.7  0.43   21  ANOMALY
     0    35   100   2833..12768     7    13  0.80 528461682834686.06 1283224710468138.5    85  27.75    2.5  0.48   21  ANOMALY
     6    35    83    326..14762    19     3  0.43  5.28  16.9    91  16.43    2.3  0.59   21  ANOMALY
     5    28   100    320..14767    18     3  0.36  3.66  11.5    93   9.81    1.5  0.58   11  ANOMALY
     7    27   100    660..12049    13     5  0.44 38.39  74.3    89  18.20    2.8  0.66   21  ANOMALY
     3    25   100   5488..12309     4     7  0.84  1.51  15.3    98 186.52    2.3  0.57   21  ANOMALY
     1    21   100   5485..12663    12     2  0.43  7.43  35.1    97  57.79    1.2  0.51   21  ANOMALY
     4    20   100   3301..6060      2    10  0.90  1.36  13.7   100   0.57    0.4  0.58   21  ANOMALY
  summary: NEW-NORMAL clusters=0 windows=0 (y0 share=None); ANOMALY windows=548 (y1 share=0.7408759124087592); FPR 0.0100 -> 0.0100; TPR 0.623 -> 0.623
  ref block 6436..7081: flagged 89/646; cluster coverage {-1: {'block_members': 2, 'cluster_size': 179, 'purity': 0.0111731843575419}, 8: {'block_members': 87, 'cluster_size': 102, 'purity': 0.8529411764705882}}

  === HAI @ latad_fpr5: thr=19.186 flagged=1133 (y1=424, y0=709; FPR=0.0500, TPR=0.650)
   cid  size   y1%        t0..t1  blk   run  cons   coh  d1nn  inrg    SPE     T2  corr  reg  verdict
     8   674     2    661..12041    13   623  0.94  1.48   9.6    92   0.33    0.9  0.85   21  NEW-NORMAL
    -1   184    77    359..14765    63    13  0.59 10.55  15.0    92  15.53    1.6  0.60   21  ANOMALY(noise)
     2    76   100  12578..12653     1    76  0.99  1.17  17.4    91 189.92    6.7  0.43   21  ANOMALY
     6    39    85    325..14762    21     4  0.44  5.63  15.0    90  16.43    2.3  0.60   21  ANOMALY
     0    35   100   2833..12768     7    13  0.80 528461682834686.06 1283224710468138.5    85  27.75    2.5  0.48   21  ANOMALY
     5    34   100    320..14767    18     5  0.47  4.01  10.9    92  10.81    1.8  0.57   21  ANOMALY
     7    26   100    660..12049    13     5  0.46 44.30  83.5    89  29.78    2.8  0.66   21  ANOMALY
     3    25   100   5488..12309     4     7  0.84  1.51  15.3    98 186.52    2.3  0.57   21  ANOMALY
     1    20   100   5485..12663    11     2  0.45  7.40  35.2    97  60.30    1.3  0.50   21  ANOMALY
     4    20   100   3301..6060      2    10  0.90  1.36  13.7   100   0.57    0.4  0.58   21  ANOMALY
  summary: NEW-NORMAL clusters=1 windows=674 (y0 share=0.9807121661721068); ANOMALY windows=459 (y1 share=0.8954248366013072); FPR 0.0500 -> 0.0034; TPR 0.650 -> 0.630
  ref block 6436..7081: flagged 619/646; cluster coverage {-1: {'block_members': 2, 'cluster_size': 184, 'purity': 0.010869565217391304}, 8: {'block_members': 617, 'cluster_size': 674, 'purity': 0.9154302670623146}}

====================================================================================================
WADI
====================================================================================================
  refs: regime spread=2.792  train 1NN LOO median=0.846 p99=4.569  PCA k=36/93  SPE p99=18.95
  [OK] median SPE of test normals / train p99 = 2.14
  [OK] anomalies have larger median SPE than normals (45.3 vs 40.5)

  === WADI @ train99_mix: thr=34.307 flagged=24 (y1=22, y0=2; FPR=0.0039, TPR=0.393)
   cid  size   y1%        t0..t1  blk   run  cons   coh  d1nn  inrg    SPE     T2  corr  reg  verdict
     0     8   100    204..490       3     4  0.50 13040290.57 71528293.2    96   2.34    0.9   nan   19  ANOMALY
     1     6   100    283..503       2     4  0.50 2670085.39 68542651.3    97   4.48    2.9   nan   19  ANOMALY
    -1     5    80    206..506       3     2  0.20 6782592.50 37480031.0    97   3.63    2.9   nan   19  ANOMALY(noise)
     2     5    80    285..505       2     4  0.40 4963158.82 39802705.1    96   3.22    2.9   nan   19  ANOMALY
  summary: NEW-NORMAL clusters=0 windows=0 (y0 share=None); ANOMALY windows=24 (y1 share=0.9166666666666666); FPR 0.0039 -> 0.0039; TPR 0.393 -> 0.393

  === WADI @ latad_fpr1: thr=4.403 flagged=29 (y1=23, y0=6; FPR=0.0116, TPR=0.411)
   cid  size   y1%        t0..t1  blk   run  cons   coh  d1nn  inrg    SPE     T2  corr  reg  verdict
     0     8    38    155..518       5     2  0.38  3.24   6.5    97   3.05    1.1   nan   19  ANOMALY
     1     8   100    204..490       3     4  0.50 13040290.57 71528293.2    96   2.34    0.9   nan   19  ANOMALY
     2     6   100    283..503       2     4  0.50 2670085.39 68542651.3    97   4.48    2.9   nan   19  ANOMALY
     3     5    80    285..505       2     4  0.40 4963158.82 39802705.1    96   3.22    2.9   nan   19  ANOMALY
    -1     2   100    491..506       2     1  0.00 8773708.83 33690947.3    98   3.16    2.9   nan   19  ANOMALY(noise)
  summary: NEW-NORMAL clusters=0 windows=0 (y0 share=None); ANOMALY windows=29 (y1 share=0.7931034482758621); FPR 0.0116 -> 0.0116; TPR 0.411 -> 0.411

  === WADI @ latad_fpr5: thr=2.836 flagged=55 (y1=29, y0=26; FPR=0.0501, TPR=0.518)
   cid  size   y1%        t0..t1  blk   run  cons   coh  d1nn  inrg    SPE     T2  corr  reg  verdict
     0    35    29    154..562      17     9  0.43  2.99   4.2    98   2.33    2.9  0.95   19  ANOMALY
     1     8   100    204..490       3     4  0.50 13040290.57 71528293.2    96   2.34    0.9   nan   19  ANOMALY
     2     6   100    283..503       2     4  0.50 2670085.39 68542651.3    97   4.48    2.9   nan   19  ANOMALY
     3     5    80    285..505       2     4  0.40 4963158.82 39802705.1    96   3.22    2.9   nan   19  ANOMALY
    -1     1   100    491..491       1     1  0.00  0.00 37480031.0    98   3.63    3.0   nan   19  ANOMALY(noise)
  summary: NEW-NORMAL clusters=0 windows=0 (y0 share=None); ANOMALY windows=55 (y1 share=0.5272727272727272); FPR 0.0501 -> 0.0501; TPR 0.518 -> 0.518

====================================================================================================
SWaT
====================================================================================================
  refs: regime spread=0.919  train 1NN LOO median=0.060 p99=1.292  PCA k=15/43  SPE p99=10.19
  [OK] median SPE of test normals / train p99 = 0.11
  [OK] anomalies have larger median SPE than normals (723.1 vs 1.1)

  === SWaT @ train99_mix: thr=26.975 flagged=163 (y1=163, y0=0; FPR=0.0000, TPR=0.896)
   cid  size   y1%        t0..t1  blk   run  cons   coh  d1nn  inrg    SPE     T2  corr  reg  verdict
     2   105   100    959..1063      1   105  0.99  0.22  66.5    95  71.32    4.4 -0.09   33  ANOMALY
     1    36   100    905..1082      6    10  0.81  8.99  54.9    97   5.33    0.4  0.65   15  ANOMALY
     0    12   100    908..1074      5     3  0.50 29.22 527.8    97  16.80  388.0  0.75   19  ANOMALY
    -1    10   100    936..1067      4     3  0.50 28295900.12 861795104.3    96  78.44 1552.0  0.67    8  ANOMALY(noise)
  summary: NEW-NORMAL clusters=0 windows=0 (y0 share=None); ANOMALY windows=163 (y1 share=1.0); FPR 0.0000 -> 0.0000; TPR 0.896 -> 0.896

  === SWaT @ latad_fpr1: thr=5.259 flagged=181 (y1=171, y0=10; FPR=0.0110, TPR=0.940)
   cid  size   y1%        t0..t1  blk   run  cons   coh  d1nn  inrg    SPE     T2  corr  reg  verdict
     2   105   100    959..1063      1   105  0.99  0.22  66.5    95  71.32    4.4 -0.09   33  ANOMALY
     1    54    81    265..1086     15    22  0.67  6.14  40.3    98   1.75    0.3  0.69   15  ANOMALY
     0    12   100    908..1074      5     3  0.50 29.22 527.8    97  16.80  388.0  0.75   19  ANOMALY
    -1    10   100    936..1067      4     3  0.50 28295900.12 861795104.3    96  78.44 1552.0  0.67    8  ANOMALY(noise)
  summary: NEW-NORMAL clusters=0 windows=0 (y0 share=None); ANOMALY windows=181 (y1 share=0.9447513812154696); FPR 0.0110 -> 0.0110; TPR 0.940 -> 0.940

  === SWaT @ latad_fpr5: thr=3.300 flagged=223 (y1=177, y0=46; FPR=0.0508, TPR=0.973)
   cid  size   y1%        t0..t1  blk   run  cons   coh  d1nn  inrg    SPE     T2  corr  reg  verdict
     1   105   100    959..1063      1   105  0.99  0.22  66.5    95  71.32    4.4 -0.09   33  ANOMALY
    -1    63    83    385..1082     10    29  0.73  7.05  45.8    98   4.35    0.3  0.72   29  ANOMALY(noise)
     3    16    50    113..1086     12     4  0.25  1.48  10.0   100   0.14    0.1  0.20   21  ANOMALY
     2    14     0     51..872      14     1  0.00  0.15   6.8   100   0.43    0.1  0.13   24  ANOMALY
     4    13     0    152..874      13     1  0.00  0.20  16.2   100   0.31    0.1  0.13    3  ANOMALY
     0    12   100    908..1074      5     3  0.50 29.22 527.8    97  16.80  388.0  0.75   19  ANOMALY
  summary: NEW-NORMAL clusters=0 windows=0 (y0 share=None); ANOMALY windows=223 (y1 share=0.7937219730941704); FPR 0.0508 -> 0.0508; TPR 0.973 -> 0.973

saved nr_discovery.json
